                                                                                     
                              ABACUS v3.11.0-beta.2

               Atomic-orbital Based Ab-initio Computation at UStc                    

                     Website: http://abacus.ustc.edu.cn/                             
               Documentation: https://abacus.deepmodeling.com/                       
                  Repository: https://github.com/abacusmodeling/abacus-develop       
                              https://github.com/deepmodeling/abacus-develop         
                      Commit: 23947d864 (Fri May 15 19:02:20 2026 +0800)

 Sat May 23 21:39:30 2026
 MAKE THE DIR         : OUT.autotest/
Error: Number of processes (1) must be greater than the number of groups (2).
 
 ---------------------------------------------------------
                         !NOTICE!                         
 ---------------------------------------------------------
 
 Number of processes must be greater than the number of groups.
 CHECK IN FILE : OUT.autotest/warning.log
 
 For detailed manual of ABACUS, please see the website
 https://abacus.deepmodeling.com
 For any questions, propose issues on the website
 https://github.com/deepmodeling/abacus-develop/issues
 ---------------------------------------------------------
                         !NOTICE!                         
 ---------------------------------------------------------

 TIME STATISTICS
-----------------------------------------------------
 CLASS_NAME    NAME    TIME/s  CALLS   AVG/s  PER/%  
-----------------------------------------------------
            total      1.70   1        1.70   100.00 
-----------------------------------------------------

 See output information in : OUT.autotest/
