                                                                                     
                              ABACUS v3.11.0-beta.2

               Atomic-orbital Based Ab-initio Computation at UStc                    

                     Website: http://abacus.ustc.edu.cn/                             
               Documentation: https://abacus.deepmodeling.com/                       
                  Repository: https://github.com/abacusmodeling/abacus-develop       
                              https://github.com/deepmodeling/abacus-develop         
                      Commit: 23947d864 (Fri May 15 19:02:20 2026 +0800)

 Sat May 23 21:40:07 2026
 MAKE THE DIR         : OUT.autotest/
 RUNNING WITH DEVICE  : CPU / Intel(R) Core(TM) i7-14650HX (x1)
 WARNING: some of potential function is set to zero cause of less than 1e-30.
 UNIFORM GRID DIM     : 36 * 36 * 36
 UNIFORM GRID DIM(BIG): 36 * 36 * 36
 DONE(1.44283    SEC) : SYMMETRY
 DONE(1.44394    SEC) : SETUP UNITCELL
 DONE(1.52026    SEC) : INIT K-POINTS
 ----------------------------------------------------------------
 Self-consistent calculations for electrons
 ----------------------------------------------------------------
 SPIN    KPOINTS         PROCESSES   THREADS/PROC  THREADS/TOTAL 
 1       3               2           4             8             
 ----------------------------------------------------------------
 Use plane wave basis
 ----------------------------------------------------------------
 ELEMENT NATOM       
 Si      2           
 ----------------------------------------------------------------
 Initial plane wave basis and FFT box
 ----------------------------------------------------------------
 DONE(1.53683    SEC) : INIT PLANEWAVE
 START CHARGE         : ATOMIC
 DONE(1.54474    SEC) : LOCAL POTENTIAL
 DONE(1.55143    SEC) : NON-LOCAL POTENTIAL
 MEMORY FOR PSI (MB)  : 0.381775
 DONE(1.561      SEC) : INIT BASIS

 ================================================================
 SELF-CONSISTENT: 
 ================================================================
 DONE(1.59526    SEC) : INIT SCF
 ITER       ETOT/eV          EDIFF/eV         DRHO     TIME/s
 CG1     -2.12980305e+02   0.00000000e+00   1.1856e-01   0.04
 CG2     -2.13076164e+02  -9.58586936e-02   3.7452e-03   0.04
 CG3     -2.13082028e+02  -5.86397298e-03   4.3413e-05   0.04
 CG4     -2.13082361e+02  -3.33752087e-04   1.9864e-06   0.04
 CG5     -2.13082366e+02  -4.13096928e-06   7.9519e-08   0.04
 CG6     -2.13082366e+02  -2.02172496e-07   1.5407e-10   0.04
 CG7     -2.13082366e+02  -2.24895838e-09   7.4105e-12   0.05
 CG8     -2.13082366e+02  -3.44160504e-11   1.9258e-13   0.04
 CG9     -2.13082366e+02   1.90931740e-12   1.0858e-14   0.04
 CG10    -2.27759961e+02  -1.46775948e+01   1.9556e-02   0.12
 CG11    -2.13082366e+02   1.46775948e+01   6.7637e-17   0.09
 CG12    -2.25491885e+02  -1.24095189e+01   2.7371e-02   0.14
 CG13    -2.37401357e+02  -1.19094728e+01   2.1893e-02   0.24
 CG14    -2.32706278e+02   4.69507898e+00   2.6787e-02   0.22
 CG15    -2.42631142e+02  -9.92486355e+00   4.2421e-02   0.25
 CG16    -2.25856968e+02   1.67741741e+01   1.4687e-01   0.27
 CG17    -2.32203945e+02  -6.34697704e+00   5.4925e-02   0.21
 CG18    -2.28424228e+02   3.77971667e+00   7.1105e-02   0.29
 CG19    -2.47177245e+02  -1.87530172e+01   3.1091e-02   0.26
 CG20    -2.35623158e+02   1.15540873e+01   7.9082e-03   0.37
 !!SCF IS NOT CONVERGED!!

 TIME STATISTICS
-----------------------------------------------------------------
   CLASS_NAME          NAME        TIME/s  CALLS   AVG/s  PER/%  
-----------------------------------------------------------------
                 total             4.45   17       0.26   100.00 
 Driver          atomic_world      4.45   1        4.45   100.00 
 Driver          reading           1.12   1        1.12   25.11  
 Relax_Driver    relax_driver      2.89   1        2.89   64.93  
 ESolver_KS      runner            2.89   1        2.89   64.86  
 Operator        hPsi              2.38   4020     0.00   53.40  
 Operator        veff_pw           2.30   4020     0.00   51.68  
 PW_Basis_K      recip2real        1.24   4464     0.00   27.92  
 PW_Basis_K      real2recip        1.10   4224     0.00   24.59  
 Operator        nonlocal_pw       0.06   4020     0.00   1.43   
 ESolver_KS_PW   hamilt2rho_single 2.67   20       0.13   60.03  
 HSolverPW       solve             2.63   20       0.13   59.14  
 HSolverPW       solve_psik        2.54   40       0.06   56.93  
 DiagoCG         diag_once         2.40   40       0.06   53.85  
 ElecStatePW     psiToRho          0.08   20       0.00   1.80   
 DiagoIterAssist diag_subspace     0.14   38       0.00   3.03   
 ModuleIO        write_rhog        0.05   1        0.05   1.11   
-----------------------------------------------------------------


 START  Time  : Sat May 23 21:40:07 2026
 FINISH Time  : Sat May 23 21:40:11 2026
 TOTAL  Time  : 4
 SEE INFORMATION IN : OUT.autotest/
