                                                                                     
                              ABACUS v3.11.0-beta.2

               Atomic-orbital Based Ab-initio Computation at UStc                    

                     Website: http://abacus.ustc.edu.cn/                             
               Documentation: https://abacus.deepmodeling.com/                       
                  Repository: https://github.com/abacusmodeling/abacus-develop       
                              https://github.com/deepmodeling/abacus-develop         
                      Commit: 23947d864 (Fri May 15 19:02:20 2026 +0800)

 Sat May 23 21:40:02 2026
 MAKE THE DIR         : OUT.autotest/
 RUNNING WITH DEVICE  : CPU / Intel(R) Core(TM) i7-14650HX (x1)
 WARNING: some of potential function is set to zero cause of less than 1e-30.
 UNIFORM GRID DIM     : 36 * 36 * 36
 UNIFORM GRID DIM(BIG): 36 * 36 * 36
 DONE(1.41105    SEC) : SYMMETRY
 DONE(1.41162    SEC) : SETUP UNITCELL
 DONE(1.48598    SEC) : INIT K-POINTS
 ----------------------------------------------------------------
 Self-consistent calculations for electrons
 ----------------------------------------------------------------
 SPIN    KPOINTS         PROCESSES   THREADS/PROC  THREADS/TOTAL 
 1       3               2           4             8             
 ----------------------------------------------------------------
 Use plane wave basis
 ----------------------------------------------------------------
 ELEMENT NATOM       
 Si      2           
 ----------------------------------------------------------------
 Initial plane wave basis and FFT box
 ----------------------------------------------------------------
 DONE(1.51263    SEC) : INIT PLANEWAVE
 START CHARGE         : ATOMIC
 DONE(1.52086    SEC) : LOCAL POTENTIAL
 DONE(1.52886    SEC) : NON-LOCAL POTENTIAL
 MEMORY FOR PSI (MB)  : 0.381775
 DONE(1.54106    SEC) : INIT BASIS

 ================================================================
 SELF-CONSISTENT: 
 ================================================================
 DONE(1.56464    SEC) : INIT SCF
 ITER       ETOT/eV          EDIFF/eV         DRHO     TIME/s
 CG1     -2.12980305e+02   0.00000000e+00   1.1856e-01   0.03
 CG2     -2.13076164e+02  -9.58586936e-02   3.7452e-03   0.03
 CG3     -2.13082028e+02  -5.86397298e-03   4.3413e-05   0.03
 CG4     -2.13082361e+02  -3.33752087e-04   1.9864e-06   0.05
 CG5     -2.13082366e+02  -4.13096846e-06   7.9519e-08   0.04
 CG6     -2.13082366e+02  -2.02176460e-07   1.5407e-10   0.04
 CG7     -2.13082366e+02  -2.24492223e-09   7.4107e-12   0.05
 CG8     -2.13082366e+02  -3.48510847e-11   1.9259e-13   0.03
 CG9     -2.13082366e+02   6.28382942e-13   1.1179e-14   0.04
 CG10    -2.19970882e+02  -6.88851591e+00   3.1302e-02   0.10
 CG11    -2.18951623e+02   1.01925898e+00   6.3666e-02   0.15
 CG12    -2.17809057e+02   1.14256604e+00   3.0631e-02   0.11
 CG13    -2.13082366e+02   4.72669090e+00   8.2362e-17   0.05
 CG14    -2.27695366e+02  -1.46130005e+01   1.0055e-01   0.15
 CG15    -2.39839371e+02  -1.21440049e+01   1.7611e-01   0.22
 CG16    -2.34857953e+02   4.98141805e+00   1.6207e-01   0.25
