                                                                                     
                              ABACUS v3.11.0-beta.2

               Atomic-orbital Based Ab-initio Computation at UStc                    

                     Website: http://abacus.ustc.edu.cn/                             
               Documentation: https://abacus.deepmodeling.com/                       
                  Repository: https://github.com/abacusmodeling/abacus-develop       
                              https://github.com/deepmodeling/abacus-develop         
                      Commit: 23947d864 (Fri May 15 19:02:20 2026 +0800)

 Sat May 23 21:39:58 2026
 MAKE THE DIR         : OUT.autotest/
 RUNNING WITH DEVICE  : CPU / Intel(R) Core(TM) i7-14650HX (x1)
 WARNING: some of potential function is set to zero cause of less than 1e-30.
 UNIFORM GRID DIM     : 36 * 36 * 36
 UNIFORM GRID DIM(BIG): 36 * 36 * 36
 DONE(0.420564   SEC) : SYMMETRY
 DONE(0.42102    SEC) : SETUP UNITCELL
 DONE(0.482423   SEC) : INIT K-POINTS
 ----------------------------------------------------------------
 Self-consistent calculations for electrons
 ----------------------------------------------------------------
 SPIN    KPOINTS         PROCESSES   THREADS/PROC  THREADS/TOTAL 
 1       3               4           2             8             
 ----------------------------------------------------------------
 Use plane wave basis
 ----------------------------------------------------------------
 ELEMENT NATOM       
 Si      2           
 ----------------------------------------------------------------
 Initial plane wave basis and FFT box
 ----------------------------------------------------------------
 DONE(0.495589   SEC) : INIT PLANEWAVE
 START CHARGE         : ATOMIC
 DONE(0.502418   SEC) : LOCAL POTENTIAL
 DONE(0.512099   SEC) : NON-LOCAL POTENTIAL
 MEMORY FOR PSI (MB)  : 0.190247
 DONE(0.521648   SEC) : INIT BASIS

 ================================================================
 SELF-CONSISTENT: 
 ================================================================
 DONE(0.536784   SEC) : INIT SCF
 ITER       ETOT/eV          EDIFF/eV         DRHO     TIME/s
 CG1     -2.12980305e+02   0.00000000e+00   1.1856e-01   0.03
 CG2     -2.13076164e+02  -9.58586936e-02   3.7452e-03   0.03
 CG3     -2.13082028e+02  -5.86397297e-03   4.3413e-05   0.02
 CG4     -2.13082361e+02  -3.33752089e-04   1.9864e-06   0.03
 CG5     -2.13082366e+02  -4.13096831e-06   7.9519e-08   0.03
 CG6     -2.13082366e+02  -2.02174236e-07   1.5407e-10   0.02
 CG7     -2.13082366e+02  -2.24944175e-09   7.4106e-12   0.03
 CG8     -2.13082366e+02  -3.04524041e-11   1.9254e-13   0.02
 CG9     -2.13082366e+02   2.41685747e-14   1.0384e-14   0.03
 CG10    -2.13511555e+02  -4.29189113e-01   2.1799e-02   0.05
 CG11    -2.25074417e+02  -1.15628619e+01   3.8305e-02   0.11
 CG12    -2.30217372e+02  -5.14295571e+00   9.7911e-02   0.12
 CG13    -2.18356469e+02   1.18609034e+01   2.8960e-02   0.11
 CG14    -2.16049319e+02   2.30715052e+00   2.8563e-02   0.06
 CG15    -2.14748678e+02   1.30064043e+00   2.3397e-03   0.06
 CG16    -2.19965145e+02  -5.21646696e+00   8.9332e-04   0.10
 CG17    -2.13082366e+02   6.88277932e+00   2.9373e-15   0.06
 CG18    -2.25810062e+02  -1.27276960e+01   1.5375e-01   0.13
 CG19    -2.13492272e+02   1.23177898e+01   9.4911e-03   0.08
 CG20    -2.36246623e+02  -2.27543509e+01   1.2312e-01   0.21
 !!SCF IS NOT CONVERGED!!

 TIME STATISTICS
-----------------------------------------------------------------
   CLASS_NAME          NAME        TIME/s  CALLS   AVG/s  PER/%  
-----------------------------------------------------------------
                 total             1.92   17       0.11   100.00 
 Driver          atomic_world      1.92   1        1.92   100.00 
 Driver          reading           0.31   1        0.31   16.13  
 Symmetry        analy_sys         0.03   1        0.03   1.59   
 Relax_Driver    relax_driver      1.40   1        1.40   72.76  
 ESolver_KS      runner            1.39   1        1.39   72.66  
 Potential       cal_veff          0.02   21       0.00   1.26   
 PW_Basis_Sup    real2recip        0.02   83       0.00   1.25   
 Symmetry_rho    begin             0.04   21       0.00   2.07   
 Symmetry        rhog_symmetry     0.02   21       0.00   1.10   
 Operator        hPsi              1.00   2708     0.00   52.32  
 Operator        veff_pw           0.96   2708     0.00   49.82  
 PW_Basis_K      recip2real        0.48   3152     0.00   24.78  
 PW_Basis_K      real2recip        0.51   2912     0.00   26.35  
 Operator        nonlocal_pw       0.04   2708     0.00   2.19   
 ESolver_KS_PW   hamilt2rho_single 1.20   20       0.06   62.80  
 HSolverPW       solve             1.17   20       0.06   60.84  
 HSolverPW       solve_psik        1.10   40       0.03   57.27  
 DiagoCG         diag_once         1.01   40       0.03   52.58  
 ElecStatePW     psiToRho          0.05   20       0.00   2.71   
 DiagoIterAssist diag_subspace     0.09   38       0.00   4.52   
 ModuleIO        write_rhog        0.06   1        0.06   3.35   
-----------------------------------------------------------------


 START  Time  : Sat May 23 21:39:58 2026
 FINISH Time  : Sat May 23 21:40:00 2026
 TOTAL  Time  : 2
 SEE INFORMATION IN : OUT.autotest/
