Info: Local MPI proc number: 4,OpenMP thread number: 2,Total thread number: 8,Local thread limit: 24
	Command being timed: "/usr/bin/mpirun --bind-to none -np 4 /mnt/d/__Coding__/github/abacus-develop/build_baseline/abacus_pw_para"
	User time (seconds): 14.46
	System time (seconds): 4.77
	Percent of CPU this job got: 640%
	Elapsed (wall clock) time (h:mm:ss or m:ss): 0:03.00
	Average shared text size (kbytes): 0
	Average unshared data size (kbytes): 0
	Average stack size (kbytes): 0
	Average total size (kbytes): 0
	Maximum resident set size (kbytes): 36484
	Average resident set size (kbytes): 0
	Major (requiring I/O) page faults: 306
	Minor (reclaiming a frame) page faults: 22656
	Voluntary context switches: 6810
	Involuntary context switches: 451
	Swaps: 0
	File system inputs: 10544
	File system outputs: 200
	Socket messages sent: 0
	Socket messages received: 0
	Signals delivered: 0
	Page size (bytes): 4096
	Exit status: 0
