                                                                                     
                              ABACUS v3.11.0-beta.2

               Atomic-orbital Based Ab-initio Computation at UStc                    

                     Website: http://abacus.ustc.edu.cn/                             
               Documentation: https://abacus.deepmodeling.com/                       
                  Repository: https://github.com/abacusmodeling/abacus-develop       
                              https://github.com/deepmodeling/abacus-develop         
                      Commit: 23947d864 (Fri May 15 19:02:20 2026 +0800)

 Sat May 23 21:39:49 2026
 MAKE THE DIR         : OUT.autotest/
 RUNNING WITH DEVICE  : CPU / Intel(R) Core(TM) i7-14650HX (x1)
 WARNING: some of potential function is set to zero cause of less than 1e-30.
 UNIFORM GRID DIM     : 36 * 36 * 36
 UNIFORM GRID DIM(BIG): 36 * 36 * 36
 DONE(0.973219   SEC) : SYMMETRY
 DONE(0.974135   SEC) : SETUP UNITCELL
 DONE(1.10445    SEC) : INIT K-POINTS
 ----------------------------------------------------------------
 Self-consistent calculations for electrons
 ----------------------------------------------------------------
 SPIN    KPOINTS         PROCESSES   THREADS/PROC  THREADS/TOTAL 
 1       3               4           2             8             
 ----------------------------------------------------------------
 Use plane wave basis
 ----------------------------------------------------------------
 ELEMENT NATOM       
 Si      2           
 ----------------------------------------------------------------
 Initial plane wave basis and FFT box
 ----------------------------------------------------------------
 DONE(1.13793    SEC) : INIT PLANEWAVE
 START CHARGE         : ATOMIC
 DONE(1.14528    SEC) : LOCAL POTENTIAL
 DONE(1.16622    SEC) : NON-LOCAL POTENTIAL
 MEMORY FOR PSI (MB)  : 0.190247
 DONE(1.17574    SEC) : INIT BASIS

 ================================================================
 SELF-CONSISTENT: 
 ================================================================
 DONE(1.1933     SEC) : INIT SCF
 ITER       ETOT/eV          EDIFF/eV         DRHO     TIME/s
 CG1     -2.12980305e+02   0.00000000e+00   1.1856e-01   0.03
 CG2     -2.13076164e+02  -9.58586936e-02   3.7452e-03   0.02
 CG3     -2.13082028e+02  -5.86397297e-03   4.3413e-05   0.02
 CG4     -2.13082361e+02  -3.33752089e-04   1.9864e-06   0.02
 CG5     -2.13082366e+02  -4.13096831e-06   7.9519e-08   0.02
 CG6     -2.13082366e+02  -2.02174236e-07   1.5407e-10   0.04
 CG7     -2.13082366e+02  -2.24944175e-09   7.4106e-12   0.03
 CG8     -2.13082366e+02  -3.04524041e-11   1.9254e-13   0.02
 CG9     -2.13082366e+02   2.41685747e-14   1.0384e-14   0.03
 CG10    -2.13511555e+02  -4.29189113e-01   2.1799e-02   0.05
 CG11    -2.25074417e+02  -1.15628619e+01   3.8305e-02   0.10
 CG12    -2.30217372e+02  -5.14295571e+00   9.7911e-02   0.12
 CG13    -2.18356469e+02   1.18609034e+01   2.8960e-02   0.11
 CG14    -2.16049319e+02   2.30715052e+00   2.8563e-02   0.06
 CG15    -2.14748678e+02   1.30064043e+00   2.3397e-03   0.07
 CG16    -2.19965145e+02  -5.21646696e+00   8.9332e-04   0.08
 CG17    -2.13082366e+02   6.88277932e+00   2.9373e-15   0.06
 CG18    -2.25810062e+02  -1.27276960e+01   1.5375e-01   0.13
 CG19    -2.13492272e+02   1.23177898e+01   9.4911e-03   0.09
 CG20    -2.36246623e+02  -2.27543509e+01   1.2312e-01   0.20
 !!SCF IS NOT CONVERGED!!

 TIME STATISTICS
-----------------------------------------------------------------
   CLASS_NAME          NAME        TIME/s  CALLS   AVG/s  PER/%  
-----------------------------------------------------------------
                 total             2.53   17       0.15   100.00 
 Driver          atomic_world      2.53   1        2.53   100.00 
 Driver          reading           0.66   1        0.66   26.22  
 Symmetry        analy_sys         0.11   1        0.11   4.48   
 Relax_Driver    relax_driver      1.36   1        1.36   53.56  
 ESolver_KS      runner            1.36   1        1.36   53.49  
 Symmetry_rho    begin             0.04   21       0.00   1.50   
 Operator        hPsi              1.00   2708     0.00   39.54  
 Operator        veff_pw           0.96   2708     0.00   38.07  
 PW_Basis_K      recip2real        0.47   3152     0.00   18.57  
 PW_Basis_K      real2recip        0.51   2912     0.00   20.17  
 Operator        nonlocal_pw       0.03   2708     0.00   1.26   
 ESolver_KS_PW   hamilt2rho_single 1.18   20       0.06   46.49  
 HSolverPW       solve             1.14   20       0.06   45.07  
 HSolverPW       solve_psik        1.09   40       0.03   42.82  
 DiagoCG         diag_once         0.99   40       0.02   39.00  
 ElecStatePW     psiToRho          0.04   20       0.00   1.64   
 DiagoIterAssist diag_subspace     0.09   38       0.00   3.72   
 ModuleIO        write_rhog        0.05   1        0.05   2.16   
-----------------------------------------------------------------


 START  Time  : Sat May 23 21:39:49 2026
 FINISH Time  : Sat May 23 21:39:51 2026
 TOTAL  Time  : 2
 SEE INFORMATION IN : OUT.autotest/
