Info: Local MPI proc number: 4,OpenMP thread number: 2,Total thread number: 8,Local thread limit: 24
	Command being timed: "/usr/bin/mpirun --bind-to none -np 4 /mnt/d/__Coding__/github/abacus-develop/build_baseline/abacus_pw_para"
	User time (seconds): 13.02
	System time (seconds): 4.68
	Percent of CPU this job got: 755%
	Elapsed (wall clock) time (h:mm:ss or m:ss): 0:02.34
	Average shared text size (kbytes): 0
	Average unshared data size (kbytes): 0
	Average stack size (kbytes): 0
	Average total size (kbytes): 0
	Maximum resident set size (kbytes): 36300
	Average resident set size (kbytes): 0
	Major (requiring I/O) page faults: 308
	Minor (reclaiming a frame) page faults: 22749
	Voluntary context switches: 7082
	Involuntary context switches: 1076
	Swaps: 0
	File system inputs: 10544
	File system outputs: 200
	Socket messages sent: 0
	Socket messages received: 0
	Signals delivered: 0
	Page size (bytes): 4096
	Exit status: 0
