Info: Local MPI proc number: 1,OpenMP thread number: 1,Total thread number: 1,Local thread limit: 24
	Command being timed: "/mnt/d/__Coding__/github/abacus-develop/build_baseline/abacus_pw_para"
	User time (seconds): 48.28
	System time (seconds): 1.01
	Percent of CPU this job got: 90%
	Elapsed (wall clock) time (h:mm:ss or m:ss): 0:54.67
	Average shared text size (kbytes): 0
	Average unshared data size (kbytes): 0
	Average stack size (kbytes): 0
	Average total size (kbytes): 0
	Maximum resident set size (kbytes): 204672
	Average resident set size (kbytes): 0
	Major (requiring I/O) page faults: 126
	Minor (reclaiming a frame) page faults: 875022
	Voluntary context switches: 3704
	Involuntary context switches: 68
	Swaps: 0
	File system inputs: 10688
	File system outputs: 16
	Socket messages sent: 0
	Socket messages received: 0
	Signals delivered: 0
	Page size (bytes): 4096
	Exit status: 0
