                                                                                     
                              ABACUS v3.11.0-beta.2

               Atomic-orbital Based Ab-initio Computation at UStc                    

                     Website: http://abacus.ustc.edu.cn/                             
               Documentation: https://abacus.deepmodeling.com/                       
                  Repository: https://github.com/abacusmodeling/abacus-develop       
                              https://github.com/deepmodeling/abacus-develop         
                      Commit: 23947d864 (Fri May 15 19:02:20 2026 +0800)

 Sat May 23 21:42:16 2026
 MAKE THE DIR         : OUT.autotest/
 RUNNING WITH DEVICE  : CPU / Intel(R) Core(TM) i7-14650HX (x1)
 UNIFORM GRID DIM     : 50 * 75 * 100
 UNIFORM GRID DIM(BIG): 50 * 75 * 100
 DONE(1.61212    SEC) : SYMMETRY
 DONE(1.61337    SEC) : SETUP UNITCELL
 DONE(1.66757    SEC) : INIT K-POINTS
 ----------------------------------------------------------------
 Self-consistent calculations for electrons
 ----------------------------------------------------------------
 SPIN    KPOINTS         PROCESSES   THREADS/PROC  THREADS/TOTAL 
 1       1               1           1             1             
 ----------------------------------------------------------------
 Use plane wave basis
 ----------------------------------------------------------------
 ELEMENT NATOM       
 H       2           
 ----------------------------------------------------------------
 Initial plane wave basis and FFT box
 ----------------------------------------------------------------
 DONE(1.81749    SEC) : INIT PLANEWAVE
 START CHARGE         : ATOMIC
 DONE(2.00555    SEC) : LOCAL POTENTIAL
not allowed!
i1*i2*i3 must be positive! i1*i2*i3 is 0
i2 must be positive! i2 is 0
i3 must be positive! i3 is 0
 DONE(2.08107    SEC) : NON-LOCAL POTENTIAL
 MEMORY FOR PSI (MB)  : 1.34344
 DONE(2.15364    SEC) : INIT BASIS

 ================================================================
 SELF-CONSISTENT: 
 ================================================================
 DONE(2.36688    SEC) : INIT SCF
 ITER       ETOT/eV          EDIFF/eV         DRHO     TIME/s
 CG1     -3.06892442e+01   0.00000000e+00   1.4454e-01   0.23
 CG2     -3.08278248e+01  -1.38580637e-01   3.0767e-03   0.13
 CG3     -3.08398153e+01  -1.19905206e-02   4.4664e-04   0.18
 CG4     -3.08407888e+01  -9.73456618e-04   9.0197e-05   0.19
 CG5     -3.08428636e+01  -2.07478195e-03   3.6008e-05   0.17
 CG6     -3.08436852e+01  -8.21660867e-04   8.4358e-06   0.19
 CG7     -3.08437247e+01  -3.94622624e-05   2.7082e-06   0.20
 CG8     -3.08437303e+01  -5.54329960e-06   4.6015e-07   0.20
 CG9     -3.08437368e+01  -6.57973285e-06   1.8993e-08   0.22
 CG10    -3.08437370e+01  -1.34060812e-07   5.5352e-10   0.24
 CG11    -3.08437369e+01   9.37354364e-08   9.5858e-11   0.24
 CG12    -3.08437369e+01  -1.09419778e-08   1.8679e-11   0.27
 CG13    -3.08437369e+01  -2.36632098e-09   2.2486e-12   0.29
 CG14    -3.08437369e+01  -4.23143406e-10   2.4354e-14   0.30
 CG15    -3.08437369e+01  -5.19020142e-12   6.2561e-15   0.30
 CG16    -3.08437369e+01   4.93038924e-12   2.6707e-15   0.28
 CG17    -4.58876084e+01  -1.50438716e+01   1.0177e+00   0.48
 CG18    -3.08437369e+01   1.50438716e+01   1.1038e-15   0.25
 CG19    -4.52514631e+01  -1.44077262e+01   9.3348e-01   0.42
 CG20    -4.58050890e+01  -5.53625917e-01   1.0066e+00   0.78
 CG21    -3.08437369e+01   1.49613522e+01   1.3626e-14   0.44
 CG22    -4.85545688e+01  -1.77108319e+01   1.4106e+00   0.51
 CG23    -3.08437369e+01   1.77108319e+01   4.9840e-14   0.32
 CG24    -3.08437369e+01  -9.69159845e-12   5.1948e-15   0.36
 CG25    -4.57551931e+01  -1.49114562e+01   9.9990e-01   0.51
 CG26    -4.85322235e+01  -2.77703037e+00   1.4070e+00   0.53
 CG27    -4.92523785e+01  -7.20155080e-01   1.5239e+00   0.52
 CG28    -3.84027547e+01   1.08496239e+01   2.5696e-01   0.55
 CG29    -3.08437369e+01   7.55901781e+00   5.4581e-10   0.37
 CG30    -4.37614123e+01  -1.29176754e+01   7.5039e-01   0.63
 CG31    -4.34984833e+01   2.62929000e-01   7.2015e-01   0.52
 CG32    -5.02614249e+01  -6.76294166e+00   1.6955e+00   0.52
 CG33    -5.08498247e+01  -5.88399767e-01   1.7999e+00   0.53
 CG34    -4.73317471e+01   3.51807758e+00   1.2225e+00   0.71
 CG35    -3.08437369e+01   1.64880102e+01   5.2238e-11   0.50
 CG36    -3.08437369e+01  -1.52141178e-11   2.5769e-11   0.44
 CG37    -5.22867235e+01  -2.14429866e+01   2.0677e+00   0.54
 CG38    -3.08437369e+01   2.14429866e+01   4.4267e-13   0.32
 CG39    -4.66759032e+01  -1.58321663e+01   1.1272e+00   0.53
 CG40    -3.08437369e+01   1.58321663e+01   2.1598e-12   0.32
 CG41    -3.08437369e+01  -8.90491135e-11   2.1762e-12   0.30
 CG42    -4.50517267e+01  -1.42079898e+01   9.0778e-01   0.48
 CG43    -4.33214200e+01   1.73030676e+00   7.0014e-01   0.50
 CG44    -4.60978067e+01  -2.77638672e+00   1.0464e+00   0.56
 CG45    -5.13691598e+01  -5.27135311e+00   1.8945e+00   0.64
 CG46    -4.67751369e+01   4.59402286e+00   1.1413e+00   0.59
 CG47    -3.08437369e+01   1.59314001e+01   1.6294e-11   0.35
 CG48    -3.08437369e+01  -2.57238225e-10   1.5303e-11   0.33
 CG49    -3.08437369e+01  -6.22461641e-11   5.1668e-12   0.29
 CG50    -4.45504146e+01  -1.37066777e+01   8.4487e-01   0.47
 CG51    -3.08437369e+01   1.37066777e+01   1.5707e-10   0.49
 CG52    -4.77332764e+01  -1.68895396e+01   1.2827e+00   0.64
 CG53    -3.08437369e+01   1.68895396e+01   1.0444e-09   0.38
 CG54    -5.29668503e+01  -2.21231134e+01   2.2009e+00   0.52
 CG55    -3.08437369e+01   2.21231134e+01   3.8815e-10   0.36
 CG56    -4.71474591e+01  -1.63037222e+01   1.1953e+00   0.72
 CG57    -3.08437369e+01   1.63037222e+01   1.9990e-10   0.52
 CG58    -5.16257354e+01  -2.07819985e+01   1.9421e+00   0.58
 CG59    -3.08437369e+01   2.07819985e+01   5.2266e-10   0.34
 CG60    -3.08437369e+01   1.67367380e-12   3.6209e-10   0.35
 CG61    -3.08437369e+01  -1.29489181e-10   3.6226e-10   0.46
 CG62    -3.08437369e+01  -1.58292080e-10   3.7139e-10   0.47
 CG63    -4.85935353e+01  -1.77497984e+01   1.4167e+00   0.51
 CG64    -4.96482969e+01  -1.05476161e+00   1.5901e+00   0.45
 CG65    -5.01325368e+01  -4.84239968e-01   1.6733e+00   0.71
 CG66    -3.08437369e+01   1.92887999e+01   8.0500e-10   0.40
 CG67    -4.68787522e+01  -1.60350154e+01   1.1563e+00   0.57
 CG68    -5.09439595e+01  -4.06520724e+00   1.8168e+00   0.66
 CG69    -4.73726402e+01   3.57131928e+00   1.2298e+00   0.53
 CG70    -5.40570084e+01  -6.68436824e+00   2.4209e+00   0.73
 CG71    -5.15300209e+01   2.52698759e+00   1.9248e+00   0.57
 CG72    -5.17085517e+01  -1.78530839e-01   1.9585e+00   0.53
 CG73    -3.08437374e+01   2.08648143e+01   3.5847e-08   0.52
 CG74    -4.82439692e+01  -1.74002318e+01   1.3610e+00   0.71
 CG75    -4.77785468e+01   4.65422390e-01   1.2875e+00   0.60
 CG76    -3.08437706e+01   1.69347762e+01   4.5637e-07   0.41
 CG77    -4.40252067e+01  -1.31814360e+01   7.8644e-01   0.58
 CG78    -5.02150442e+01  -6.18983760e+00   1.6866e+00   0.59
 CG79    -5.06749567e+01  -4.59912443e-01   1.7691e+00   0.69
 CG80    -4.82508978e+01   2.42405893e+00   1.3641e+00   0.63
 CG81    -5.30476529e+01  -4.79675510e+00   2.2152e+00   0.68
 CG82    -4.91375852e+01   3.91006765e+00   1.5007e+00   0.66
 CG83    -4.66445865e+01   2.49299874e+00   1.6658e+00   0.59
 CG84    -5.02162791e+01  -3.57169263e+00   1.2746e+00   0.66
 CG85    -4.67852709e+01   3.43100824e+00   1.1280e+00   0.80
 CG86    -4.93582068e+01  -2.57293597e+00   1.5433e+00   0.73
 CG87    -5.19206131e+01  -2.56240627e+00   1.9774e+00   0.68
 CG88    -3.08437705e+01   2.10768426e+01   4.6633e-06   0.42
 CG89    -3.08438634e+01  -9.28164017e-05   3.7415e-06   0.40
 CG90    -5.37716061e+01  -2.29277427e+01   2.3209e+00   0.57
 CG91    -4.93635183e+01   4.40808781e+00   1.5634e+00   0.60
 CG92    -5.32099259e+01  -3.84640760e+00   2.1982e+00   0.71
 CG93    -3.08434861e+01   2.23664398e+01   1.2878e-04   0.43
 CG94    -4.65105943e+01  -1.56671081e+01   1.0853e+00   0.60
 CG95    -5.22816396e+01  -5.77104536e+00   2.0854e+00   0.58
 CG96    -5.39108693e+01  -1.62922969e+00   1.4729e+00   0.69
 CG97    -5.30486044e+01   8.62264880e-01   3.2125e+00   0.77
 CG98    -3.08652536e+01   2.21833508e+01   2.8538e-04   0.47
 CG99    -4.72011685e+01  -1.63359149e+01   1.3474e+00   0.74
 CG100   -4.80727491e+01  -8.71580588e-01   1.3779e+00   0.96
 !!SCF IS NOT CONVERGED!!
 ----------------------------------------------------------------
              Stress_x             Stress_y             Stress_z 
 ----------------------------------------------------------------
         72.1174200878         0.0024066173        -0.0007397780 
          0.0024066173        72.9312923476         0.0004394018 
         -0.0007397780         0.0004394018        56.8600677025 
 ----------------------------------------------------------------
 TOTAL-PRESSURE (EXCLUDE KINETIC PART OF IONS): 67.302927 kbar

 TIME STATISTICS
-----------------------------------------------------------------
   CLASS_NAME          NAME        TIME/s  CALLS   AVG/s  PER/%  
-----------------------------------------------------------------
                 total             53.52  17       3.15   100.00 
 Driver          atomic_world      53.52  1        53.52  100.00 
 Driver          reading           1.35   1        1.35   2.53   
 PW_Basis_Sup    recip2real        1.19   305      0.00   2.22   
 Relax_Driver    relax_driver      51.34  1        51.34  95.93  
 ESolver_KS      runner            51.18  1        51.18  95.64  
 Potential       cal_veff          1.77   101      0.02   3.30   
 H_Hartree_pw    v_hartree         0.86   101      0.01   1.61   
 PW_Basis_Sup    real2recip        1.33   406      0.00   2.49   
 PotXC           cal_veff          0.85   101      0.01   1.58   
 XC_Functional   v_xc              0.82   101      0.01   1.53   
 Symmetry_rho    begin             2.71   101      0.03   5.06   
 Symmetry        rhog_symmetry     1.75   101      0.02   3.28   
 Symmetry        group_fft_grids   1.03   101      0.01   1.92   
 DiagoIterAssist diag_subspace     1.81   100      0.02   3.39   
 Operator        hPsi              37.93  9019     0.00   70.88  
 Operator        veff_pw           37.75  9019     0.00   70.53  
 PW_Basis_K      recip2real        19.20  9719     0.00   35.87  
 PW_Basis_K      real2recip        16.63  9319     0.00   31.07  
 ESolver_KS_PW   hamilt2rho_single 44.58  100      0.45   83.31  
 HSolverPW       solve             41.91  100      0.42   78.32  
 HSolverPW       solve_psik        40.47  100      0.40   75.63  
 DiagoCG         diag_once         38.64  100      0.39   72.19  
 ElecStatePW     psiToRho          0.90   100      0.01   1.69   
 Charge_Mixing   get_drho          0.69   100      0.01   1.29   
 Charge_Mixing   mix_rho           1.23   100      0.01   2.30   
 Charge_Mixing   mix_rho_recip     1.19   100      0.01   2.21   
-----------------------------------------------------------------


 START  Time  : Sat May 23 21:42:16 2026
 FINISH Time  : Sat May 23 21:43:10 2026
 TOTAL  Time  : 54
 SEE INFORMATION IN : OUT.autotest/
