                                                                                     
                              ABACUS v3.11.0-beta.2

               Atomic-orbital Based Ab-initio Computation at UStc                    

                     Website: http://abacus.ustc.edu.cn/                             
               Documentation: https://abacus.deepmodeling.com/                       
                  Repository: https://github.com/abacusmodeling/abacus-develop       
                              https://github.com/deepmodeling/abacus-develop         
                      Commit: 23947d864 (Fri May 15 19:02:20 2026 +0800)

 Sat May 23 21:41:20 2026
 MAKE THE DIR         : OUT.autotest/
 RUNNING WITH DEVICE  : CPU / Intel(R) Core(TM) i7-14650HX (x1)
 UNIFORM GRID DIM     : 50 * 75 * 100
 UNIFORM GRID DIM(BIG): 50 * 75 * 100
 DONE(0.554925   SEC) : SYMMETRY
 DONE(0.555712   SEC) : SETUP UNITCELL
 DONE(0.630444   SEC) : INIT K-POINTS
 ----------------------------------------------------------------
 Self-consistent calculations for electrons
 ----------------------------------------------------------------
 SPIN    KPOINTS         PROCESSES   THREADS/PROC  THREADS/TOTAL 
 1       1               1           1             1             
 ----------------------------------------------------------------
 Use plane wave basis
 ----------------------------------------------------------------
 ELEMENT NATOM       
 H       2           
 ----------------------------------------------------------------
 Initial plane wave basis and FFT box
 ----------------------------------------------------------------
 DONE(0.676806   SEC) : INIT PLANEWAVE
 START CHARGE         : ATOMIC
 DONE(0.778019   SEC) : LOCAL POTENTIAL
not allowed!
i1*i2*i3 must be positive! i1*i2*i3 is 0
i2 must be positive! i2 is 0
i3 must be positive! i3 is 0
 DONE(0.810257   SEC) : NON-LOCAL POTENTIAL
 MEMORY FOR PSI (MB)  : 1.34344
 DONE(0.858136   SEC) : INIT BASIS

 ================================================================
 SELF-CONSISTENT: 
 ================================================================
 DONE(0.978849   SEC) : INIT SCF
 ITER       ETOT/eV          EDIFF/eV         DRHO     TIME/s
 CG1     -3.06892442e+01   0.00000000e+00   1.4454e-01   0.20
 CG2     -3.08278248e+01  -1.38580637e-01   3.0767e-03   0.14
 CG3     -3.08398153e+01  -1.19905206e-02   4.4664e-04   0.19
 CG4     -3.08407888e+01  -9.73456618e-04   9.0197e-05   0.17
 CG5     -3.08428636e+01  -2.07478195e-03   3.6008e-05   0.17
 CG6     -3.08436852e+01  -8.21660867e-04   8.4358e-06   0.19
 CG7     -3.08437247e+01  -3.94622624e-05   2.7082e-06   0.21
 CG8     -3.08437303e+01  -5.54329960e-06   4.6015e-07   0.20
 CG9     -3.08437368e+01  -6.57973285e-06   1.8993e-08   0.21
 CG10    -3.08437370e+01  -1.34060812e-07   5.5352e-10   0.23
 CG11    -3.08437369e+01   9.37354364e-08   9.5858e-11   0.23
 CG12    -3.08437369e+01  -1.09419778e-08   1.8679e-11   0.27
 CG13    -3.08437369e+01  -2.36632098e-09   2.2486e-12   0.28
 CG14    -3.08437369e+01  -4.23143406e-10   2.4354e-14   0.30
 CG15    -3.08437369e+01  -5.19020142e-12   6.2561e-15   0.31
 CG16    -3.08437369e+01   4.93038924e-12   2.6707e-15   0.29
 CG17    -4.58876084e+01  -1.50438716e+01   1.0177e+00   0.50
 CG18    -3.08437369e+01   1.50438716e+01   1.1038e-15   0.27
 CG19    -4.52514631e+01  -1.44077262e+01   9.3348e-01   0.46
 CG20    -4.58050890e+01  -5.53625917e-01   1.0066e+00   0.82
 CG21    -3.08437369e+01   1.49613522e+01   1.3626e-14   0.49
 CG22    -4.85545688e+01  -1.77108319e+01   1.4106e+00   0.58
 CG23    -3.08437369e+01   1.77108319e+01   4.9840e-14   0.34
 CG24    -3.08437369e+01  -9.69159845e-12   5.1948e-15   0.36
 CG25    -4.57551931e+01  -1.49114562e+01   9.9990e-01   0.56
 CG26    -4.85322235e+01  -2.77703037e+00   1.4070e+00   0.56
 CG27    -4.92523785e+01  -7.20155080e-01   1.5239e+00   0.56
 CG28    -3.84027547e+01   1.08496239e+01   2.5696e-01   0.55
 CG29    -3.08437369e+01   7.55901781e+00   5.4581e-10   0.36
 CG30    -4.37614123e+01  -1.29176754e+01   7.5039e-01   0.60
 CG31    -4.34984833e+01   2.62929000e-01   7.2015e-01   0.55
 CG32    -5.02614249e+01  -6.76294166e+00   1.6955e+00   0.52
 CG33    -5.08498247e+01  -5.88399767e-01   1.7999e+00   0.53
 CG34    -4.73317471e+01   3.51807758e+00   1.2225e+00   0.69
 CG35    -3.08437369e+01   1.64880102e+01   5.2238e-11   0.51
 CG36    -3.08437369e+01  -1.52141178e-11   2.5769e-11   0.44
 CG37    -5.22867235e+01  -2.14429866e+01   2.0677e+00   0.56
 CG38    -3.08437369e+01   2.14429866e+01   4.4267e-13   0.34
 CG39    -4.66759032e+01  -1.58321663e+01   1.1272e+00   0.55
 CG40    -3.08437369e+01   1.58321663e+01   2.1598e-12   0.34
 CG41    -3.08437369e+01  -8.90491135e-11   2.1762e-12   0.31
 CG42    -4.50517267e+01  -1.42079898e+01   9.0778e-01   0.50
 CG43    -4.33214200e+01   1.73030676e+00   7.0014e-01   0.52
 CG44    -4.60978067e+01  -2.77638672e+00   1.0464e+00   0.55
 CG45    -5.13691598e+01  -5.27135311e+00   1.8945e+00   0.68
 CG46    -4.67751369e+01   4.59402286e+00   1.1413e+00   0.63
 CG47    -3.08437369e+01   1.59314001e+01   1.6294e-11   0.37
 CG48    -3.08437369e+01  -2.57238225e-10   1.5303e-11   0.36
 CG49    -3.08437369e+01  -6.22461641e-11   5.1668e-12   0.31
 CG50    -4.45504146e+01  -1.37066777e+01   8.4487e-01   0.52
 CG51    -3.08437369e+01   1.37066777e+01   1.5707e-10   0.54
 CG52    -4.77332764e+01  -1.68895396e+01   1.2827e+00   0.69
 CG53    -3.08437369e+01   1.68895396e+01   1.0444e-09   0.39
 CG54    -5.29668503e+01  -2.21231134e+01   2.2009e+00   0.54
 CG55    -3.08437369e+01   2.21231134e+01   3.8815e-10   0.36
 CG56    -4.71474591e+01  -1.63037222e+01   1.1953e+00   0.73
 CG57    -3.08437369e+01   1.63037222e+01   1.9990e-10   0.51
 CG58    -5.16257354e+01  -2.07819985e+01   1.9421e+00   0.57
 CG59    -3.08437369e+01   2.07819985e+01   5.2266e-10   0.33
 CG60    -3.08437369e+01   1.67367380e-12   3.6209e-10   0.35
 CG61    -3.08437369e+01  -1.29489181e-10   3.6226e-10   0.46
 CG62    -3.08437369e+01  -1.58292080e-10   3.7139e-10   0.47
 CG63    -4.85935353e+01  -1.77497984e+01   1.4167e+00   0.51
 CG64    -4.96482969e+01  -1.05476161e+00   1.5901e+00   0.43
 CG65    -5.01325368e+01  -4.84239968e-01   1.6733e+00   0.65
 CG66    -3.08437369e+01   1.92887999e+01   8.0500e-10   0.41
 CG67    -4.68787522e+01  -1.60350154e+01   1.1563e+00   0.56
 CG68    -5.09439595e+01  -4.06520724e+00   1.8168e+00   0.64
 CG69    -4.73726402e+01   3.57131928e+00   1.2298e+00   0.52
 CG70    -5.40570084e+01  -6.68436824e+00   2.4209e+00   0.70
 CG71    -5.15300209e+01   2.52698759e+00   1.9248e+00   0.59
 CG72    -5.17085517e+01  -1.78530839e-01   1.9585e+00   0.57
 CG73    -3.08437374e+01   2.08648143e+01   3.5847e-08   0.53
 CG74    -4.82439692e+01  -1.74002318e+01   1.3610e+00   0.73
 CG75    -4.77785468e+01   4.65422390e-01   1.2875e+00   0.61
 CG76    -3.08437706e+01   1.69347762e+01   4.5637e-07   0.42
 CG77    -4.40252067e+01  -1.31814360e+01   7.8644e-01   0.60
 CG78    -5.02150442e+01  -6.18983760e+00   1.6866e+00   0.61
 CG79    -5.06749567e+01  -4.59912443e-01   1.7691e+00   0.71
 CG80    -4.82508978e+01   2.42405893e+00   1.3641e+00   0.65
 CG81    -5.30476529e+01  -4.79675510e+00   2.2152e+00   0.72
 CG82    -4.91375852e+01   3.91006765e+00   1.5007e+00   0.69
 CG83    -4.66445865e+01   2.49299874e+00   1.6658e+00   0.62
 CG84    -5.02162791e+01  -3.57169263e+00   1.2746e+00   0.70
 CG85    -4.67852709e+01   3.43100824e+00   1.1280e+00   0.81
 CG86    -4.93582068e+01  -2.57293597e+00   1.5433e+00   0.76
 CG87    -5.19206131e+01  -2.56240627e+00   1.9774e+00   0.72
 CG88    -3.08437705e+01   2.10768426e+01   4.6633e-06   0.45
 CG89    -3.08438634e+01  -9.28164017e-05   3.7415e-06   0.41
 CG90    -5.37716061e+01  -2.29277427e+01   2.3209e+00   0.57
 CG91    -4.93635183e+01   4.40808781e+00   1.5634e+00   0.61
 CG92    -5.32099259e+01  -3.84640760e+00   2.1982e+00   0.73
 CG93    -3.08434861e+01   2.23664398e+01   1.2878e-04   0.44
 CG94    -4.65105943e+01  -1.56671081e+01   1.0853e+00   0.61
 CG95    -5.22816396e+01  -5.77104536e+00   2.0854e+00   0.60
 CG96    -5.39108693e+01  -1.62922969e+00   1.4729e+00   0.72
 CG97    -5.30486044e+01   8.62264880e-01   3.2125e+00   0.79
 CG98    -3.08652536e+01   2.21833508e+01   2.8538e-04   0.50
 CG99    -4.72011685e+01  -1.63359149e+01   1.3474e+00   0.74
 CG100   -4.80727491e+01  -8.71580588e-01   1.3779e+00   1.64
 !!SCF IS NOT CONVERGED!!
 ----------------------------------------------------------------
              Stress_x             Stress_y             Stress_z 
 ----------------------------------------------------------------
         72.1174200878         0.0024066173        -0.0007397780 
          0.0024066173        72.9312923476         0.0004394018 
         -0.0007397780         0.0004394018        56.8600677025 
 ----------------------------------------------------------------
 TOTAL-PRESSURE (EXCLUDE KINETIC PART OF IONS): 67.302927 kbar

 TIME STATISTICS
-----------------------------------------------------------------
   CLASS_NAME          NAME        TIME/s  CALLS   AVG/s  PER/%  
-----------------------------------------------------------------
                 total             53.66  17       3.16   100.00 
 Driver          atomic_world      53.66  1        53.66  100.00 
 PW_Basis_Sup    recip2real        1.25   305      0.00   2.32   
 Relax_Driver    relax_driver      52.80  1        52.80  98.39  
 ESolver_KS      runner            52.71  1        52.71  98.23  
 Potential       cal_veff          1.83   101      0.02   3.42   
 H_Hartree_pw    v_hartree         0.92   101      0.01   1.72   
 PW_Basis_Sup    real2recip        1.38   406      0.00   2.58   
 PotXC           cal_veff          0.85   101      0.01   1.59   
 XC_Functional   v_xc              0.83   101      0.01   1.54   
 Symmetry_rho    begin             2.75   101      0.03   5.12   
 Symmetry        rhog_symmetry     1.78   101      0.02   3.32   
 Symmetry        group_fft_grids   1.04   101      0.01   1.94   
 DiagoIterAssist diag_subspace     1.82   100      0.02   3.39   
 Operator        hPsi              38.91  9019     0.00   72.50  
 Operator        veff_pw           38.72  9019     0.00   72.15  
 PW_Basis_K      recip2real        19.60  9719     0.00   36.53  
 PW_Basis_K      real2recip        16.93  9319     0.00   31.54  
 ESolver_KS_PW   hamilt2rho_single 45.63  100      0.46   85.03  
 HSolverPW       solve             42.91  100      0.43   79.97  
 HSolverPW       solve_psik        41.61  100      0.42   77.53  
 DiagoCG         diag_once         39.77  100      0.40   74.11  
 ElecStatePW     psiToRho          0.91   100      0.01   1.69   
 Charge_Mixing   get_drho          0.74   100      0.01   1.38   
 Charge_Mixing   mix_rho           1.32   100      0.01   2.46   
 Charge_Mixing   mix_rho_recip     1.27   100      0.01   2.37   
 Broyden_Mixing  tem_cal_coef      0.54   100      0.01   1.00   
 ModuleIO        write_rhog        0.91   1        0.91   1.70   
-----------------------------------------------------------------


 START  Time  : Sat May 23 21:41:20 2026
 FINISH Time  : Sat May 23 21:42:15 2026
 TOTAL  Time  : 55
 SEE INFORMATION IN : OUT.autotest/
