                                                                                     
                              ABACUS v3.11.0-beta.2

               Atomic-orbital Based Ab-initio Computation at UStc                    

                     Website: http://abacus.ustc.edu.cn/                             
               Documentation: https://abacus.deepmodeling.com/                       
                  Repository: https://github.com/abacusmodeling/abacus-develop       
                              https://github.com/deepmodeling/abacus-develop         
                      Commit: 23947d864 (Fri May 15 19:02:20 2026 +0800)

 Sat May 23 21:45:05 2026
 MAKE THE DIR         : OUT.autotest/
 RUNNING WITH DEVICE  : CPU / Intel(R) Core(TM) i7-14650HX (x1)
 UNIFORM GRID DIM     : 50 * 75 * 100
 UNIFORM GRID DIM(BIG): 50 * 75 * 100
 DONE(0.513072   SEC) : SYMMETRY
 DONE(0.513555   SEC) : SETUP UNITCELL
 DONE(0.566331   SEC) : INIT K-POINTS
 ----------------------------------------------------------------
 Self-consistent calculations for electrons
 ----------------------------------------------------------------
 SPIN    KPOINTS         PROCESSES   THREADS/PROC  THREADS/TOTAL 
 1       1               2           4             8             
 ----------------------------------------------------------------
 Use plane wave basis
 ----------------------------------------------------------------
 ELEMENT NATOM       
 H       2           
 ----------------------------------------------------------------
 Initial plane wave basis and FFT box
 ----------------------------------------------------------------
 DONE(0.579413   SEC) : INIT PLANEWAVE
 START CHARGE         : ATOMIC
 DONE(0.61222    SEC) : LOCAL POTENTIAL
not allowed!
i1*i2*i3 must be positive! i1*i2*i3 is 0
i2 must be positive! i2 is 0
i3 must be positive! i3 is 0
 DONE(0.614093   SEC) : NON-LOCAL POTENTIAL
 MEMORY FOR PSI (MB)  : 0.671753
 DONE(0.618742   SEC) : INIT BASIS

 ================================================================
 SELF-CONSISTENT: 
 ================================================================
 DONE(0.676546   SEC) : INIT SCF
 ITER       ETOT/eV          EDIFF/eV         DRHO     TIME/s
 CG1     -3.06891061e+01   0.00000000e+00   1.4457e-01   0.10
 CG2     -3.08280930e+01  -1.38986916e-01   3.0402e-03   0.08
 CG3     -3.08397899e+01  -1.16969153e-02   4.4344e-04   0.10
 CG4     -3.08407756e+01  -9.85748427e-04   8.8250e-05   0.10
 CG5     -3.08428671e+01  -2.09150280e-03   3.6359e-05   0.12
 CG6     -3.08436906e+01  -8.23470038e-04   8.2525e-06   0.12
 CG7     -3.08437239e+01  -3.33249059e-05   2.5733e-06   0.12
 CG8     -3.08437299e+01  -5.99511880e-06   4.5637e-07   0.13
 CG9     -3.08437368e+01  -6.89722335e-06   1.4707e-08   0.12
 CG10    -3.08437370e+01  -1.40258885e-07   5.0829e-10   0.13
 CG11    -3.08437369e+01   1.04000332e-07   1.2235e-10   0.16
 CG12    -3.08437369e+01  -1.07227990e-08   5.7830e-12   0.14
 CG13    -3.08437369e+01  -1.93363099e-09   1.2551e-12   0.15
 CG14    -3.08437369e+01  -4.94150678e-10   1.6245e-14   0.14
 CG15    -3.08437369e+01   5.74003649e-12   2.3354e-15   0.15
 CG16    -3.08437369e+01   4.89413638e-13   5.0795e-16   0.17
 CG17    -3.08437369e+01  -2.53770034e-12   1.1469e-16   0.14
 CG18    -3.08437369e+01  -2.15704529e-12   1.4619e-17   0.23
 CG19    -3.08437369e+01   1.38969305e-13   8.9971e-16   0.17
 CG20    -4.03233313e+01  -9.47959444e+00   3.9830e-01   0.33
 CG21    -3.08437369e+01   9.47959444e+00   1.2027e-17   0.23
 CG22    -5.01102070e+01  -1.92664701e+01   1.6692e+00   0.20
 CG23    -3.08437369e+01   1.92664701e+01   1.1360e-16   0.12
 CG24    -5.00864581e+01  -1.92427212e+01   1.6651e+00   0.20
 CG25    -5.05108525e+01  -4.24394458e-01   1.7394e+00   0.23
 CG26    -4.95854000e+01   9.25452562e-01   1.5795e+00   0.25
 CG27    -3.08437369e+01   1.87416631e+01   2.1343e-16   0.16
 CG28    -3.08437369e+01  -4.83371494e-12   2.3282e-16   0.12
 CG29    -4.95237503e+01  -1.86800135e+01   1.5692e+00   0.25
 CG30    -3.08437369e+01   1.86800135e+01   3.9964e-15   0.15
 CG31    -4.81759237e+01  -1.73321868e+01   1.3509e+00   0.22
 CG32    -3.08437369e+01   1.73321868e+01   4.2990e-16   0.15
 CG33    -4.98830169e+01  -1.90392800e+01   1.6301e+00   0.22
 CG34    -3.08437369e+01   1.90392800e+01   1.6766e-15   0.16
 CG35    -4.07530307e+01  -9.90929380e+00   4.4157e-01   0.26
 CG36    -3.08437369e+01   9.90929380e+00   3.2698e-15   0.15
 CG37    -4.18534334e+01  -1.10096965e+01   5.4509e-01   0.22
 CG38    -3.08437369e+01   1.10096965e+01   2.2593e-15   0.28
 CG39    -3.08437369e+01   5.31708643e-13   1.7511e-15   0.17
 CG40    -3.08437369e+01  -1.63137879e-13   2.1844e-15   0.13
 CG41    -5.13823743e+01  -2.05386374e+01   1.8970e+00   0.21
 CG42    -3.55775205e+01   1.58048538e+01   1.0092e-01   0.26
 CG43    -5.05706813e+01  -1.49931608e+01   1.7500e+00   0.32
 CG44    -3.08437369e+01   1.97269444e+01   8.2260e-13   0.26
 CG45    -3.08437369e+01   3.84062821e-10   2.2195e-13   0.16
 CG46    -4.36598031e+01  -1.28160662e+01   7.3863e-01   0.30
 CG47    -3.08437369e+01   1.28160662e+01   7.6665e-11   0.19
 CG48    -3.08437369e+01  -3.11635040e-09   6.8696e-12   0.20
 CG49    -3.08437369e+01  -1.48745493e-10   4.7630e-12   0.17
 CG50    -3.08437369e+01  -2.53709613e-11   5.1374e-12   0.15
 CG51    -3.08437369e+01   1.30865702e-08   5.1994e-12   0.15
 CG52    -4.22231909e+01  -1.13794540e+01   5.8227e-01   0.28
 CG53    -3.08437369e+01   1.13794540e+01   8.3545e-10   0.24
 CG54    -5.01396618e+01  -1.92959250e+01   1.6744e+00   0.33
 CG55    -4.17537783e+01   8.38588352e+00   5.3525e-01   0.29
 CG56    -3.08437369e+01   1.09100414e+01   3.2581e-11   0.19
 CG57    -4.46316951e+01  -1.37879582e+01   8.5489e-01   0.31
 CG58    -3.08437369e+01   1.37879582e+01   4.4087e-11   0.20
 CG59    -3.08437369e+01   8.59907616e-09   8.9048e-11   0.18
 CG60    -4.54378317e+01  -1.45940948e+01   9.5778e-01   0.24
 CG61    -3.08437369e+01   1.45940948e+01   4.2842e-11   0.20
 CG62    -3.08437369e+01  -1.68914169e-10   3.4322e-11   0.16
 CG63    -3.08437369e+01   2.06943421e-11   3.0264e-11   0.16
 CG64    -4.89044795e+01  -1.80607426e+01   1.4668e+00   0.24
 CG65    -3.08437369e+01   1.80607426e+01   3.2733e-11   0.18
 CG66    -4.36512992e+01  -1.28075624e+01   7.3765e-01   0.29
 CG67    -3.08437369e+01   1.28075624e+01   4.0847e-11   0.16
 CG68    -3.08437369e+01  -4.85220390e-10   4.0684e-11   0.24
 CG69    -3.08437369e+01  -1.79687311e-10   4.1177e-11   0.18
 CG70    -3.08437369e+01  -1.16637541e-10   4.1133e-11   0.16
 CG71    -3.08437369e+01  -4.53704569e-11   4.1065e-11   0.17
 CG72    -3.08437369e+01  -6.88381429e-11   4.1104e-11   0.24
 CG73    -5.05025657e+01  -1.96588288e+01   1.7379e+00   0.30
 CG74    -4.71579690e+01   3.34459667e+00   1.1969e+00   0.30
 CG75    -4.81549556e+01  -9.96986558e-01   1.3472e+00   0.28
 CG76    -3.08437358e+01   1.73112198e+01   1.5091e-08   0.27
 CG77    -3.08437368e+01  -1.00702685e-06   3.4228e-09   0.27
 CG78    -3.08437369e+01  -6.92827117e-08   9.2706e-11   0.21
 CG79    -3.08437913e+01  -5.43679632e-05   3.7416e-08   0.25
 CG80    -3.08437369e+01   5.43693281e-05   2.0980e-10   0.24
 CG81    -4.88495969e+01  -1.80058600e+01   1.4580e+00   0.31
 CG82    -3.08437369e+01   1.80058600e+01   2.8225e-10   0.16
 CG83    -3.08437369e+01   3.42718486e-08   3.4199e-10   0.18
 CG84    -4.63737376e+01  -1.55300007e+01   1.0840e+00   0.29
 CG85    -4.92856509e+01  -2.91191328e+00   1.5302e+00   0.28
 CG86    -4.46099700e+01   4.67568090e+00   8.5212e-01   0.34
 CG87    -3.08437369e+01   1.37662331e+01   6.9815e-13   0.19
 CG88    -3.08437369e+01   1.14949971e-08   2.0583e-10   0.20
 CG89    -4.97398984e+01  -1.88961616e+01   1.6057e+00   0.26
 CG90    -3.15225170e+01   1.82173814e+01   1.8591e-03   0.22
 CG91    -4.96475218e+01  -1.81250048e+01   1.5901e+00   0.30
 CG92    -3.08437369e+01   1.88037850e+01   3.4865e-09   0.23
 CG93    -3.08437369e+01   1.97648852e-08   2.3423e-10   0.20
 CG94    -4.66931723e+01  -1.58494355e+01   1.1315e+00   0.27
 CG95    -4.24447202e+01   4.24845214e+00   6.0795e-01   0.28
 CG96    -5.03471491e+01  -7.90242889e+00   1.7016e+00   0.28
 CG97    -4.89810579e+01   1.36609120e+00   1.4798e+00   0.30
 CG98    -3.08437370e+01   1.81373209e+01   7.7492e-11   0.21
 CG99    -4.43624650e+01  -1.35187280e+01   8.2184e-01   0.31
 CG100   -3.08437368e+01   1.35187282e+01   5.2449e-10   0.45
 !!SCF IS NOT CONVERGED!!
 ----------------------------------------------------------------
              Stress_x             Stress_y             Stress_z 
 ----------------------------------------------------------------
         -0.9818476760         0.0019892265        -0.0005957479 
          0.0019892265        -0.5240218312         0.0004153637 
         -0.0005957479         0.0004153637         6.9282977668 
 ----------------------------------------------------------------
 TOTAL-PRESSURE (EXCLUDE KINETIC PART OF IONS): 1.807476 kbar

 TIME STATISTICS
-----------------------------------------------------------------
   CLASS_NAME          NAME        TIME/s  CALLS   AVG/s  PER/%  
-----------------------------------------------------------------
                 total             22.08  17       1.30   100.00 
 Driver          atomic_world      22.08  1        22.08  100.00 
 Driver          reading           0.41   1        0.41   1.87   
 PW_Basis_Sup    recip2real        1.13   305      0.00   5.12   
 Relax_Driver    relax_driver      21.46  1        21.46  97.18  
 ESolver_KS      runner            21.43  1        21.43  97.03  
 Potential       cal_veff          1.12   101      0.01   5.07   
 H_Hartree_pw    v_hartree         0.82   101      0.01   3.74   
 PW_Basis_Sup    real2recip        1.56   406      0.00   7.07   
 PotXC           cal_veff          0.25   101      0.00   1.15   
 XC_Functional   v_xc              0.24   101      0.00   1.07   
 Symmetry_rho    begin             2.73   101      0.03   12.35  
 Symmetry        rhog_symmetry     1.68   101      0.02   7.61   
 Symmetry        group_fft_grids   1.23   101      0.01   5.58   
 DiagoIterAssist diag_subspace     0.78   100      0.01   3.52   
 Operator        hPsi              13.44  7711     0.00   60.86  
 Operator        veff_pw           13.31  7711     0.00   60.26  
 PW_Basis_K      recip2real        6.59   8411     0.00   29.84  
 PW_Basis_K      real2recip        6.62   8011     0.00   29.99  
 ESolver_KS_PW   hamilt2rho_single 18.19  100      0.18   82.38  
 HSolverPW       solve             15.49  100      0.15   70.14  
 HSolverPW       solve_psik        15.03  100      0.15   68.08  
 DiagoCG         diag_once         14.23  100      0.14   64.45  
 ElecStatePW     psiToRho          0.39   100      0.00   1.79   
 Charge_Mixing   get_drho          0.76   100      0.01   3.43   
 Charge_Mixing   mix_rho           0.69   100      0.01   3.13   
 Charge_Mixing   mix_rho_recip     0.67   100      0.01   3.04   
 ModuleIO        write_rhog        0.27   1        0.27   1.24   
-----------------------------------------------------------------


 START  Time  : Sat May 23 21:45:05 2026
 FINISH Time  : Sat May 23 21:45:28 2026
 TOTAL  Time  : 23
 SEE INFORMATION IN : OUT.autotest/
