Info: Local MPI proc number: 2,OpenMP thread number: 4,Total thread number: 8,Local thread limit: 24
	Command being timed: "/usr/bin/mpirun --bind-to none -np 2 /mnt/d/__Coding__/github/abacus-develop/build_baseline/abacus_pw_para"
	User time (seconds): 197.17
	System time (seconds): 92.58
	Percent of CPU this job got: 1270%
	Elapsed (wall clock) time (h:mm:ss or m:ss): 0:22.81
	Average shared text size (kbytes): 0
	Average unshared data size (kbytes): 0
	Average stack size (kbytes): 0
	Average total size (kbytes): 0
	Maximum resident set size (kbytes): 133984
	Average resident set size (kbytes): 0
	Major (requiring I/O) page faults: 199
	Minor (reclaiming a frame) page faults: 881611
	Voluntary context switches: 5895
	Involuntary context switches: 883
	Swaps: 0
	File system inputs: 10688
	File system outputs: 184
	Socket messages sent: 0
	Socket messages received: 0
	Signals delivered: 0
	Page size (bytes): 4096
	Exit status: 0
