                                                                                     
                              ABACUS v3.11.0-beta.2

               Atomic-orbital Based Ab-initio Computation at UStc                    

                     Website: http://abacus.ustc.edu.cn/                             
               Documentation: https://abacus.deepmodeling.com/                       
                  Repository: https://github.com/abacusmodeling/abacus-develop       
                              https://github.com/deepmodeling/abacus-develop         
                      Commit: 23947d864 (Fri May 15 19:02:20 2026 +0800)

 Sat May 23 21:45:29 2026
 MAKE THE DIR         : OUT.autotest/
 RUNNING WITH DEVICE  : CPU / Intel(R) Core(TM) i7-14650HX (x1)
 UNIFORM GRID DIM     : 50 * 75 * 100
 UNIFORM GRID DIM(BIG): 50 * 75 * 100
 DONE(0.768029   SEC) : SYMMETRY
 DONE(0.768619   SEC) : SETUP UNITCELL
 DONE(0.825254   SEC) : INIT K-POINTS
 ----------------------------------------------------------------
 Self-consistent calculations for electrons
 ----------------------------------------------------------------
 SPIN    KPOINTS         PROCESSES   THREADS/PROC  THREADS/TOTAL 
 1       1               2           4             8             
 ----------------------------------------------------------------
 Use plane wave basis
 ----------------------------------------------------------------
 ELEMENT NATOM       
 H       2           
 ----------------------------------------------------------------
 Initial plane wave basis and FFT box
 ----------------------------------------------------------------
 DONE(0.850867   SEC) : INIT PLANEWAVE
 START CHARGE         : ATOMIC
 DONE(0.87997    SEC) : LOCAL POTENTIAL
not allowed!
i1*i2*i3 must be positive! i1*i2*i3 is 0
i2 must be positive! i2 is 0
i3 must be positive! i3 is 0
 DONE(0.882747   SEC) : NON-LOCAL POTENTIAL
 MEMORY FOR PSI (MB)  : 0.671753
 DONE(0.887617   SEC) : INIT BASIS

 ================================================================
 SELF-CONSISTENT: 
 ================================================================
 DONE(0.9521     SEC) : INIT SCF
 ITER       ETOT/eV          EDIFF/eV         DRHO     TIME/s
 CG1     -3.06891061e+01   0.00000000e+00   1.4457e-01   0.10
 CG2     -3.08280930e+01  -1.38986916e-01   3.0402e-03   0.09
 CG3     -3.08397899e+01  -1.16969153e-02   4.4344e-04   0.11
 CG4     -3.08407756e+01  -9.85748427e-04   8.8250e-05   0.10
 CG5     -3.08428671e+01  -2.09150280e-03   3.6359e-05   0.10
 CG6     -3.08436906e+01  -8.23470038e-04   8.2525e-06   0.10
 CG7     -3.08437239e+01  -3.33249059e-05   2.5733e-06   0.11
 CG8     -3.08437299e+01  -5.99511891e-06   4.5637e-07   0.10
 CG9     -3.08437368e+01  -6.89722346e-06   1.4707e-08   0.11
 CG10    -3.08437370e+01  -1.40258613e-07   5.0829e-10   0.14
 CG11    -3.08437369e+01   1.04000325e-07   1.2235e-10   0.13
 CG12    -3.08437369e+01  -1.07230588e-08   5.7830e-12   0.14
 CG13    -3.08437369e+01  -1.93386059e-09   1.2554e-12   0.15
 CG14    -3.08437369e+01  -4.93667307e-10   1.6306e-14   0.14
 CG15    -3.08437369e+01   5.06935854e-12   2.3702e-15   0.15
 CG16    -3.08437369e+01  -1.36552447e-12   9.1903e-16   0.15
 CG17    -3.08437369e+01   1.26280803e-12   8.4972e-16   0.16
 CG18    -3.08437369e+01  -1.93348598e-12   7.9551e-17   0.12
 CG19    -3.08437369e+01  -1.90931740e-12   1.4869e-15   0.20
 CG20    -3.84513950e+01  -7.60765816e+00   2.6027e-01   0.21
 CG21    -4.65221420e+01  -8.07074699e+00   1.1054e+00   0.28
 CG22    -3.08437369e+01   1.56784051e+01   2.2840e-13   0.22
 CG23    -3.08437369e+01  -1.21487570e-09   1.8213e-11   0.18
 CG24    -3.08437369e+01  -4.35336452e-11   1.2041e-13   0.16
 CG25    -3.98298393e+01  -8.98610244e+00   3.6313e-01   0.23
 CG26    -3.76022094e+01   2.22762996e+00   2.0580e-01   0.32
 CG27    -3.08437369e+01   6.75847248e+00   5.8757e-15   0.26
 CG28    -3.08437369e+01   1.35948233e-12   5.7250e-15   0.20
 CG29    -3.08437369e+01  -6.28382942e-12   8.4859e-16   0.21
 CG30    -3.08437369e+01  -1.18426016e-12   9.4517e-16   0.15
 CG31    -3.08437369e+01  -1.98786527e-12   1.7728e-15   0.13
 CG32    -4.96976959e+01  -1.88539590e+01   1.5985e+00   0.20
 CG33    -4.18115106e+01   7.88618532e+00   5.4094e-01   0.20
 CG34    -4.93389858e+01  -7.52747523e+00   1.5383e+00   0.29
 CG35    -3.08437369e+01   1.84952489e+01   3.9894e-14   0.17
 CG36    -3.08437369e+01  -1.47488727e-11   8.7240e-14   0.16
 CG37    -3.08437369e+01  -1.15404944e-12   4.4571e-14   0.15
 CG38    -3.08437369e+01  -1.54074664e-12   3.9731e-14   0.15
 CG39    -3.99062159e+01  -9.06247903e+00   3.6934e-01   0.38
 CG40    -4.93376339e+01  -9.43141802e+00   1.5381e+00   0.41
 CG41    -3.08437369e+01   1.84938970e+01   2.2154e-13   0.21
 CG42    -4.83391231e+01  -1.74953862e+01   1.3765e+00   0.28
 CG43    -4.05656708e+01   7.77345228e+00   4.2503e-01   0.30
 CG44    -4.49442921e+01  -4.37862133e+00   8.9395e-01   0.44
 CG45    -3.08437369e+01   1.41005552e+01   1.1408e-12   0.30
 CG46    -3.08437369e+01  -9.55867129e-12   1.0984e-12   0.22
 CG47    -4.56375290e+01  -1.47937921e+01   9.8418e-01   0.23
 CG48    -4.06948475e+01   4.94268148e+00   4.3640e-01   0.20
 CG49    -3.08437369e+01   9.85111059e+00   1.0881e-11   0.21
 CG50    -4.37657046e+01  -1.29219677e+01   7.5089e-01   0.31
 CG51    -3.08437369e+01   1.29219677e+01   2.7272e-11   0.18
 CG52    -3.08437369e+01  -2.83376538e-12   3.0522e-11   0.17
 CG53    -5.12925066e+01  -2.04487697e+01   1.8804e+00   0.28
 CG54    -3.08437369e+01   2.04487697e+01   1.6808e-11   0.21
 CG55    -3.08437369e+01   2.04345299e-11   2.0131e-12   0.17
 CG56    -3.08437369e+01  -6.48080331e-11   2.2439e-12   0.23
 CG57    -3.08437369e+01   2.54374249e-12   1.5213e-13   0.22
 CG58    -3.96398493e+01  -8.79611245e+00   3.4793e-01   0.24
 CG59    -3.08437369e+01   8.79611245e+00   5.3559e-13   0.20
 CG60    -3.08437369e+01  -2.65854322e-13   3.8861e-13   0.17
 CG61    -3.75952420e+01  -6.75150511e+00   2.0498e-01   0.22
 CG62    -4.10192407e+01  -3.42399874e+00   4.6562e-01   0.24
 CG63    -3.08437369e+01   1.01755039e+01   2.8444e-13   0.17
 CG64    -3.08437369e+01  -3.14191471e-13   1.7184e-13   0.14
 CG65    -3.08437369e+01  -4.71287207e-13   2.1435e-13   0.15
 CG66    -3.08437369e+01   5.25666500e-13   2.8456e-13   0.20
 CG67    -3.08437369e+01  -9.36532270e-13   2.0919e-13   0.16
 CG68    -4.70875771e+01  -1.62438403e+01   1.1866e+00   0.22
 CG69    -4.78906538e+01  -8.03076691e-01   1.3068e+00   0.23
 CG70    -3.08437369e+01   1.70469170e+01   1.1353e-12   0.16
 CG71    -3.08437369e+01   2.03016027e-12   1.9273e-12   0.18
 CG72    -3.08437369e+01   1.59512593e-12   1.3046e-12   0.18
 CG73    -3.08440347e+01  -2.97823275e-04   2.7020e-07   0.22
 CG74    -5.08990637e+01  -2.00550290e+01   1.8087e+00   0.24
 CG75    -5.01902956e+01   7.08768157e-01   1.6831e+00   0.28
 CG76    -4.84463990e+01   1.74389655e+00   1.3934e+00   0.29
 CG77    -4.99939971e+01  -1.54759805e+00   1.6492e+00   0.33
 CG78    -3.78887692e+01   1.21052278e+01   2.2319e-01   0.32
 CG79    -3.08437369e+01   7.04503235e+00   3.0936e-13   0.22
 CG80    -3.66346720e+01  -5.79093508e+00   1.5081e-01   0.24
 CG81    -3.08437369e+01   5.79093508e+00   3.0601e-13   0.18
 CG82    -3.08437369e+01   2.47909155e-11   1.9966e-13   0.22
 CG83    -4.65896660e+01  -1.57459291e+01   1.1149e+00   0.24
 CG84    -3.08437369e+01   1.57459291e+01   5.1461e-13   0.15
 CG85    -3.08437369e+01  -2.70639699e-10   2.4824e-12   0.18
 CG86    -3.08437369e+01  -5.46814003e-12   7.4236e-13   0.16
 CG87    -3.08437369e+01  -2.30809888e-12   1.3321e-13   0.15
 CG88    -4.51359354e+01  -1.42921985e+01   9.1857e-01   0.22
 CG89    -3.08437369e+01   1.42921985e+01   1.8886e-13   0.14
 CG90    -3.08437369e+01  -5.07540069e-13   1.8881e-13   0.14
 CG91    -4.90855042e+01  -1.82417673e+01   1.4964e+00   0.22
 CG92    -4.92454671e+01  -1.59962919e-01   1.5228e+00   0.22
 CG93    -3.08437369e+01   1.84017302e+01   4.7040e-13   0.21
 CG94    -3.08437369e+01   4.83371494e-13   3.4594e-13   0.22
 CG95    -3.59640234e+01  -5.12028656e+00   1.1865e-01   0.29
 CG96    -3.08437369e+01   5.12028656e+00   2.9506e-13   0.24
 CG97    -4.21161310e+01  -1.12723941e+01   5.7141e-01   0.29
 CG98    -3.08437369e+01   1.12723941e+01   2.8348e-13   0.16
 CG99    -3.08437369e+01  -6.64635804e-13   2.6936e-13   0.13
 CG100   -3.08437369e+01  -1.38969305e-13   2.6016e-13   0.63
 !!SCF IS NOT CONVERGED!!
 ----------------------------------------------------------------
              Stress_x             Stress_y             Stress_z 
 ----------------------------------------------------------------
         -0.9827406555         0.0019891427        -0.0005957811 
          0.0019891427        -0.5248949449         0.0004154240 
         -0.0005957811         0.0004154240         6.9276143547 
 ----------------------------------------------------------------
 TOTAL-PRESSURE (EXCLUDE KINETIC PART OF IONS): 1.806660 kbar

 TIME STATISTICS
-----------------------------------------------------------------
   CLASS_NAME          NAME        TIME/s  CALLS   AVG/s  PER/%  
-----------------------------------------------------------------
                 total             21.81  17       1.28   100.00 
 Driver          atomic_world      21.81  1        21.81  100.00 
 Driver          reading           0.37   1        0.37   1.69   
 PW_Basis_Sup    recip2real        1.12   305      0.00   5.12   
 Relax_Driver    relax_driver      20.92  1        20.92  95.92  
 ESolver_KS      runner            20.89  1        20.89  95.76  
 Potential       cal_veff          1.11   101      0.01   5.11   
 H_Hartree_pw    v_hartree         0.83   101      0.01   3.82   
 PW_Basis_Sup    real2recip        1.56   406      0.00   7.16   
 PotXC           cal_veff          0.24   101      0.00   1.11   
 XC_Functional   v_xc              0.23   101      0.00   1.03   
 Symmetry_rho    begin             2.66   101      0.03   12.19  
 Symmetry        rhog_symmetry     1.64   101      0.02   7.54   
 Symmetry        group_fft_grids   1.21   101      0.01   5.56   
 DiagoIterAssist diag_subspace     0.75   100      0.01   3.44   
 Operator        hPsi              12.87  7647     0.00   59.00  
 Operator        veff_pw           12.75  7647     0.00   58.46  
 PW_Basis_K      recip2real        6.43   8347     0.00   29.48  
 PW_Basis_K      real2recip        6.29   7947     0.00   28.83  
 ESolver_KS_PW   hamilt2rho_single 17.51  100      0.18   80.27  
 HSolverPW       solve             14.88  100      0.15   68.22  
 HSolverPW       solve_psik        14.42  100      0.14   66.10  
 DiagoCG         diag_once         13.64  100      0.14   62.55  
 ElecStatePW     psiToRho          0.39   100      0.00   1.77   
 Charge_Mixing   get_drho          0.76   100      0.01   3.50   
 Charge_Mixing   mix_rho           0.67   100      0.01   3.08   
 Charge_Mixing   mix_rho_recip     0.65   100      0.01   2.98   
 ModuleIO        write_rhog        0.42   1        0.42   1.91   
-----------------------------------------------------------------


 START  Time  : Sat May 23 21:45:29 2026
 FINISH Time  : Sat May 23 21:45:52 2026
 TOTAL  Time  : 23
 SEE INFORMATION IN : OUT.autotest/
