                                                                                     
                              ABACUS v3.11.0-beta.2

               Atomic-orbital Based Ab-initio Computation at UStc                    

                     Website: http://abacus.ustc.edu.cn/                             
               Documentation: https://abacus.deepmodeling.com/                       
                  Repository: https://github.com/abacusmodeling/abacus-develop       
                              https://github.com/deepmodeling/abacus-develop         
                      Commit: 23947d864 (Fri May 15 19:02:20 2026 +0800)

 Sat May 23 21:45:54 2026
 MAKE THE DIR         : OUT.autotest/
 RUNNING WITH DEVICE  : CPU / Intel(R) Core(TM) i7-14650HX (x1)
 UNIFORM GRID DIM     : 50 * 75 * 100
 UNIFORM GRID DIM(BIG): 50 * 75 * 100
 DONE(0.91655    SEC) : SYMMETRY
 DONE(0.918678   SEC) : SETUP UNITCELL
 DONE(0.984643   SEC) : INIT K-POINTS
 ----------------------------------------------------------------
 Self-consistent calculations for electrons
 ----------------------------------------------------------------
 SPIN    KPOINTS         PROCESSES   THREADS/PROC  THREADS/TOTAL 
 1       1               2           4             8             
 ----------------------------------------------------------------
 Use plane wave basis
 ----------------------------------------------------------------
 ELEMENT NATOM       
 H       2           
 ----------------------------------------------------------------
 Initial plane wave basis and FFT box
 ----------------------------------------------------------------
 DONE(1.0205     SEC) : INIT PLANEWAVE
 START CHARGE         : ATOMIC
 DONE(1.04864    SEC) : LOCAL POTENTIAL
not allowed!
i1*i2*i3 must be positive! i1*i2*i3 is 0
i2 must be positive! i2 is 0
i3 must be positive! i3 is 0
 DONE(1.05171    SEC) : NON-LOCAL POTENTIAL
 MEMORY FOR PSI (MB)  : 0.671753
 DONE(1.05772    SEC) : INIT BASIS

 ================================================================
 SELF-CONSISTENT: 
 ================================================================
 DONE(1.12301    SEC) : INIT SCF
 ITER       ETOT/eV          EDIFF/eV         DRHO     TIME/s
 CG1     -3.06891061e+01   0.00000000e+00   1.4457e-01   0.11
 CG2     -3.08280930e+01  -1.38986916e-01   3.0402e-03   0.08
 CG3     -3.08397899e+01  -1.16969153e-02   4.4344e-04   0.11
 CG4     -3.08407756e+01  -9.85748427e-04   8.8250e-05   0.10
 CG5     -3.08428671e+01  -2.09150280e-03   3.6359e-05   0.10
 CG6     -3.08436906e+01  -8.23470038e-04   8.2525e-06   0.10
 CG7     -3.08437239e+01  -3.33249058e-05   2.5733e-06   0.11
 CG8     -3.08437299e+01  -5.99511876e-06   4.5637e-07   0.12
 CG9     -3.08437368e+01  -6.89722351e-06   1.4707e-08   0.10
 CG10    -3.08437370e+01  -1.40258946e-07   5.0829e-10   0.11
 CG11    -3.08437369e+01   1.04000597e-07   1.2235e-10   0.13
 CG12    -3.08437369e+01  -1.07229622e-08   5.7829e-12   0.13
 CG13    -3.08437369e+01  -1.93374579e-09   1.2550e-12   0.14
 CG14    -3.08437369e+01  -4.94350069e-10   1.6287e-14   0.15
 CG15    -3.08437369e+01   5.52251932e-12   2.3744e-15   0.15
 CG16    -4.46742041e+01  -1.38304672e+01   8.6018e-01   0.24
 CG17    -3.08437369e+01   1.38304672e+01   1.1640e-16   0.14
 CG18    -3.08437369e+01   1.14800730e-13   3.8473e-16   0.14
 CG19    -5.03232429e+01  -1.94795060e+01   1.7064e+00   0.19
 CG20    -3.08437369e+01   1.94795060e+01   5.1135e-15   0.15
 CG21    -4.87121309e+01  -1.78683940e+01   1.4358e+00   0.23
 CG22    -3.08437369e+01   1.78683940e+01   1.1382e-15   0.16
 CG23    -3.08437369e+01   2.26580388e-12   7.4935e-16   0.15
 CG24    -3.08437369e+01   1.54074664e-12   8.2381e-16   0.14
 CG25    -3.08437369e+01   3.74612908e-13   1.9168e-15   0.17
 CG26    -4.89862124e+01  -1.81424755e+01   1.4802e+00   0.19
 CG27    -3.08437369e+01   1.81424755e+01   3.4369e-15   0.16
 CG28    -4.96339575e+01  -1.87902207e+01   1.5877e+00   0.25
 CG29    -4.93869464e+01   2.47011155e-01   1.5463e+00   0.27
 CG30    -4.53867380e+01   4.00020839e+00   9.5109e-01   0.28
 CG31    -3.08437369e+01   1.45430011e+01   2.5059e-14   0.16
 CG32    -3.08437369e+01   2.05432885e-13   2.7327e-15   0.18
 CG33    -4.53275485e+01  -1.44838117e+01   9.4337e-01   0.28
 CG34    -3.08437369e+01   1.44838117e+01   3.4260e-15   0.17
 CG35    -3.69276813e+01  -6.08394437e+00   1.6725e-01   0.44
 CG36    -3.08437369e+01   6.08394437e+00   3.9312e-15   0.31
 CG37    -5.22933805e+01  -2.14496436e+01   2.0690e+00   0.28
 CG38    -3.08437369e+01   2.14496436e+01   4.4750e-15   0.20
 CG39    -3.08437369e+01   4.47118632e-13   4.5255e-15   0.15
 CG40    -3.08437369e+01   9.24447982e-13   4.4330e-15   0.13
 CG41    -3.08437369e+01   1.09362801e-12   4.5842e-15   0.13
 CG42    -3.08437369e+01  -1.24468160e-12   2.7779e-15   0.13
 CG43    -4.19763942e+01  -1.11326573e+01   5.5733e-01   0.21
 CG44    -3.08437369e+01   1.11326573e+01   5.4680e-15   0.15
 CG45    -3.08437369e+01  -2.59812178e-12   5.2000e-15   0.15
 CG46    -3.08437369e+01   7.00888666e-13   5.0851e-15   0.15
 CG47    -4.58105592e+01  -1.49668223e+01   1.0073e+00   0.26
 CG48    -4.76156327e+01  -1.80507346e+00   1.2650e+00   0.32
 CG49    -3.08437369e+01   1.67718958e+01   3.3594e-14   0.15
 CG50    -4.25056068e+01  -1.16618699e+01   6.1158e-01   0.29
 CG51    -4.07460924e+01   1.75951439e+00   4.4095e-01   0.34
 CG52    -3.08437369e+01   9.90235553e+00   2.1925e-14   0.23
 CG53    -4.69045840e+01  -1.60608472e+01   1.1600e+00   0.25
 CG54    -3.08437369e+01   1.60608472e+01   2.8532e-14   0.15
 CG55    -3.08437369e+01   6.29591371e-12   2.8908e-14   0.16
 CG56    -3.08437369e+01  -1.65554737e-11   1.9010e-14   0.15
 CG57    -3.52402319e+01  -4.39649498e+00   7.1205e-02   0.26
 CG58    -5.17712627e+01  -1.65310309e+01   1.9695e+00   0.27
 CG59    -3.08437369e+01   2.09275259e+01   3.9467e-14   0.22
 CG60    -3.08437369e+01  -1.61869029e-11   2.8933e-14   0.14
 CG61    -3.98862959e+01  -9.04255903e+00   3.6770e-01   0.24
 CG62    -3.08437369e+01   9.04255903e+00   3.5942e-14   0.15
 CG63    -3.08437369e+01  -2.90022896e-12   3.4317e-14   0.13
 CG64    -3.08437369e+01  -5.24458071e-12   3.5690e-14   0.15
 CG65    -4.67839807e+01  -1.59402439e+01   1.1426e+00   0.25
 CG66    -3.08437369e+01   1.59402439e+01   5.9110e-14   0.17
 CG67    -3.08437369e+01  -1.53470449e-11   6.1267e-14   0.14
 CG68    -5.01588019e+01  -1.93150650e+01   1.6777e+00   0.23
 CG69    -3.15018686e+01   1.86569333e+01   3.1112e-03   0.22
 CG70    -5.05630684e+01  -1.90611998e+01   1.7486e+00   0.29
 CG71    -3.08437369e+01   1.97193315e+01   3.7614e-14   0.21
 CG72    -3.08437369e+01  -7.61310103e-13   3.7868e-14   0.20
 CG73    -3.08437369e+01   3.98781483e-13   3.8515e-14   0.15
 CG74    -4.00482553e+01  -9.20451846e+00   3.8099e-01   0.21
 CG75    -3.08437369e+01   9.20451846e+00   3.7097e-14   0.13
 CG76    -3.08437369e+01  -1.74013738e-12   3.5408e-14   0.14
 CG77    -5.12150105e+01  -2.03712736e+01   1.8662e+00   0.24
 CG78    -3.08437369e+01   2.03712736e+01   3.5083e-14   0.21
 CG79    -4.92526537e+01  -1.84089168e+01   1.5240e+00   0.27
 CG80    -4.05018982e+01   8.75075557e+00   4.1947e-01   0.28
 CG81    -3.08437369e+01   9.65816128e+00   4.5039e-14   0.17
 CG82    -3.08607931e+01  -1.70561713e-02   6.4829e-06   0.18
 CG83    -5.03728093e+01  -1.95120163e+01   1.7151e+00   0.25
 CG84    -3.08437369e+01   1.95290724e+01   4.7628e-14   0.17
 CG85    -3.93515959e+01  -8.50785903e+00   3.2550e-01   0.23
 CG86    -5.05845382e+01  -1.12329423e+01   1.7524e+00   0.21
 CG87    -3.08437369e+01   1.97408013e+01   6.2561e-14   0.15
 CG88    -4.75792163e+01  -1.67354795e+01   1.2595e+00   0.30
 CG89    -3.08437369e+01   1.67354795e+01   7.4266e-14   0.15
 CG90    -4.97872297e+01  -1.89434928e+01   1.6137e+00   0.25
 CG91    -3.08437369e+01   1.89434928e+01   4.5831e-13   0.15
 CG92    -3.08437369e+01   7.89714220e-10   5.7035e-13   0.22
 CG93    -4.45755677e+01  -1.37318308e+01   8.4795e-01   0.30
 CG94    -3.08437369e+01   1.37318308e+01   4.9625e-13   0.18
 CG95    -4.56531113e+01  -1.48093744e+01   9.8626e-01   0.27
 CG96    -3.08437369e+01   1.48093744e+01   1.3728e-13   0.19
 CG97    -4.28271788e+01  -1.19834419e+01   6.4577e-01   0.30
 CG98    -4.88832529e+01  -6.05607418e+00   1.4634e+00   0.26
 CG99    -4.46706130e+01   4.21263996e+00   8.5974e-01   0.25
 CG100   -3.72728835e+01   7.39772949e+00   1.8586e-01   0.53
 !!SCF IS NOT CONVERGED!!
 ----------------------------------------------------------------
              Stress_x             Stress_y             Stress_z 
 ----------------------------------------------------------------
         25.9493044524         0.0020808441        -0.0007069546 
          0.0020808441        26.5366844991         0.0003096006 
         -0.0007069546         0.0003096006        25.3660275528 
 ----------------------------------------------------------------
 TOTAL-PRESSURE (EXCLUDE KINETIC PART OF IONS): 25.950672 kbar

 TIME STATISTICS
-----------------------------------------------------------------
   CLASS_NAME          NAME        TIME/s  CALLS   AVG/s  PER/%  
-----------------------------------------------------------------
                 total             21.10  17       1.24   100.00 
 Driver          atomic_world      21.10  1        21.10  100.00 
 Driver          reading           0.76   1        0.76   3.59   
 PW_Basis_Sup    recip2real        1.10   305      0.00   5.20   
 Relax_Driver    relax_driver      20.04  1        20.04  94.97  
 ESolver_KS      runner            20.00  1        20.00  94.80  
 Potential       cal_veff          1.11   101      0.01   5.24   
 H_Hartree_pw    v_hartree         0.81   101      0.01   3.85   
 PW_Basis_Sup    real2recip        1.50   406      0.00   7.13   
 PotXC           cal_veff          0.25   101      0.00   1.19   
 XC_Functional   v_xc              0.24   101      0.00   1.12   
 Symmetry_rho    begin             2.62   101      0.03   12.44  
 Symmetry        rhog_symmetry     1.64   101      0.02   7.79   
 Symmetry        group_fft_grids   1.21   101      0.01   5.72   
 DiagoIterAssist diag_subspace     0.76   100      0.01   3.58   
 Operator        hPsi              12.43  7264     0.00   58.92  
 Operator        veff_pw           12.31  7264     0.00   58.37  
 PW_Basis_K      recip2real        6.19   7964     0.00   29.35  
 PW_Basis_K      real2recip        6.12   7564     0.00   29.02  
 ESolver_KS_PW   hamilt2rho_single 16.87  100      0.17   79.94  
 HSolverPW       solve             14.27  100      0.14   67.65  
 HSolverPW       solve_psik        13.83  100      0.14   65.54  
 DiagoCG         diag_once         13.05  100      0.13   61.83  
 ElecStatePW     psiToRho          0.39   100      0.00   1.83   
 Charge_Mixing   get_drho          0.73   100      0.01   3.48   
 Charge_Mixing   mix_rho           0.65   100      0.01   3.09   
 Charge_Mixing   mix_rho_recip     0.63   100      0.01   3.00   
 ModuleIO        write_rhog        0.26   1        0.26   1.24   
-----------------------------------------------------------------


 START  Time  : Sat May 23 21:45:54 2026
 FINISH Time  : Sat May 23 21:46:15 2026
 TOTAL  Time  : 21
 SEE INFORMATION IN : OUT.autotest/
