                                                                                     
                              ABACUS v3.11.0-beta.2

               Atomic-orbital Based Ab-initio Computation at UStc                    

                     Website: http://abacus.ustc.edu.cn/                             
               Documentation: https://abacus.deepmodeling.com/                       
                  Repository: https://github.com/abacusmodeling/abacus-develop       
                              https://github.com/deepmodeling/abacus-develop         
                      Commit: 23947d864 (Fri May 15 19:02:20 2026 +0800)

 Sat May 23 21:43:12 2026
 MAKE THE DIR         : OUT.autotest/
 RUNNING WITH DEVICE  : CPU / Intel(R) Core(TM) i7-14650HX (x1)
 UNIFORM GRID DIM     : 50 * 75 * 100
 UNIFORM GRID DIM(BIG): 50 * 75 * 100
 DONE(0.965159   SEC) : SYMMETRY
 DONE(0.974841   SEC) : SETUP UNITCELL
 DONE(1.11679    SEC) : INIT K-POINTS
 ----------------------------------------------------------------
 Self-consistent calculations for electrons
 ----------------------------------------------------------------
 SPIN    KPOINTS         PROCESSES   THREADS/PROC  THREADS/TOTAL 
 1       1               4           1             4             
 ----------------------------------------------------------------
 Use plane wave basis
 ----------------------------------------------------------------
 ELEMENT NATOM       
 H       2           
 ----------------------------------------------------------------
 Initial plane wave basis and FFT box
 ----------------------------------------------------------------
 DONE(1.21136    SEC) : INIT PLANEWAVE
 START CHARGE         : ATOMIC
 DONE(1.28914    SEC) : LOCAL POTENTIAL
not allowed!
i1*i2*i3 must be positive! i1*i2*i3 is 0
i2 must be positive! i2 is 0
i3 must be positive! i3 is 0
 DONE(1.29887    SEC) : NON-LOCAL POTENTIAL
 MEMORY FOR PSI (MB)  : 0.335876
 DONE(1.32285    SEC) : INIT BASIS

 ================================================================
 SELF-CONSISTENT: 
 ================================================================
 DONE(1.3915     SEC) : INIT SCF
 ITER       ETOT/eV          EDIFF/eV         DRHO     TIME/s
 CG1     -3.06896602e+01   0.00000000e+00   1.4450e-01   0.08
 CG2     -3.08278085e+01  -1.38148265e-01   3.1006e-03   0.05
 CG3     -3.08398268e+01  -1.20182578e-02   4.4878e-04   0.06
 CG4     -3.08407982e+01  -9.71437695e-04   9.1370e-05   0.06
 CG5     -3.08428618e+01  -2.06362990e-03   3.5687e-05   0.06
 CG6     -3.08436855e+01  -8.23625507e-04   8.4988e-06   0.06
 CG7     -3.08437245e+01  -3.90199652e-05   2.7914e-06   0.08
 CG8     -3.08437302e+01  -5.72106866e-06   4.6829e-07   0.07
 CG9     -3.08437368e+01  -6.63551641e-06   1.7516e-08   0.07
 CG10    -3.08437370e+01  -1.24506135e-07   5.7467e-10   0.08
 CG11    -3.08437369e+01   9.38499894e-08   9.6699e-11   0.08
 CG12    -3.08437369e+01  -1.10005262e-08   2.0220e-11   0.09
 CG13    -3.08437369e+01  -2.37632677e-09   4.2436e-12   0.09
 CG14    -3.08437369e+01  -4.44429878e-10   2.1617e-14   0.09
 CG15    -3.08437369e+01   3.86697195e-12   7.9110e-15   0.10
 CG16    -3.08437369e+01   1.24468160e-12   2.2690e-15   0.09
 CG17    -3.08437369e+01   8.33815827e-13   8.9533e-17   0.08
 CG18    -4.78914012e+01  -1.70476643e+01   1.3069e+00   0.13
 CG19    -3.08437369e+01   1.70476643e+01   1.1212e-16   0.08
 CG20    -5.17295273e+01  -2.08857905e+01   1.9616e+00   0.13
 CG21    -3.08437369e+01   2.08857905e+01   6.5574e-17   0.08
 CG22    -3.08437369e+01  -8.64026545e-13   2.3004e-17   0.07
 CG23    -4.99294932e+01  -1.90857563e+01   1.6381e+00   0.12
 CG24    -3.08437369e+01   1.90857563e+01   1.3492e-15   0.14
 CG25    -4.60984149e+01  -1.52546780e+01   1.0465e+00   0.17
 CG26    -3.08437369e+01   1.52546780e+01   9.4116e-16   0.09
 CG27    -3.08437369e+01   4.71287207e-13   1.9865e-15   0.10
 CG28    -3.08437369e+01   1.57095736e-13   8.1916e-16   0.09
 CG29    -3.08437369e+01   9.42574413e-13   6.9312e-16   0.08
 CG30    -5.37076083e+01  -2.28638714e+01   2.3508e+00   0.13
 CG31    -4.85124238e+01   5.19518446e+00   1.4039e+00   0.14
 CG32    -3.08437369e+01   1.76686869e+01   8.8426e-15   0.14
 CG33    -3.08437369e+01   6.04214367e-13   4.9278e-15   0.12
 CG34    -3.08437369e+01   5.61919362e-13   3.8971e-15   0.09
 CG35    -3.08437369e+01   6.82762235e-13   2.7132e-15   0.13
 CG36    -3.08437369e+01   1.60721022e-12   4.9958e-15   0.15
 CG37    -4.75161874e+01  -1.66724505e+01   1.2500e+00   0.20
 CG38    -5.00577760e+01  -2.54158863e+00   1.6602e+00   0.18
 CG39    -3.08437369e+01   1.92140391e+01   5.7408e-14   0.15
 CG40    -3.08437369e+01  -1.07139292e-10   9.6258e-14   0.14
 CG41    -3.08437369e+01  -8.06142809e-11   9.3765e-14   0.12
 CG42    -5.06489761e+01  -1.98052392e+01   1.7639e+00   0.15
 CG43    -5.02128107e+01   4.36165425e-01   1.6871e+00   0.16
 CG44    -5.02189136e+01  -6.10290908e-03   1.6881e+00   0.19
 CG45    -3.08437369e+01   1.93751767e+01   3.5865e-13   0.15
 CG46    -3.72466078e+01  -6.40287087e+00   1.8438e-01   0.21
 CG47    -3.08437369e+01   6.40287087e+00   2.6533e-13   0.14
 CG48    -5.12069852e+01  -2.03632484e+01   1.8647e+00   0.18
 CG49    -4.39013505e+01   7.30563472e+00   7.6673e-01   0.16
 CG50    -3.08437369e+01   1.30576136e+01   7.2944e-14   0.16
 CG51    -3.08437369e+01  -1.30809994e-09   1.0674e-13   0.14
 CG52    -3.08437369e+01  -8.28196633e-11   3.7424e-13   0.13
 CG53    -3.08437369e+01   6.60164618e-11   2.5591e-13   0.14
 CG54    -5.01366402e+01  -1.92929033e+01   1.6738e+00   0.17
 CG55    -3.08437369e+01   1.92929033e+01   2.9787e-13   0.10
 CG56    -3.08437369e+01  -2.82409795e-11   2.5112e-13   0.08
 CG57    -3.08437369e+01   5.89954908e-11   2.5284e-13   0.10
 CG58    -3.08437369e+01  -1.06172549e-10   2.2712e-13   0.13
 CG59    -3.08437369e+01  -3.62528620e-13   2.8860e-13   0.11
 CG60    -3.08437369e+01  -2.54978463e-12   2.8805e-13   0.09
 CG61    -3.08437369e+01  -3.62528620e-13   2.8522e-13   0.09
 CG62    -4.52443195e+01  -1.44005826e+01   9.3256e-01   0.14
 CG63    -3.08437369e+01   1.44005826e+01   3.0487e-13   0.09
 CG64    -3.08437369e+01   9.67951417e-12   3.0964e-13   0.10
 CG65    -4.47093783e+01  -1.38656414e+01   8.6456e-01   0.14
 CG66    -4.80312801e+01  -3.32190181e+00   1.3284e+00   0.16
 CG67    -3.08437369e+01   1.71875432e+01   3.2211e-13   0.10
 CG68    -3.08437369e+01   2.41564904e-11   2.4304e-13   0.11
 CG69    -4.50864019e+01  -1.42426650e+01   9.1222e-01   0.17
 CG70    -4.85998758e+01  -3.51347383e+00   1.4178e+00   0.15
 CG71    -3.08437369e+01   1.77561389e+01   5.6218e-13   0.11
 CG72    -5.08485988e+01  -2.00048619e+01   1.7996e+00   0.15
 CG73    -3.08437369e+01   2.00048619e+01   1.4053e-12   0.11
 CG74    -3.08437369e+01  -2.74252901e-11   1.3084e-12   0.10
 CG75    -4.45424757e+01  -1.36987388e+01   8.4387e-01   0.16
 CG76    -3.08437369e+01   1.36987389e+01   6.6097e-13   0.15
 CG77    -5.06588656e+01  -1.98151288e+01   1.7657e+00   0.20
 CG78    -3.08437369e+01   1.98151288e+01   1.0318e-13   0.11
 CG79    -3.08437369e+01  -5.29352207e-11   2.5456e-14   0.14
 CG80    -3.08437369e+01  -1.45851306e-10   3.1266e-14   0.11
 CG81    -3.08437369e+01  -4.29535994e-11   9.8069e-13   0.14
 CG82    -3.08437369e+01  -1.42854403e-10   8.2808e-13   0.15
 CG83    -4.97896698e+01  -1.89459329e+01   1.6142e+00   0.18
 CG84    -3.08437369e+01   1.89459329e+01   3.9193e-12   0.11
 CG85    -4.51048332e+01  -1.42610963e+01   9.1458e-01   0.18
 CG86    -3.08437369e+01   1.42610963e+01   1.3500e-12   0.12
 CG87    -3.08437369e+01  -2.51353177e-11   4.6575e-13   0.11
 CG88    -3.08437369e+01  -2.44827662e-11   3.7180e-13   0.09
 CG89    -3.08437369e+01  -6.47717802e-12   4.0223e-13   0.12
 CG90    -4.05045644e+01  -9.66082754e+00   4.1964e-01   0.22
 CG91    -4.68037460e+01  -6.29918153e+00   1.1455e+00   0.21
 CG92    -3.08437369e+01   1.59600091e+01   4.3682e-11   0.12
 CG93    -5.32368539e+01  -2.23931170e+01   2.2550e+00   0.16
 CG94    -3.08437369e+01   2.23931170e+01   1.6523e-13   0.15
 CG95    -3.08437369e+01  -1.76611860e-11   4.7526e-16   0.11
 CG96    -3.08437369e+01   1.22051302e-12   5.8681e-14   0.14
 CG97    -4.43430805e+01  -1.34993436e+01   8.1948e-01   0.18
 CG98    -4.99342632e+01  -5.59118269e+00   1.6390e+00   0.14
 CG99    -3.08437369e+01   1.90905263e+01   3.1123e-10   0.11
 CG100   -3.08437369e+01  -2.36356576e-10   3.1401e-11   1.06
 !!SCF IS NOT CONVERGED!!
 ----------------------------------------------------------------
              Stress_x             Stress_y             Stress_z 
 ----------------------------------------------------------------
         -0.9831200173         0.0019891086        -0.0005959239 
          0.0019891086        -0.5252700399         0.0004155318 
         -0.0005959239         0.0004155318         6.9272415820 
 ----------------------------------------------------------------
 TOTAL-PRESSURE (EXCLUDE KINETIC PART OF IONS): 1.806284 kbar

 TIME STATISTICS
-----------------------------------------------------------------
   CLASS_NAME          NAME        TIME/s  CALLS   AVG/s  PER/%  
-----------------------------------------------------------------
                 total             15.83  17       0.93   100.00 
 Driver          atomic_world      15.83  1        15.83  100.00 
 Driver          reading           0.39   1        0.39   2.48   
 PW_Basis_Sup    recip2real        0.36   305      0.00   2.24   
 Relax_Driver    relax_driver      14.50  1        14.50  91.62  
 ESolver_KS      runner            14.46  1        14.46  91.37  
 Potential       cal_veff          0.50   101      0.00   3.16   
 H_Hartree_pw    v_hartree         0.25   101      0.00   1.60   
 PW_Basis_Sup    real2recip        0.41   406      0.00   2.60   
 PotXC           cal_veff          0.23   101      0.00   1.44   
 XC_Functional   v_xc              0.22   101      0.00   1.40   
 Symmetry_rho    begin             2.13   101      0.02   13.46  
 Symmetry        rhog_symmetry     1.71   101      0.02   10.79  
 Symmetry        group_fft_grids   0.96   101      0.01   6.08   
 DiagoIterAssist diag_subspace     0.48   100      0.00   3.06   
 Operator        hPsi              7.99   7260     0.00   50.51  
 Operator        veff_pw           7.96   7260     0.00   50.29  
 PW_Basis_K      recip2real        3.97   7960     0.00   25.10  
 PW_Basis_K      real2recip        3.74   7560     0.00   23.63  
 ESolver_KS_PW   hamilt2rho_single 11.26  100      0.11   71.13  
 HSolverPW       solve             9.16   100      0.09   57.85  
 HSolverPW       solve_psik        8.66   100      0.09   54.72  
 DiagoCG         diag_once         8.17   100      0.08   51.59  
 ElecStatePW     psiToRho          0.24   100      0.00   1.53   
 Charge_Mixing   get_drho          0.22   100      0.00   1.37   
 Charge_Mixing   mix_rho           0.41   100      0.00   2.57   
 Charge_Mixing   mix_rho_recip     0.39   100      0.00   2.48   
 Broyden_Mixing  tem_cal_coef      0.16   100      0.00   1.03   
 ModuleIO        write_rhog        0.95   1        0.95   5.97   
-----------------------------------------------------------------


 START  Time  : Sat May 23 21:43:12 2026
 FINISH Time  : Sat May 23 21:43:28 2026
 TOTAL  Time  : 16
 SEE INFORMATION IN : OUT.autotest/
