                                                                                     
                              ABACUS v3.11.0-beta.2

               Atomic-orbital Based Ab-initio Computation at UStc                    

                     Website: http://abacus.ustc.edu.cn/                             
               Documentation: https://abacus.deepmodeling.com/                       
                  Repository: https://github.com/abacusmodeling/abacus-develop       
                              https://github.com/deepmodeling/abacus-develop         
                      Commit: 23947d864 (Fri May 15 19:02:20 2026 +0800)

 Sat May 23 21:44:07 2026
 MAKE THE DIR         : OUT.autotest/
 RUNNING WITH DEVICE  : CPU / Intel(R) Core(TM) i7-14650HX (x1)
 UNIFORM GRID DIM     : 50 * 75 * 100
 UNIFORM GRID DIM(BIG): 50 * 75 * 100
 DONE(1.38021    SEC) : SYMMETRY
 DONE(1.38068    SEC) : SETUP UNITCELL
 DONE(1.46714    SEC) : INIT K-POINTS
 ----------------------------------------------------------------
 Self-consistent calculations for electrons
 ----------------------------------------------------------------
 SPIN    KPOINTS         PROCESSES   THREADS/PROC  THREADS/TOTAL 
 1       1               4           2             8             
 ----------------------------------------------------------------
 Use plane wave basis
 ----------------------------------------------------------------
 ELEMENT NATOM       
 H       2           
 ----------------------------------------------------------------
 Initial plane wave basis and FFT box
 ----------------------------------------------------------------
 DONE(1.4876     SEC) : INIT PLANEWAVE
 START CHARGE         : ATOMIC
 DONE(1.51987    SEC) : LOCAL POTENTIAL
not allowed!
i1*i2*i3 must be positive! i1*i2*i3 is 0
i2 must be positive! i2 is 0
i3 must be positive! i3 is 0
 DONE(1.52325    SEC) : NON-LOCAL POTENTIAL
 MEMORY FOR PSI (MB)  : 0.335876
 DONE(1.52927    SEC) : INIT BASIS

 ================================================================
 SELF-CONSISTENT: 
 ================================================================
 DONE(1.57651    SEC) : INIT SCF
 ITER       ETOT/eV          EDIFF/eV         DRHO     TIME/s
 CG1     -3.06896602e+01   0.00000000e+00   1.4450e-01   0.09
 CG2     -3.08278085e+01  -1.38148265e-01   3.1006e-03   0.07
 CG3     -3.08398268e+01  -1.20182578e-02   4.4878e-04   0.08
 CG4     -3.08407982e+01  -9.71437695e-04   9.1370e-05   0.07
 CG5     -3.08428618e+01  -2.06362990e-03   3.5687e-05   0.07
 CG6     -3.08436855e+01  -8.23625508e-04   8.4988e-06   0.07
 CG7     -3.08437245e+01  -3.90199650e-05   2.7914e-06   0.08
 CG8     -3.08437302e+01  -5.72106862e-06   4.6829e-07   0.07
 CG9     -3.08437368e+01  -6.63551658e-06   1.7516e-08   0.08
 CG10    -3.08437370e+01  -1.24506696e-07   5.7467e-10   0.10
 CG11    -3.08437369e+01   9.38500740e-08   9.6699e-11   0.10
 CG12    -3.08437369e+01  -1.10003751e-08   2.0221e-11   0.10
 CG13    -3.08437369e+01  -2.37595216e-09   4.2428e-12   0.09
 CG14    -3.08437369e+01  -4.44973671e-10   2.1618e-14   0.10
 CG15    -3.08437369e+01   3.64341264e-12   7.6685e-15   0.12
 CG16    -3.08437369e+01   1.75222167e-12   1.1277e-15   0.12
 CG17    -3.08437369e+01   1.97578098e-12   5.7516e-15   0.10
 CG18    -3.08437369e+01  -2.07245528e-12   8.8495e-15   0.11
 CG19    -4.44385413e+01  -1.35948044e+01   8.3112e-01   0.16
 CG20    -4.75265621e+01  -3.08802084e+00   1.2516e+00   0.17
 CG21    -5.17818410e+01  -4.25527888e+00   1.9715e+00   0.15
 CG22    -4.42173113e+01   7.56452971e+00   8.0429e-01   0.25
 CG23    -4.29243386e+01   1.29297269e+00   6.5628e-01   0.29
 CG24    -5.15217707e+01  -8.59743210e+00   1.9228e+00   0.30
 CG25    -3.08437369e+01   2.06780338e+01   5.9992e-16   0.11
 CG26    -5.13926081e+01  -2.05488712e+01   1.8989e+00   0.16
 CG27    -4.87347747e+01   2.65783334e+00   1.4394e+00   0.16
 CG28    -4.91054559e+01  -3.70681162e-01   1.4997e+00   0.17
 CG29    -3.08437369e+01   1.82617190e+01   4.7983e-13   0.12
 CG30    -4.56409616e+01  -1.47972247e+01   9.8464e-01   0.24
 CG31    -3.08437369e+01   1.47972247e+01   1.5510e-14   0.13
 CG32    -5.27134636e+01  -2.18697267e+01   2.1508e+00   0.17
 CG33    -4.25764099e+01   1.01370537e+01   6.1903e-01   0.23
 CG34    -3.08437369e+01   1.17326730e+01   2.2537e-13   0.14
 CG35    -5.04968941e+01  -1.96531572e+01   1.7369e+00   0.20
 CG36    -3.08437369e+01   1.96531572e+01   1.0634e-12   0.12
 CG37    -3.08437369e+01  -7.49225816e-13   1.8207e-14   0.13
 CG38    -4.22425785e+01  -1.13988416e+01   5.8430e-01   0.18
 CG39    -4.85813446e+01  -6.33876615e+00   1.4148e+00   0.17
 CG40    -4.70380874e+01   1.54325717e+00   1.1794e+00   0.18
 CG41    -3.08437369e+01   1.61943506e+01   2.9282e-13   0.12
 CG42    -3.08437369e+01  -2.91503222e-10   2.2083e-13   0.13
 CG43    -3.08437369e+01   6.22340798e-12   1.9568e-14   0.14
 CG44    -3.08437369e+01  -3.52559083e-11   2.9847e-14   0.13
 CG45    -3.08437369e+01   5.31708643e-13   2.5447e-15   0.13
 CG46    -3.08437369e+01   1.80055881e-12   2.7140e-15   0.10
 CG47    -3.08437369e+01   8.45900114e-14   6.1200e-15   0.11
 CG48    -3.08662321e+01  -2.24951981e-02   1.2430e-05   0.14
 CG49    -3.08437369e+01   2.24951981e-02   3.3396e-15   0.15
 CG50    -4.84556790e+01  -1.76119421e+01   1.3949e+00   0.22
 CG51    -3.73373498e+01   1.11183292e+01   1.8961e-01   0.24
 CG52    -3.08437369e+01   6.49361290e+00   4.0084e-15   0.24
 CG53    -3.08437369e+01  -1.69180023e-13   4.0286e-15   0.10
 CG54    -3.08437369e+01   7.00888666e-13   3.9162e-15   0.11
 CG55    -3.08437369e+01   3.80655051e-13   3.9512e-15   0.10
 CG56    -4.86956337e+01  -1.78518968e+01   1.4331e+00   0.21
 CG57    -5.03609650e+01  -1.66533136e+00   1.7130e+00   0.22
 CG58    -3.08437369e+01   1.95172281e+01   6.6383e-15   0.12
 CG59    -5.20432792e+01  -2.11995423e+01   2.0210e+00   0.17
 CG60    -3.08437369e+01   2.11995423e+01   4.0976e-15   0.10
 CG61    -4.42163518e+01  -1.33726149e+01   8.0417e-01   0.20
 CG62    -3.08437369e+01   1.33726149e+01   5.4156e-15   0.10
 CG63    -3.08437369e+01   8.33815827e-13   5.7289e-15   0.11
 CG64    -3.08437369e+01   2.53770034e-13   5.3360e-15   0.10
 CG65    -4.95377616e+01  -1.86940247e+01   1.5715e+00   0.16
 CG66    -3.08437369e+01   1.86940247e+01   1.3779e-15   0.13
 CG67    -4.18430350e+01  -1.09992982e+01   5.4406e-01   0.20
 CG68    -4.56774024e+01  -3.83436740e+00   9.8949e-01   0.25
 CG69    -3.08437369e+01   1.48336655e+01   8.8337e-14   0.15
 CG70    -3.59094169e+01  -5.06568001e+00   9.0109e-02   0.36
 CG71    -5.25667648e+01  -1.66573479e+01   2.1221e+00   0.29
 CG72    -3.08437369e+01   2.17230280e+01   7.0160e-14   0.23
 CG73    -3.08437369e+01   5.29164901e-10   1.7934e-13   0.13
 CG74    -3.08437369e+01  -3.89307401e-10   5.0919e-13   0.12
 CG75    -4.99156959e+01  -1.90719590e+01   1.6357e+00   0.20
 CG76    -3.08437369e+01   1.90719590e+01   8.7309e-13   0.11
 CG77    -4.39243643e+01  -1.30806274e+01   7.6944e-01   0.18
 CG78    -4.90501246e+01  -5.12576029e+00   1.4906e+00   0.18
 CG79    -3.08437369e+01   1.82063877e+01   1.0039e-11   0.19
 CG80    -3.08437369e+01  -2.02103664e-10   5.2390e-13   0.16
 CG81    -3.08437369e+01  -7.55811752e-11   3.5478e-13   0.14
 CG82    -3.08437369e+01  -2.76687885e-10   1.1310e-13   0.13
 CG83    -3.08633405e+01  -1.96035964e-02   4.3020e-05   0.15
 CG84    -3.08437369e+01   1.96035963e-02   7.2785e-14   0.19
 CG85    -3.08437369e+01  -4.41016067e-11   5.1509e-14   0.18
 CG86    -5.10449932e+01  -2.02012563e+01   1.8352e+00   0.19
 CG87    -4.20476303e+01   8.99736294e+00   5.6449e-01   0.20
 CG88    -3.08437369e+01   1.12038934e+01   5.8553e-14   0.14
 CG89    -4.26792231e+01  -1.18354862e+01   6.2992e-01   0.21
 CG90    -4.35403490e+01  -8.61125909e-01   7.2492e-01   0.22
 CG91    -3.08437369e+01   1.26966121e+01   8.0544e-14   0.14
 CG92    -4.57606096e+01  -1.49168728e+01   1.0006e+00   0.21
 CG93    -4.89399772e+01  -3.17936755e+00   1.4726e+00   0.20
 CG94    -3.08437369e+01   1.80962403e+01   6.2360e-15   0.17
 CG95    -3.08437369e+01   5.35333930e-11   3.8909e-14   0.12
 CG96    -4.52812101e+01  -1.44374732e+01   9.3734e-01   0.23
 CG97    -3.08437369e+01   1.44374732e+01   7.5699e-14   0.19
 CG98    -5.12632368e+01  -2.04195000e+01   1.8750e+00   0.18
 CG99    -4.57040890e+01   5.55914782e+00   9.9306e-01   0.21
 CG100   -3.08437369e+01   1.48603521e+01   2.2024e-14   0.70
 !!SCF IS NOT CONVERGED!!
 ----------------------------------------------------------------
              Stress_x             Stress_y             Stress_z 
 ----------------------------------------------------------------
         -0.9827629872         0.0019891451        -0.0005957897 
          0.0019891451        -0.5249177461         0.0004153348 
         -0.0005957897         0.0004153348         6.9275948247 
 ----------------------------------------------------------------
 TOTAL-PRESSURE (EXCLUDE KINETIC PART OF IONS): 1.806638 kbar

 TIME STATISTICS
-----------------------------------------------------------------
   CLASS_NAME          NAME        TIME/s  CALLS   AVG/s  PER/%  
-----------------------------------------------------------------
                 total             18.00  17       1.06   100.00 
 Driver          atomic_world      18.00  1        18.00  100.00 
 Driver          reading           0.86   1        0.86   4.76   
 PW_Basis_Sup    recip2real        0.34   305      0.00   1.90   
 Relax_Driver    relax_driver      16.47  1        16.47  91.49  
 ESolver_KS      runner            16.44  1        16.44  91.33  
 Potential       cal_veff          0.57   101      0.01   3.15   
 H_Hartree_pw    v_hartree         0.30   101      0.00   1.67   
 PW_Basis_Sup    real2recip        0.55   406      0.00   3.08   
 PotXC           cal_veff          0.25   101      0.00   1.38   
 XC_Functional   v_xc              0.24   101      0.00   1.34   
 Symmetry_rho    begin             2.25   101      0.02   12.49  
 Symmetry        rhog_symmetry     1.76   101      0.02   9.79   
 Symmetry        group_fft_grids   1.15   101      0.01   6.41   
 DiagoIterAssist diag_subspace     0.62   100      0.01   3.47   
 Operator        hPsi              10.34  7333     0.00   57.44  
 Operator        veff_pw           10.29  7333     0.00   57.15  
 PW_Basis_K      recip2real        4.58   8033     0.00   25.44  
 PW_Basis_K      real2recip        5.68   7633     0.00   31.55  
 ESolver_KS_PW   hamilt2rho_single 14.31  100      0.14   79.47  
 HSolverPW       solve             12.08  100      0.12   67.13  
 HSolverPW       solve_psik        11.72  100      0.12   65.12  
 DiagoCG         diag_once         11.09  100      0.11   61.58  
 ElecStatePW     psiToRho          0.30   100      0.00   1.65   
 Charge_Mixing   get_drho          0.30   100      0.00   1.68   
 Charge_Mixing   mix_rho           0.39   100      0.00   2.15   
 Charge_Mixing   mix_rho_recip     0.37   100      0.00   2.08   
 ModuleIO        write_rhog        0.55   1        0.55   3.07   
-----------------------------------------------------------------


 START  Time  : Sat May 23 21:44:07 2026
 FINISH Time  : Sat May 23 21:44:25 2026
 TOTAL  Time  : 18
 SEE INFORMATION IN : OUT.autotest/
