                                                                                     
                              ABACUS v3.11.0-beta.2

               Atomic-orbital Based Ab-initio Computation at UStc                    

                     Website: http://abacus.ustc.edu.cn/                             
               Documentation: https://abacus.deepmodeling.com/                       
                  Repository: https://github.com/abacusmodeling/abacus-develop       
                              https://github.com/deepmodeling/abacus-develop         
                      Commit: 23947d864 (Fri May 15 19:02:20 2026 +0800)

 Sat May 23 21:57:43 2026
 MAKE THE DIR         : OUT.autotest/
 RUNNING WITH DEVICE  : CPU / Intel(R) Core(TM) i7-14650HX (x1)
 WARNING: some of potential function is set to zero cause of less than 1e-30.
 UNIFORM GRID DIM     : 36 * 36 * 36
 UNIFORM GRID DIM(BIG): 36 * 36 * 36
 DONE(0.136356   SEC) : SYMMETRY
 DONE(0.136638   SEC) : SETUP UNITCELL
 DONE(0.181644   SEC) : INIT K-POINTS
 ----------------------------------------------------------------
 Self-consistent calculations for electrons
 ----------------------------------------------------------------
 SPIN    KPOINTS         PROCESSES   THREADS/PROC  THREADS/TOTAL 
 1       3               1           1             1             
 ----------------------------------------------------------------
 Use plane wave basis
 ----------------------------------------------------------------
 ELEMENT NATOM       
 Si      2           
 ----------------------------------------------------------------
 Initial plane wave basis and FFT box
 ----------------------------------------------------------------
 DONE(0.187809   SEC) : INIT PLANEWAVE
 START CHARGE         : ATOMIC
 DONE(0.1932     SEC) : LOCAL POTENTIAL
 DONE(0.202146   SEC) : NON-LOCAL POTENTIAL
 MEMORY FOR PSI (MB)  : 0.576782
 DONE(0.232497   SEC) : INIT BASIS

 ================================================================
 SELF-CONSISTENT: 
 ================================================================
 DONE(0.28973    SEC) : INIT SCF
 ITER       ETOT/eV          EDIFF/eV         DRHO     TIME/s
 CG1     -2.61158640e+02   0.00000000e+00   1.1716e-01   0.06
 CG2     -2.61200937e+02  -4.22968449e-02   8.7730e-03   0.04
 CG3     -2.61211202e+02  -1.02648393e-02   6.5191e-05   0.05
 CG4     -2.61211824e+02  -6.22254220e-04   3.5761e-06   0.06
 CG5     -2.61211827e+02  -2.70906206e-06   5.9969e-08   0.04
 CG6     -2.61211827e+02  -4.09799742e-07   3.6713e-09   0.05
 CG7     -2.61211827e+02  -3.08076822e-09   2.9080e-11   0.04
 CG8     -2.61211827e+02  -2.00937530e-10   3.4504e-13   0.05
 CG9     -2.61211827e+02  -1.04891614e-11   1.3106e-15   0.05
 CG10    -3.02327801e+02  -4.11159740e+01   1.9179e-02   0.26
 CG11    -2.80737028e+02   2.15907736e+01   1.2934e-01   0.30
 CG12    -2.90886691e+02  -1.01496631e+01   3.9134e-02   0.26
 CG13    -2.78324821e+02   1.25618699e+01   3.5831e-02   0.24
 CG14    -2.79488420e+02  -1.16359863e+00   2.2311e-01   0.30
 CG15    -2.66545331e+02   1.29430885e+01   5.6121e-02   0.24
 CG16    -2.87048087e+02  -2.05027559e+01   1.0420e-02   0.26
 CG17    -2.83964768e+02   3.08331896e+00   7.2931e-02   0.30
 CG18    -2.84405249e+02  -4.40480975e-01   6.4024e-02   0.29
 CG19    -2.71129668e+02   1.32755805e+01   5.0137e-02   0.34
 CG20    -2.73054733e+02  -1.92506472e+00   1.4820e-01   0.31
 !!SCF IS NOT CONVERGED!!

 TIME STATISTICS
-----------------------------------------------------------------
   CLASS_NAME          NAME        TIME/s  CALLS   AVG/s  PER/%  
-----------------------------------------------------------------
                 total             4.02   17       0.24   100.00 
 Driver          atomic_world      4.02   1        4.02   100.00 
 Driver          reading           0.06   1        0.06   1.62   
 Relax_Driver    relax_driver      3.78   1        3.78   94.06  
 ESolver_KS      runner            3.77   1        3.77   93.88  
 ESolver_KS_PW   before_scf        0.04   1        0.04   1.04   
 Potential       cal_veff          0.05   21       0.00   1.20   
 Symmetry_rho    begin             0.04   21       0.00   1.07   
 Operator        hPsi              3.13   5555     0.00   77.87  
 Operator        veff_pw           3.05   5555     0.00   75.97  
 PW_Basis_K      recip2real        1.62   6221     0.00   40.33  
 PW_Basis_K      real2recip        1.41   5861     0.00   35.19  
 Operator        nonlocal_pw       0.07   5555     0.00   1.62   
 ESolver_KS_PW   hamilt2rho_single 3.45   20       0.17   85.95  
 HSolverPW       solve             3.41   20       0.17   84.97  
 HSolverPW       solve_psik        3.27   60       0.05   81.33  
 DiagoCG         diag_once         3.07   60       0.05   76.42  
 ElecStatePW     psiToRho          0.10   20       0.01   2.53   
 DiagoIterAssist diag_subspace     0.19   57       0.00   4.71   
-----------------------------------------------------------------


 START  Time  : Sat May 23 21:57:43 2026
 FINISH Time  : Sat May 23 21:57:47 2026
 TOTAL  Time  : 4
 SEE INFORMATION IN : OUT.autotest/
