                                                                                     
                              ABACUS v3.11.0-beta.2

               Atomic-orbital Based Ab-initio Computation at UStc                    

                     Website: http://abacus.ustc.edu.cn/                             
               Documentation: https://abacus.deepmodeling.com/                       
                  Repository: https://github.com/abacusmodeling/abacus-develop       
                              https://github.com/deepmodeling/abacus-develop         
                      Commit: 23947d864 (Fri May 15 19:02:20 2026 +0800)

 Sat May 23 21:58:12 2026
 MAKE THE DIR         : OUT.autotest/
 RUNNING WITH DEVICE  : CPU / Intel(R) Core(TM) i7-14650HX (x1)
 WARNING: some of potential function is set to zero cause of less than 1e-30.
 UNIFORM GRID DIM     : 36 * 36 * 36
 UNIFORM GRID DIM(BIG): 36 * 36 * 36
 DONE(0.343162   SEC) : SYMMETRY
 DONE(0.343363   SEC) : SETUP UNITCELL
 DONE(0.387287   SEC) : INIT K-POINTS
 ----------------------------------------------------------------
 Self-consistent calculations for electrons
 ----------------------------------------------------------------
 SPIN    KPOINTS         PROCESSES   THREADS/PROC  THREADS/TOTAL 
 1       3               2           4             8             
 ----------------------------------------------------------------
 Use plane wave basis
 ----------------------------------------------------------------
 ELEMENT NATOM       
 Si      2           
 ----------------------------------------------------------------
 Initial plane wave basis and FFT box
 ----------------------------------------------------------------
 DONE(0.400028   SEC) : INIT PLANEWAVE
 START CHARGE         : ATOMIC
 DONE(0.411501   SEC) : LOCAL POTENTIAL
 DONE(0.423745   SEC) : NON-LOCAL POTENTIAL
 MEMORY FOR PSI (MB)  : 0.28949
 DONE(0.440737   SEC) : INIT BASIS

 ================================================================
 SELF-CONSISTENT: 
 ================================================================
 DONE(0.470464   SEC) : INIT SCF
 ITER       ETOT/eV          EDIFF/eV         DRHO     TIME/s
 CG1     -2.61158640e+02   0.00000000e+00   1.1716e-01   0.04
 CG2     -2.61200937e+02  -4.22968449e-02   8.7730e-03   0.03
 CG3     -2.61211202e+02  -1.02648393e-02   6.5191e-05   0.03
 CG4     -2.61211824e+02  -6.22254223e-04   3.5761e-06   0.04
 CG5     -2.61211827e+02  -2.70906056e-06   5.9969e-08   0.03
 CG6     -2.61211827e+02  -4.09794135e-07   3.6713e-09   0.04
 CG7     -2.61211827e+02  -3.09178909e-09   2.9080e-11   0.03
 CG8     -2.61211827e+02  -2.04176119e-10   3.4496e-13   0.04
 CG9     -2.61211827e+02  -2.27184602e-12   1.3078e-15   0.04
 CG10    -2.65586503e+02  -4.37467515e+00   4.0512e-02   0.12
 CG11    -2.69510248e+02  -3.92374501e+00   6.4264e-02   0.17
 CG12    -2.68781335e+02   7.28912700e-01   5.1112e-02   0.15
 CG13    -2.90124336e+02  -2.13430016e+01   1.0330e-01   0.24
 m = 3
j = 0 lagrange norm = 2.00702e-23
j = 1 lagrange norm = -0.00260495
j = 2 lagrange norm = -5.73538e-18
j = 3 lagrange norm = 0.000194615
 in DiagoCG, psi norm = -5.20417e-18
 This may be due to npwx < nbands: the number of plane waves is less than
 the number of bands, leading to a rank-deficient problem.
 Please increase ecutwfc or reduce nbands.
 If you use GNU compiler, it may due to the zdotc is unavailable.
 
 ---------------------------------------------------------
                         !NOTICE!                         
 ---------------------------------------------------------
 
 psi_norm <= 0.0
 CHECK IN FILE : OUT.autotest/warning.log
 
 For detailed manual of ABACUS, please see the website
 https://abacus.deepmodeling.com
 For any questions, propose issues on the website
 https://github.com/deepmodeling/abacus-develop/issues
 ---------------------------------------------------------
                         !NOTICE!                         
 ---------------------------------------------------------

 TIME STATISTICS
-----------------------------------------------------------------
   CLASS_NAME          NAME        TIME/s  CALLS   AVG/s  PER/%  
-----------------------------------------------------------------
                 total             1.68   17       0.10   100.00 
 Driver          reading           0.26   1        0.26   15.80  
 ESolver_KS_PW   before_scf        0.03   1        0.03   1.55   
 PW_Basis_Sup    real2recip        0.02   54       0.00   1.02   
 Symmetry_rho    begin             0.03   14       0.00   1.56   
 PSIPrepare      initialize_psi    0.02   1        0.02   1.01   
 Operator        hPsi              0.99   2329     0.00   58.87  
 Operator        veff_pw           0.95   2329     0.00   56.58  
 PW_Basis_K      recip2real        0.49   2779     0.00   29.00  
 PW_Basis_K      real2recip        0.50   2545     0.00   29.54  
 Operator        nonlocal_pw       0.03   2329     0.00   1.93   
 ESolver_KS_PW   hamilt2rho_single 0.97   14       0.07   57.58  
 HSolverPW       solve             0.94   14       0.07   56.18  
 HSolverPW       solve_psik        1.05   42       0.02   62.42  
 DiagoCG         diag_once         0.95   42       0.02   56.75  
 ElecStatePW     psiToRho          0.05   13       0.00   2.94   
 DiagoIterAssist diag_subspace     0.09   39       0.00   5.58   
-----------------------------------------------------------------

 See output information in : OUT.autotest/
