                                                                                     
                              ABACUS v3.11.0-beta.2

               Atomic-orbital Based Ab-initio Computation at UStc                    

                     Website: http://abacus.ustc.edu.cn/                             
               Documentation: https://abacus.deepmodeling.com/                       
                  Repository: https://github.com/abacusmodeling/abacus-develop       
                              https://github.com/deepmodeling/abacus-develop         
                      Commit: 23947d864 (Fri May 15 19:02:20 2026 +0800)

 Sat May 23 21:58:15 2026
 MAKE THE DIR         : OUT.autotest/
 RUNNING WITH DEVICE  : CPU / Intel(R) Core(TM) i7-14650HX (x1)
 WARNING: some of potential function is set to zero cause of less than 1e-30.
 UNIFORM GRID DIM     : 36 * 36 * 36
 UNIFORM GRID DIM(BIG): 36 * 36 * 36
 DONE(0.246485   SEC) : SYMMETRY
 DONE(0.246697   SEC) : SETUP UNITCELL
 DONE(0.295645   SEC) : INIT K-POINTS
 ----------------------------------------------------------------
 Self-consistent calculations for electrons
 ----------------------------------------------------------------
 SPIN    KPOINTS         PROCESSES   THREADS/PROC  THREADS/TOTAL 
 1       3               2           4             8             
 ----------------------------------------------------------------
 Use plane wave basis
 ----------------------------------------------------------------
 ELEMENT NATOM       
 Si      2           
 ----------------------------------------------------------------
 Initial plane wave basis and FFT box
 ----------------------------------------------------------------
 DONE(0.308061   SEC) : INIT PLANEWAVE
 START CHARGE         : ATOMIC
 DONE(0.314863   SEC) : LOCAL POTENTIAL
 DONE(0.326935   SEC) : NON-LOCAL POTENTIAL
 MEMORY FOR PSI (MB)  : 0.28949
 DONE(0.341793   SEC) : INIT BASIS

 ================================================================
 SELF-CONSISTENT: 
 ================================================================
 DONE(0.370185   SEC) : INIT SCF
 ITER       ETOT/eV          EDIFF/eV         DRHO     TIME/s
 CG1     -2.61158640e+02   0.00000000e+00   1.1716e-01   0.04
 CG2     -2.61200937e+02  -4.22968449e-02   8.7730e-03   0.04
 CG3     -2.61211202e+02  -1.02648393e-02   6.5191e-05   0.03
 CG4     -2.61211824e+02  -6.22254223e-04   3.5761e-06   0.04
 CG5     -2.61211827e+02  -2.70906085e-06   5.9969e-08   0.03
 CG6     -2.61211827e+02  -4.09793797e-07   3.6713e-09   0.04
 CG7     -2.61211827e+02  -3.09280417e-09   2.9080e-11   0.03
 CG8     -2.61211827e+02  -2.03934433e-10   3.4496e-13   0.04
 CG9     -2.61211827e+02  -3.14191471e-12   1.3230e-15   0.04
 CG10    -2.81535549e+02  -2.03237218e+01   4.0875e-03   0.10
 CG11    -2.66731104e+02   1.48044452e+01   4.5979e-03   0.22
 CG12    -2.69754660e+02  -3.02355589e+00   4.8086e-02   0.18
 CG13    -2.76048071e+02  -6.29341103e+00   9.0751e-02   0.20
 CG14    -2.70983435e+02   5.06463576e+00   5.2086e-02   0.20
 CG15    -2.96714208e+02  -2.57307733e+01   1.0821e-02   0.19
 CG16    -2.80241489e+02   1.64727191e+01   4.5616e-02   0.26
 CG17    -2.66046760e+02   1.41947297e+01   1.9098e-02   0.17
 CG18    -2.67547861e+02  -1.50110123e+00   3.5277e-02   0.37
 CG19    -2.68001858e+02  -4.53997069e-01   1.7118e-02   0.20
 CG20    -2.71768401e+02  -3.76654260e+00   5.1639e-02   0.58
 !!SCF IS NOT CONVERGED!!

 TIME STATISTICS
-----------------------------------------------------------------
   CLASS_NAME          NAME        TIME/s  CALLS   AVG/s  PER/%  
-----------------------------------------------------------------
                 total             3.44   17       0.20   100.00 
 Driver          atomic_world      3.44   1        3.44   100.00 
 Driver          reading           0.08   1        0.08   2.46   
 Relax_Driver    relax_driver      3.09   1        3.09   90.03  
 ESolver_KS      runner            3.09   1        3.09   89.93  
 Symmetry_rho    begin             0.04   21       0.00   1.05   
 Operator        hPsi              2.02   4710     0.00   58.89  
 Operator        veff_pw           1.93   4710     0.00   56.19  
 PW_Basis_K      recip2real        1.00   5376     0.00   29.23  
 PW_Basis_K      real2recip        0.98   5016     0.00   28.40  
 Operator        nonlocal_pw       0.08   4710     0.00   2.31   
 Nonlocal        add_nonlocal_pp   0.04   4710     0.00   1.14   
 ESolver_KS_PW   hamilt2rho_single 2.63   20       0.13   76.64  
 HSolverPW       solve             2.60   20       0.13   75.64  
 HSolverPW       solve_psik        2.22   60       0.04   64.52  
 DiagoCG         diag_once         2.06   60       0.03   59.98  
 ElecStatePW     psiToRho          0.08   20       0.00   2.37   
 DiagoIterAssist diag_subspace     0.15   57       0.00   4.42   
 ModuleIO        write_rhog        0.33   1        0.33   9.50   
-----------------------------------------------------------------


 START  Time  : Sat May 23 21:58:15 2026
 FINISH Time  : Sat May 23 21:58:18 2026
 TOTAL  Time  : 3
 SEE INFORMATION IN : OUT.autotest/
