                                                                                     
                              ABACUS v3.11.0-beta.2

               Atomic-orbital Based Ab-initio Computation at UStc                    

                     Website: http://abacus.ustc.edu.cn/                             
               Documentation: https://abacus.deepmodeling.com/                       
                  Repository: https://github.com/abacusmodeling/abacus-develop       
                              https://github.com/deepmodeling/abacus-develop         
                      Commit: 23947d864 (Fri May 15 19:02:20 2026 +0800)

 Sat May 23 21:58:08 2026
 MAKE THE DIR         : OUT.autotest/
 RUNNING WITH DEVICE  : CPU / Intel(R) Core(TM) i7-14650HX (x1)
 WARNING: some of potential function is set to zero cause of less than 1e-30.
 UNIFORM GRID DIM     : 36 * 36 * 36
 UNIFORM GRID DIM(BIG): 36 * 36 * 36
 DONE(0.16041    SEC) : SYMMETRY
 DONE(0.16072    SEC) : SETUP UNITCELL
 DONE(0.210958   SEC) : INIT K-POINTS
 ----------------------------------------------------------------
 Self-consistent calculations for electrons
 ----------------------------------------------------------------
 SPIN    KPOINTS         PROCESSES   THREADS/PROC  THREADS/TOTAL 
 1       3               2           4             8             
 ----------------------------------------------------------------
 Use plane wave basis
 ----------------------------------------------------------------
 ELEMENT NATOM       
 Si      2           
 ----------------------------------------------------------------
 Initial plane wave basis and FFT box
 ----------------------------------------------------------------
 DONE(0.226703   SEC) : INIT PLANEWAVE
 START CHARGE         : ATOMIC
 DONE(0.234099   SEC) : LOCAL POTENTIAL
 DONE(0.245513   SEC) : NON-LOCAL POTENTIAL
 MEMORY FOR PSI (MB)  : 0.28949
 DONE(0.261824   SEC) : INIT BASIS

 ================================================================
 SELF-CONSISTENT: 
 ================================================================
 DONE(0.290289   SEC) : INIT SCF
 ITER       ETOT/eV          EDIFF/eV         DRHO     TIME/s
 CG1     -2.61158640e+02   0.00000000e+00   1.1716e-01   0.04
 CG2     -2.61200937e+02  -4.22968449e-02   8.7730e-03   0.03
 CG3     -2.61211202e+02  -1.02648393e-02   6.5191e-05   0.04
 CG4     -2.61211824e+02  -6.22254223e-04   3.5761e-06   0.04
 CG5     -2.61211827e+02  -2.70906095e-06   5.9969e-08   0.03
 CG6     -2.61211827e+02  -4.09794522e-07   3.6713e-09   0.04
 CG7     -2.61211827e+02  -3.09256248e-09   2.9080e-11   0.03
 CG8     -2.61211827e+02  -2.02629330e-10   3.4498e-13   0.05
 CG9     -2.61211827e+02  -2.80355466e-12   1.3178e-15   0.04
 CG10    -2.62805591e+02  -1.59376339e+00   2.0823e-03   0.11
 CG11    -2.82628128e+02  -1.98225375e+01   5.9425e-02   0.21
 CG12    -2.66833916e+02   1.57942127e+01   1.1694e-02   0.13
 CG13    -2.79507065e+02  -1.26731490e+01   2.8687e-02   0.15
 CG14    -3.00012819e+02  -2.05057541e+01   6.7294e-02   0.24
 m = 1
j = 0 lagrange norm = -1.4794
j = 1 lagrange norm = 0.710983
 in DiagoCG, psi norm = -0.717508
 This may be due to npwx < nbands: the number of plane waves is less than
 the number of bands, leading to a rank-deficient problem.
 Please increase ecutwfc or reduce nbands.
 If you use GNU compiler, it may due to the zdotc is unavailable.
 
 ---------------------------------------------------------
                         !NOTICE!                         
 ---------------------------------------------------------
 
 psi_norm <= 0.0
 CHECK IN FILE : OUT.autotest/warning.log
 
 For detailed manual of ABACUS, please see the website
 https://abacus.deepmodeling.com
 For any questions, propose issues on the website
 https://github.com/deepmodeling/abacus-develop/issues
 ---------------------------------------------------------
                         !NOTICE!                         
 ---------------------------------------------------------

 TIME STATISTICS
-----------------------------------------------------------------
   CLASS_NAME          NAME        TIME/s  CALLS   AVG/s  PER/%  
-----------------------------------------------------------------
                 total             1.51   17       0.09   100.00 
 Driver          reading           0.08   1        0.08   5.22   
 Symmetry        analy_sys         0.02   1        0.02   1.24   
 ESolver_KS_PW   before_scf        0.03   1        0.03   1.74   
 Potential       cal_veff          0.02   15       0.00   1.10   
 PW_Basis_Sup    real2recip        0.02   58       0.00   1.44   
 Symmetry_rho    begin             0.03   15       0.00   1.74   
 PSIPrepare      initialize_psi    0.02   1        0.02   1.26   
 Operator        hPsi              0.99   2278     0.00   65.57  
 Operator        veff_pw           0.94   2278     0.00   62.13  
 PW_Basis_K      recip2real        0.51   2751     0.00   33.46  
 PW_Basis_K      real2recip        0.47   2499     0.00   30.96  
 Operator        nonlocal_pw       0.04   2278     0.00   2.96   
 Nonlocal        add_nonlocal_pp   0.02   2278     0.00   1.30   
 ESolver_KS_PW   hamilt2rho_single 1.14   15       0.08   75.41  
 HSolverPW       solve             1.12   15       0.07   73.77  
 HSolverPW       solve_psik        1.06   43       0.02   69.90  
 DiagoCG         diag_once         0.96   43       0.02   63.39  
 ElecStatePW     psiToRho          0.05   14       0.00   3.31   
 DiagoIterAssist diag_subspace     0.10   40       0.00   6.37   
-----------------------------------------------------------------

 See output information in : OUT.autotest/
