Info: Local MPI proc number: 2,OpenMP thread number: 4,Total thread number: 8,Local thread limit: 24
--------------------------------------------------------------------------
Primary job  terminated normally, but 1 process returned
a non-zero exit code. Per user-direction, the job has been aborted.
--------------------------------------------------------------------------
--------------------------------------------------------------------------
mpirun detected that one or more processes exited with non-zero status, thus causing
the job to be terminated. The first process to do so was:

  Process name: [[62993,1],0]
  Exit code:    1
--------------------------------------------------------------------------
Command exited with non-zero status 1
	Command being timed: "/usr/bin/mpirun --bind-to none -np 2 /mnt/d/__Coding__/github/abacus-develop/build_baseline/abacus_pw_para"
	User time (seconds): 0.10
	System time (seconds): 0.31
	Percent of CPU this job got: 25%
	Elapsed (wall clock) time (h:mm:ss or m:ss): 0:01.62
	Average shared text size (kbytes): 0
	Average unshared data size (kbytes): 0
	Average stack size (kbytes): 0
	Average total size (kbytes): 0
	Maximum resident set size (kbytes): 24324
	Average resident set size (kbytes): 0
	Major (requiring I/O) page faults: 57
	Minor (reclaiming a frame) page faults: 4260
	Voluntary context switches: 1371
	Involuntary context switches: 104
	Swaps: 0
	File system inputs: 2536
	File system outputs: 184
	Socket messages sent: 0
	Socket messages received: 0
	Signals delivered: 0
	Page size (bytes): 4096
	Exit status: 1
Info: Local MPI proc number: 2,OpenMP thread number: 4,Total thread number: 8,Local thread limit: 24
--------------------------------------------------------------------------
Primary job  terminated normally, but 1 process returned
a non-zero exit code. Per user-direction, the job has been aborted.
--------------------------------------------------------------------------
--------------------------------------------------------------------------
mpirun detected that one or more processes exited with non-zero status, thus causing
the job to be terminated. The first process to do so was:

  Process name: [[57412,1],1]
  Exit code:    1
--------------------------------------------------------------------------
Command exited with non-zero status 1
	Command being timed: "/usr/bin/mpirun --bind-to none -np 2 /mnt/d/__Coding__/github/abacus-develop/build_baseline/abacus_pw_para"
	User time (seconds): 6.52
	System time (seconds): 3.24
	Percent of CPU this job got: 318%
	Elapsed (wall clock) time (h:mm:ss or m:ss): 0:03.06
	Average shared text size (kbytes): 0
	Average unshared data size (kbytes): 0
	Average stack size (kbytes): 0
	Average total size (kbytes): 0
	Maximum resident set size (kbytes): 37164
	Average resident set size (kbytes): 0
	Major (requiring I/O) page faults: 109
	Minor (reclaiming a frame) page faults: 6833
	Voluntary context switches: 1607
	Involuntary context switches: 25
	Swaps: 0
	File system inputs: 5160
	File system outputs: 184
	Socket messages sent: 0
	Socket messages received: 0
	Signals delivered: 0
	Page size (bytes): 4096
	Exit status: 1
