Info: Local MPI proc number: 4,OpenMP thread number: 1,Total thread number: 4,Local thread limit: 24
--------------------------------------------------------------------------
Primary job  terminated normally, but 1 process returned
a non-zero exit code. Per user-direction, the job has been aborted.
--------------------------------------------------------------------------
--------------------------------------------------------------------------
mpirun detected that one or more processes exited with non-zero status, thus causing
the job to be terminated. The first process to do so was:

  Process name: [[63396,1],0]
  Exit code:    1
--------------------------------------------------------------------------
Command exited with non-zero status 1
	Command being timed: "/usr/bin/mpirun --bind-to none -np 4 /mnt/d/__Coding__/github/abacus-develop/build_baseline/abacus_pw_para"
	User time (seconds): 0.02
	System time (seconds): 0.06
	Percent of CPU this job got: 5%
	Elapsed (wall clock) time (h:mm:ss or m:ss): 0:01.66
	Average shared text size (kbytes): 0
	Average unshared data size (kbytes): 0
	Average stack size (kbytes): 0
	Average total size (kbytes): 0
	Maximum resident set size (kbytes): 23748
	Average resident set size (kbytes): 0
	Major (requiring I/O) page faults: 53
	Minor (reclaiming a frame) page faults: 4311
	Voluntary context switches: 1569
	Involuntary context switches: 8
	Swaps: 0
	File system inputs: 2280
	File system outputs: 200
	Socket messages sent: 0
	Socket messages received: 0
	Signals delivered: 0
	Page size (bytes): 4096
	Exit status: 1
Info: Local MPI proc number: 4,OpenMP thread number: 1,Total thread number: 4,Local thread limit: 24
	Command being timed: "/usr/bin/mpirun --bind-to none -np 4 /mnt/d/__Coding__/github/abacus-develop/build_baseline/abacus_pw_para"
	User time (seconds): 6.30
	System time (seconds): 0.30
	Percent of CPU this job got: 285%
	Elapsed (wall clock) time (h:mm:ss or m:ss): 0:02.31
	Average shared text size (kbytes): 0
	Average unshared data size (kbytes): 0
	Average stack size (kbytes): 0
	Average total size (kbytes): 0
	Maximum resident set size (kbytes): 32220
	Average resident set size (kbytes): 0
	Major (requiring I/O) page faults: 326
	Minor (reclaiming a frame) page faults: 17062
	Voluntary context switches: 7104
	Involuntary context switches: 25
	Swaps: 0
	File system inputs: 10544
	File system outputs: 200
	Socket messages sent: 0
	Socket messages received: 0
	Signals delivered: 0
	Page size (bytes): 4096
	Exit status: 0
