                                                                                     
                              ABACUS v3.11.0-beta.2

               Atomic-orbital Based Ab-initio Computation at UStc                    

                     Website: http://abacus.ustc.edu.cn/                             
               Documentation: https://abacus.deepmodeling.com/                       
                  Repository: https://github.com/abacusmodeling/abacus-develop       
                              https://github.com/deepmodeling/abacus-develop         
                      Commit: 23947d864 (Fri May 15 19:02:20 2026 +0800)

 Sat May 23 21:57:58 2026
 MAKE THE DIR         : OUT.autotest/
 RUNNING WITH DEVICE  : CPU / Intel(R) Core(TM) i7-14650HX (x1)
 WARNING: some of potential function is set to zero cause of less than 1e-30.
 UNIFORM GRID DIM     : 36 * 36 * 36
 UNIFORM GRID DIM(BIG): 36 * 36 * 36
 DONE(0.263265   SEC) : SYMMETRY
 DONE(0.264074   SEC) : SETUP UNITCELL
 DONE(0.314296   SEC) : INIT K-POINTS
 ----------------------------------------------------------------
 Self-consistent calculations for electrons
 ----------------------------------------------------------------
 SPIN    KPOINTS         PROCESSES   THREADS/PROC  THREADS/TOTAL 
 1       3               4           1             4             
 ----------------------------------------------------------------
 Use plane wave basis
 ----------------------------------------------------------------
 ELEMENT NATOM       
 Si      2           
 ----------------------------------------------------------------
 Initial plane wave basis and FFT box
 ----------------------------------------------------------------
 DONE(0.323142   SEC) : INIT PLANEWAVE
 START CHARGE         : ATOMIC
 DONE(0.327638   SEC) : LOCAL POTENTIAL
 DONE(0.337053   SEC) : NON-LOCAL POTENTIAL
 MEMORY FOR PSI (MB)  : 0.144196
 DONE(0.349357   SEC) : INIT BASIS

 ================================================================
 SELF-CONSISTENT: 
 ================================================================
 DONE(0.36189    SEC) : INIT SCF
 ITER       ETOT/eV          EDIFF/eV         DRHO     TIME/s
 CG1     -2.61158640e+02   0.00000000e+00   1.1716e-01   0.02
 CG2     -2.61200937e+02  -4.22968449e-02   8.7730e-03   0.01
 CG3     -2.61211202e+02  -1.02648393e-02   6.5191e-05   0.01
 CG4     -2.61211824e+02  -6.22254220e-04   3.5761e-06   0.02
 CG5     -2.61211827e+02  -2.70906240e-06   5.9969e-08   0.02
 CG6     -2.61211827e+02  -4.09793362e-07   3.6713e-09   0.02
 CG7     -2.61211827e+02  -3.09149906e-09   2.9080e-11   0.01
 CG8     -2.61211827e+02  -2.04127782e-10   3.4497e-13   0.02
 CG9     -2.61211827e+02  -1.78847453e-12   1.3071e-15   0.02
 CG10    -2.69092624e+02  -7.88079654e+00   7.4577e-02   0.05
 CG11    -2.80180820e+02  -1.10881956e+01   2.3098e-01   0.09
 CG12    -2.69976800e+02   1.02040200e+01   6.6290e-02   0.07
 CG13    -2.67322817e+02   2.65398243e+00   3.9582e-02   0.06
 CG14    -2.63524591e+02   3.79822559e+00   3.6395e-02   0.07
 CG15    -2.71950986e+02  -8.42639422e+00   6.9540e-03   0.07
 CG16    -2.61211827e+02   1.07391584e+01   8.6650e-15   0.05
 CG17    -2.81504315e+02  -2.02924875e+01   9.3195e-02   0.08
 CG18    -2.78510089e+02   2.99422614e+00   1.6517e-01   0.10
 CG19    -2.77344068e+02   1.16602031e+00   4.3829e-03   0.08
 CG20    -2.67901095e+02   9.44297327e+00   4.2126e-02   0.15
 !!SCF IS NOT CONVERGED!!

 TIME STATISTICS
-----------------------------------------------------------------
   CLASS_NAME          NAME        TIME/s  CALLS   AVG/s  PER/%  
-----------------------------------------------------------------
                 total             1.44   17       0.08   100.00 
 Driver          atomic_world      1.44   1        1.44   100.00 
 Driver          reading           0.13   1        0.13   9.10   
 Symmetry        analy_sys         0.03   1        0.03   1.89   
 Relax_Driver    relax_driver      1.09   1        1.09   75.63  
 ESolver_KS      runner            1.09   1        1.09   75.59  
 Symmetry_rho    begin             0.03   21       0.00   2.20   
 Symmetry        rhog_symmetry     0.02   21       0.00   1.44   
 Operator        hPsi              0.78   4371     0.00   54.02  
 Operator        veff_pw           0.74   4371     0.00   51.64  
 PW_Basis_K      recip2real        0.38   5037     0.00   26.47  
 PW_Basis_K      real2recip        0.37   4677     0.00   25.50  
 Operator        nonlocal_pw       0.03   4371     0.00   2.12   
 ESolver_KS_PW   hamilt2rho_single 0.91   20       0.05   63.70  
 HSolverPW       solve             0.88   20       0.04   61.62  
 HSolverPW       solve_psik        0.84   60       0.01   58.60  
 DiagoCG         diag_once         0.78   60       0.01   54.26  
 ElecStatePW     psiToRho          0.03   20       0.00   2.09   
 DiagoIterAssist diag_subspace     0.06   57       0.00   4.20   
 ModuleIO        write_rhog        0.08   1        0.08   5.35   
-----------------------------------------------------------------


 START  Time  : Sat May 23 21:57:58 2026
 FINISH Time  : Sat May 23 21:57:59 2026
 TOTAL  Time  : 1
 SEE INFORMATION IN : OUT.autotest/
