                                                                                     
                              ABACUS v3.11.0-beta.2

               Atomic-orbital Based Ab-initio Computation at UStc                    

                     Website: http://abacus.ustc.edu.cn/                             
               Documentation: https://abacus.deepmodeling.com/                       
                  Repository: https://github.com/abacusmodeling/abacus-develop       
                              https://github.com/deepmodeling/abacus-develop         
                      Commit: 23947d864 (Fri May 15 19:02:20 2026 +0800)

 Sat May 23 21:39:21 2026
 MAKE THE DIR         : OUT.autotest/
 RUNNING WITH DEVICE  : CPU / Intel(R) Core(TM) i7-14650HX (x1)
 WARNING: some of potential function is set to zero cause of less than 1e-30.
 UNIFORM GRID DIM     : 36 * 36 * 36
 UNIFORM GRID DIM(BIG): 36 * 36 * 36
 DONE(0.490172   SEC) : SYMMETRY
 DONE(0.490761   SEC) : SETUP UNITCELL
 DONE(0.571282   SEC) : INIT K-POINTS
 ----------------------------------------------------------------
 Self-consistent calculations for electrons
 ----------------------------------------------------------------
 SPIN    KPOINTS         PROCESSES   THREADS/PROC  THREADS/TOTAL 
 1       3               2           4             8             
 ----------------------------------------------------------------
 Use plane wave basis
 ----------------------------------------------------------------
 ELEMENT NATOM       
 Si      2           
 ----------------------------------------------------------------
 Initial plane wave basis and FFT box
 ----------------------------------------------------------------
 DONE(0.624815   SEC) : INIT PLANEWAVE
 START CHARGE         : ATOMIC
 DONE(0.637237   SEC) : LOCAL POTENTIAL
 DONE(0.6481     SEC) : NON-LOCAL POTENTIAL
 MEMORY FOR PSI (MB)  : 0.28949
 DONE(0.668189   SEC) : INIT BASIS

 ================================================================
 SELF-CONSISTENT: 
 ================================================================
 DONE(0.698663   SEC) : INIT SCF
 ITER       ETOT/eV          EDIFF/eV         DRHO     TIME/s
 CG1     -2.61158640e+02   0.00000000e+00   1.1716e-01   0.04
 CG2     -2.61200937e+02  -4.22968449e-02   8.7730e-03   0.03
 CG3     -2.61211202e+02  -1.02648393e-02   6.5191e-05   0.03
 CG4     -2.61211824e+02  -6.22254223e-04   3.5761e-06   0.04
 CG5     -2.61211827e+02  -2.70906085e-06   5.9969e-08   0.03
 CG6     -2.61211827e+02  -4.09793362e-07   3.6713e-09   0.04
 CG7     -2.61211827e+02  -3.09193410e-09   2.9080e-11   0.03
 CG8     -2.61211827e+02  -2.04417805e-10   3.4498e-13   0.04
 CG9     -2.61211827e+02  -2.99690326e-12   1.3117e-15   0.04
 CG10    -2.72341759e+02  -1.11299314e+01   7.7422e-02   0.14
 CG11    -2.72252738e+02   8.90207494e-02   1.2921e-01   0.14
 CG12    -2.78364126e+02  -6.11138766e+00   1.0367e-01   0.20
 CG13    -2.64426844e+02   1.39372814e+01   8.5191e-03   0.16
 CG14    -2.83914852e+02  -1.94880075e+01   9.1223e-02   0.22
 CG15    -2.75971543e+02   7.94330905e+00   2.0708e-01   0.24
 CG16    -2.79725769e+02  -3.75422603e+00   7.6514e-02   0.21
 CG17    -2.89625491e+02  -9.89972207e+00   1.8919e-02   0.22
 CG18    -2.83056016e+02   6.56947477e+00   8.8959e-02   0.25
 CG19    -2.66548278e+02   1.65077378e+01   3.1353e-02   0.19
 CG20    -2.61976076e+02   4.57220259e+00   4.7981e-04   0.21
 !!SCF IS NOT CONVERGED!!

 TIME STATISTICS
-----------------------------------------------------------------
   CLASS_NAME          NAME        TIME/s  CALLS   AVG/s  PER/%  
-----------------------------------------------------------------
                 total             3.26   17       0.19   100.00 
 Driver          atomic_world      3.26   1        3.26   100.00 
 Driver          reading           0.31   1        0.31   9.55   
 Symmetry        analy_sys         0.04   1        0.04   1.20   
 Relax_Driver    relax_driver      2.59   1        2.59   79.49  
 ESolver_KS      runner            2.59   1        2.59   79.43  
 Symmetry_rho    begin             0.04   21       0.00   1.16   
 Operator        hPsi              2.08   5049     0.00   63.69  
 Operator        veff_pw           1.99   5049     0.00   61.00  
 PW_Basis_K      recip2real        1.01   5715     0.00   31.01  
 PW_Basis_K      real2recip        1.03   5355     0.00   31.61  
 Operator        nonlocal_pw       0.07   5049     0.00   2.27   
 Nonlocal        add_nonlocal_pp   0.03   5049     0.00   1.06   
 ESolver_KS_PW   hamilt2rho_single 2.41   20       0.12   73.87  
 HSolverPW       solve             2.37   20       0.12   72.79  
 HSolverPW       solve_psik        2.28   60       0.04   69.78  
 DiagoCG         diag_once         2.13   60       0.04   65.32  
 ElecStatePW     psiToRho          0.08   20       0.00   2.57   
 DiagoIterAssist diag_subspace     0.14   57       0.00   4.35   
 ModuleIO        write_rhog        0.04   1        0.04   1.32   
-----------------------------------------------------------------


 START  Time  : Sat May 23 21:39:21 2026
 FINISH Time  : Sat May 23 21:39:24 2026
 TOTAL  Time  : 3
 SEE INFORMATION IN : OUT.autotest/
