                                                                                     
                              ABACUS v3.11.0-beta.2

               Atomic-orbital Based Ab-initio Computation at UStc                    

                     Website: http://abacus.ustc.edu.cn/                             
               Documentation: https://abacus.deepmodeling.com/                       
                  Repository: https://github.com/abacusmodeling/abacus-develop       
                              https://github.com/deepmodeling/abacus-develop         
                      Commit: 23947d864 (Fri May 15 19:02:20 2026 +0800)

 Sat May 23 21:39:13 2026
 MAKE THE DIR         : OUT.autotest/
 RUNNING WITH DEVICE  : CPU / Intel(R) Core(TM) i7-14650HX (x1)
 WARNING: some of potential function is set to zero cause of less than 1e-30.
 UNIFORM GRID DIM     : 36 * 36 * 36
 UNIFORM GRID DIM(BIG): 36 * 36 * 36
 DONE(1.8032     SEC) : SYMMETRY
 DONE(1.81281    SEC) : SETUP UNITCELL
 DONE(1.93509    SEC) : INIT K-POINTS
 ----------------------------------------------------------------
 Self-consistent calculations for electrons
 ----------------------------------------------------------------
 SPIN    KPOINTS         PROCESSES   THREADS/PROC  THREADS/TOTAL 
 1       3               2           4             8             
 ----------------------------------------------------------------
 Use plane wave basis
 ----------------------------------------------------------------
 ELEMENT NATOM       
 Si      2           
 ----------------------------------------------------------------
 Initial plane wave basis and FFT box
 ----------------------------------------------------------------
 DONE(1.95839    SEC) : INIT PLANEWAVE
 START CHARGE         : ATOMIC
 DONE(1.96735    SEC) : LOCAL POTENTIAL
 DONE(1.97906    SEC) : NON-LOCAL POTENTIAL
 MEMORY FOR PSI (MB)  : 0.28949
 DONE(1.99788    SEC) : INIT BASIS

 ================================================================
 SELF-CONSISTENT: 
 ================================================================
 DONE(2.0207     SEC) : INIT SCF
 ITER       ETOT/eV          EDIFF/eV         DRHO     TIME/s
 CG1     -2.61158640e+02   0.00000000e+00   1.1716e-01   0.05
 CG2     -2.61200937e+02  -4.22968449e-02   8.7730e-03   0.03
 CG3     -2.61211202e+02  -1.02648393e-02   6.5191e-05   0.03
 CG4     -2.61211824e+02  -6.22254223e-04   3.5761e-06   0.04
 CG5     -2.61211827e+02  -2.70906061e-06   5.9969e-08   0.03
 CG6     -2.61211827e+02  -4.09794087e-07   3.6713e-09   0.04
 CG7     -2.61211827e+02  -3.09290084e-09   2.9080e-11   0.03
 CG8     -2.61211827e+02  -2.03016027e-10   3.4493e-13   0.04
 CG9     -2.61211827e+02  -3.43193761e-12   1.3090e-15   0.04
 CG10    -2.66936607e+02  -5.72477937e+00   9.4850e-02   0.10
 CG11    -2.73731335e+02  -6.79472778e+00   5.9313e-02   0.21
 CG12    -2.94451197e+02  -2.07198629e+01   9.4133e-03   0.20
 CG13    -2.73408740e+02   2.10424571e+01   1.3459e-01   0.22
 CG14    -3.02896479e+02  -2.94877383e+01   1.2770e-01   0.25
 m = 5
j = 0 lagrange norm = -5.39981e-24
j = 1 lagrange norm = 2.87334e-17
j = 2 lagrange norm = 0.0152242
j = 3 lagrange norm = 1.08814e-07
j = 4 lagrange norm = -6.20669e-13
j = 5 lagrange norm = 0.0045354
 in DiagoCG, psi norm = -1.85198e-10
 This may be due to npwx < nbands: the number of plane waves is less than
 the number of bands, leading to a rank-deficient problem.
 Please increase ecutwfc or reduce nbands.
 If you use GNU compiler, it may due to the zdotc is unavailable.
 
 ---------------------------------------------------------
                         !NOTICE!                         
 ---------------------------------------------------------
 
 psi_norm <= 0.0
 CHECK IN FILE : OUT.autotest/warning.log
 
 For detailed manual of ABACUS, please see the website
 https://abacus.deepmodeling.com
 For any questions, propose issues on the website
 https://github.com/deepmodeling/abacus-develop/issues
 ---------------------------------------------------------
                         !NOTICE!                         
 ---------------------------------------------------------

 TIME STATISTICS
-----------------------------------------------------------------
   CLASS_NAME          NAME        TIME/s  CALLS   AVG/s  PER/%  
-----------------------------------------------------------------
                 total             3.61   17       0.21   100.00 
 Driver          reading           0.48   1        0.48   13.21  
 Symmetry        analy_sys         0.12   1        0.12   3.38   
 Operator        hPsi              1.31   3232     0.00   36.14  
 Operator        veff_pw           1.24   3232     0.00   34.42  
 PW_Basis_K      recip2real        0.65   3715     0.00   17.95  
 PW_Basis_K      real2recip        0.62   3463     0.00   17.24  
 Operator        nonlocal_pw       0.05   3232     0.00   1.48   
 ESolver_KS_PW   hamilt2rho_single 1.27   15       0.08   35.27  
 HSolverPW       solve             1.25   15       0.08   34.64  
 HSolverPW       solve_psik        1.41   45       0.03   38.93  
 DiagoCG         diag_once         1.30   45       0.03   36.09  
 ElecStatePW     psiToRho          0.05   14       0.00   1.35   
 DiagoIterAssist diag_subspace     0.10   42       0.00   2.80   
-----------------------------------------------------------------

 See output information in : OUT.autotest/
