                                                                                     
                              ABACUS v3.11.0-beta.2

               Atomic-orbital Based Ab-initio Computation at UStc                    

                     Website: http://abacus.ustc.edu.cn/                             
               Documentation: https://abacus.deepmodeling.com/                       
                  Repository: https://github.com/abacusmodeling/abacus-develop       
                              https://github.com/deepmodeling/abacus-develop         
                      Commit: 23947d864 (Fri May 15 19:02:20 2026 +0800)

 Sat May 23 21:39:05 2026
 MAKE THE DIR         : OUT.autotest/
 RUNNING WITH DEVICE  : CPU / Intel(R) Core(TM) i7-14650HX (x1)
 WARNING: some of potential function is set to zero cause of less than 1e-30.
 UNIFORM GRID DIM     : 36 * 36 * 36
 UNIFORM GRID DIM(BIG): 36 * 36 * 36
 DONE(2.99376    SEC) : SYMMETRY
 DONE(2.9969     SEC) : SETUP UNITCELL
 DONE(3.2331     SEC) : INIT K-POINTS
 ----------------------------------------------------------------
 Self-consistent calculations for electrons
 ----------------------------------------------------------------
 SPIN    KPOINTS         PROCESSES   THREADS/PROC  THREADS/TOTAL 
 1       3               2           4             8             
 ----------------------------------------------------------------
 Use plane wave basis
 ----------------------------------------------------------------
 ELEMENT NATOM       
 Si      2           
 ----------------------------------------------------------------
 Initial plane wave basis and FFT box
 ----------------------------------------------------------------
 DONE(3.30553    SEC) : INIT PLANEWAVE
 START CHARGE         : ATOMIC
 DONE(3.31908    SEC) : LOCAL POTENTIAL
 DONE(3.33177    SEC) : NON-LOCAL POTENTIAL
 MEMORY FOR PSI (MB)  : 0.28949
 DONE(3.34841    SEC) : INIT BASIS

 ================================================================
 SELF-CONSISTENT: 
 ================================================================
 DONE(3.37495    SEC) : INIT SCF
 ITER       ETOT/eV          EDIFF/eV         DRHO     TIME/s
 CG1     -2.61158640e+02   0.00000000e+00   1.1716e-01   0.04
 CG2     -2.61200937e+02  -4.22968449e-02   8.7730e-03   0.03
 CG3     -2.61211202e+02  -1.02648393e-02   6.5191e-05   0.03
 CG4     -2.61211824e+02  -6.22254223e-04   3.5761e-06   0.04
 CG5     -2.61211827e+02  -2.70906129e-06   5.9969e-08   0.03
 CG6     -2.61211827e+02  -4.09793652e-07   3.6713e-09   0.04
 CG7     -2.61211827e+02  -3.09232080e-09   2.9080e-11   0.03
 CG8     -2.61211827e+02  -2.03934433e-10   3.4498e-13   0.04
 CG9     -2.61211827e+02  -1.49845163e-12   1.3170e-15   0.05
 CG10    -2.72837878e+02  -1.16260503e+01   1.2011e-01   0.16
 CG11    -3.42195946e+02  -6.93580682e+01   1.2256e+00   0.24
 CG12    -2.69123865e+02   7.30720809e+01   7.9876e-02   0.18
 CG13    -2.73337195e+02  -4.21333029e+00   1.2993e-02   0.23
 CG14    -2.75521444e+02  -2.18424886e+00   1.8543e-01   0.20
 CG15    -2.74751921e+02   7.69523192e-01   1.6868e-01   0.23
 CG16    -2.74053522e+02   6.98398892e-01   1.5625e-01   0.20
 CG17    -2.75143094e+02  -1.08957184e+00   1.0048e-02   0.16
 CG18    -2.68712198e+02   6.43089562e+00   2.2051e-02   0.16
 CG19    -2.66640293e+02   2.07190557e+00   3.1364e-02   0.18
 CG20    -2.80075838e+02  -1.34355449e+01   6.6946e-02   0.27
 !!SCF IS NOT CONVERGED!!

 TIME STATISTICS
-----------------------------------------------------------------
   CLASS_NAME          NAME        TIME/s  CALLS   AVG/s  PER/%  
-----------------------------------------------------------------
                 total             5.96   17       0.35   100.00 
 Driver          atomic_world      5.96   1        5.96   100.00 
 Driver          reading           1.47   1        1.47   24.73  
 Symmetry        analy_sys         0.10   1        0.10   1.71   
 Relax_Driver    relax_driver      2.61   1        2.61   43.81  
 ESolver_KS      runner            2.61   1        2.61   43.77  
 Operator        hPsi              2.07   5054     0.00   34.71  
 Operator        veff_pw           1.97   5054     0.00   33.09  
 PW_Basis_K      recip2real        1.02   5720     0.00   17.08  
 PW_Basis_K      real2recip        0.99   5360     0.00   16.61  
 Operator        nonlocal_pw       0.08   5054     0.00   1.39   
 ESolver_KS_PW   hamilt2rho_single 2.42   20       0.12   40.66  
 HSolverPW       solve             2.39   20       0.12   40.08  
 HSolverPW       solve_psik        2.31   60       0.04   38.72  
 DiagoCG         diag_once         2.17   60       0.04   36.34  
 ElecStatePW     psiToRho          0.07   20       0.00   1.15   
 DiagoIterAssist diag_subspace     0.14   57       0.00   2.31   
-----------------------------------------------------------------


 START  Time  : Sat May 23 21:39:05 2026
 FINISH Time  : Sat May 23 21:39:11 2026
 TOTAL  Time  : 6
 SEE INFORMATION IN : OUT.autotest/
