                                                                                     
                              ABACUS v3.11.0-beta.2

               Atomic-orbital Based Ab-initio Computation at UStc                    

                     Website: http://abacus.ustc.edu.cn/                             
               Documentation: https://abacus.deepmodeling.com/                       
                  Repository: https://github.com/abacusmodeling/abacus-develop       
                              https://github.com/deepmodeling/abacus-develop         
                      Commit: 23947d864 (Fri May 15 19:02:20 2026 +0800)

 Sat May 23 21:38:52 2026
 MAKE THE DIR         : OUT.autotest/
 RUNNING WITH DEVICE  : CPU / Intel(R) Core(TM) i7-14650HX (x1)
 WARNING: some of potential function is set to zero cause of less than 1e-30.
 UNIFORM GRID DIM     : 36 * 36 * 36
 UNIFORM GRID DIM(BIG): 36 * 36 * 36
 DONE(0.898423   SEC) : SYMMETRY
 DONE(0.899744   SEC) : SETUP UNITCELL
 DONE(0.978563   SEC) : INIT K-POINTS
 ----------------------------------------------------------------
 Self-consistent calculations for electrons
 ----------------------------------------------------------------
 SPIN    KPOINTS         PROCESSES   THREADS/PROC  THREADS/TOTAL 
 1       3               4           2             8             
 ----------------------------------------------------------------
 Use plane wave basis
 ----------------------------------------------------------------
 ELEMENT NATOM       
 Si      2           
 ----------------------------------------------------------------
 Initial plane wave basis and FFT box
 ----------------------------------------------------------------
 DONE(1.10313    SEC) : INIT PLANEWAVE
 START CHARGE         : ATOMIC
 DONE(1.11444    SEC) : LOCAL POTENTIAL
 DONE(1.13019    SEC) : NON-LOCAL POTENTIAL
 MEMORY FOR PSI (MB)  : 0.144196
 DONE(1.14728    SEC) : INIT BASIS

 ================================================================
 SELF-CONSISTENT: 
 ================================================================
 DONE(1.17142    SEC) : INIT SCF
 ITER       ETOT/eV          EDIFF/eV         DRHO     TIME/s
 CG1     -2.61158640e+02   0.00000000e+00   1.1716e-01   0.03
 CG2     -2.61200937e+02  -4.22968449e-02   8.7730e-03   0.02
 CG3     -2.61211202e+02  -1.02648393e-02   6.5191e-05   0.02
 CG4     -2.61211824e+02  -6.22254222e-04   3.5761e-06   0.03
 CG5     -2.61211827e+02  -2.70906177e-06   5.9969e-08   0.02
 CG6     -2.61211827e+02  -4.09794087e-07   3.6713e-09   0.03
 CG7     -2.61211827e+02  -3.09236913e-09   2.9080e-11   0.02
 CG8     -2.61211827e+02  -2.03354388e-10   3.4496e-13   0.03
 CG9     -2.61211827e+02  -3.23858901e-12   1.3174e-15   0.02
 CG10    -2.72860198e+02  -1.16483708e+01   1.2617e-01   0.08
 CG11    -2.84386681e+02  -1.15264826e+01   9.0556e-02   0.10
 CG12    -2.74699490e+02   9.68719113e+00   1.6397e-01   0.12
 CG13    -2.73649159e+02   1.05033044e+00   1.3980e-01   0.10
 CG14    -2.67142376e+02   6.50678283e+00   1.5193e-02   0.12
 CG15    -2.87914212e+02  -2.07718353e+01   1.7378e-01   0.14
 CG16    -2.67307841e+02   2.06063702e+01   3.1172e-02   0.13
 CG17    -2.68670851e+02  -1.36300994e+00   5.7091e-02   0.10
 CG18    -2.72711849e+02  -4.04099776e+00   1.2271e-01   0.11
 CG19    -2.72875199e+02  -1.63350081e-01   1.2633e-01   0.13
 CG20    -2.74853653e+02  -1.97845421e+00   1.1374e-02   0.19
 !!SCF IS NOT CONVERGED!!

 TIME STATISTICS
-----------------------------------------------------------------
   CLASS_NAME          NAME        TIME/s  CALLS   AVG/s  PER/%  
-----------------------------------------------------------------
                 total             2.79   17       0.16   100.00 
 Driver          atomic_world      2.79   1        2.79   100.00 
 Driver          reading           0.24   1        0.24   8.64   
 Symmetry        analy_sys         0.04   1        0.04   1.61   
 Relax_Driver    relax_driver      1.64   1        1.64   58.83  
 ESolver_KS      runner            1.64   1        1.64   58.74  
 Symmetry_rho    begin             0.04   21       0.00   1.39   
 Operator        hPsi              1.20   4735     0.00   43.17  
 Operator        veff_pw           1.11   4735     0.00   39.92  
 PW_Basis_K      recip2real        0.55   5401     0.00   19.82  
 PW_Basis_K      real2recip        0.58   5041     0.00   20.77  
 Operator        nonlocal_pw       0.08   4735     0.00   2.97   
 ESolver_KS_PW   hamilt2rho_single 1.45   20       0.07   52.13  
 HSolverPW       solve             1.42   20       0.07   50.83  
 HSolverPW       solve_psik        1.36   60       0.02   48.84  
 DiagoCG         diag_once         1.27   60       0.02   45.55  
 ElecStatePW     psiToRho          0.04   20       0.00   1.53   
 DiagoIterAssist diag_subspace     0.09   57       0.00   3.07   
 ModuleIO        write_rhog        0.08   1        0.08   2.80   
-----------------------------------------------------------------


 START  Time  : Sat May 23 21:38:52 2026
 FINISH Time  : Sat May 23 21:38:55 2026
 TOTAL  Time  : 3
 SEE INFORMATION IN : OUT.autotest/
