                                                                                     
                              ABACUS v3.11.0-beta.2

               Atomic-orbital Based Ab-initio Computation at UStc                    

                     Website: http://abacus.ustc.edu.cn/                             
               Documentation: https://abacus.deepmodeling.com/                       
                  Repository: https://github.com/abacusmodeling/abacus-develop       
                              https://github.com/deepmodeling/abacus-develop         
                      Commit: 23947d864 (Fri May 15 19:02:20 2026 +0800)

 Sat May 23 21:38:39 2026
 MAKE THE DIR         : OUT.autotest/
 RUNNING WITH DEVICE  : CPU / Intel(R) Core(TM) i7-14650HX (x1)
 WARNING: some of potential function is set to zero cause of less than 1e-30.
 UNIFORM GRID DIM     : 36 * 36 * 36
 UNIFORM GRID DIM(BIG): 36 * 36 * 36
 DONE(1.73603    SEC) : SYMMETRY
 DONE(1.73788    SEC) : SETUP UNITCELL
 DONE(1.82385    SEC) : INIT K-POINTS
 ----------------------------------------------------------------
 Self-consistent calculations for electrons
 ----------------------------------------------------------------
 SPIN    KPOINTS         PROCESSES   THREADS/PROC  THREADS/TOTAL 
 1       3               4           1             4             
 ----------------------------------------------------------------
 Use plane wave basis
 ----------------------------------------------------------------
 ELEMENT NATOM       
 Si      2           
 ----------------------------------------------------------------
 Initial plane wave basis and FFT box
 ----------------------------------------------------------------
 DONE(1.95134    SEC) : INIT PLANEWAVE
 START CHARGE         : ATOMIC
 DONE(1.98624    SEC) : LOCAL POTENTIAL
 DONE(2.01962    SEC) : NON-LOCAL POTENTIAL
 MEMORY FOR PSI (MB)  : 0.144196
 DONE(2.08157    SEC) : INIT BASIS

 ================================================================
 SELF-CONSISTENT: 
 ================================================================
 DONE(2.16751    SEC) : INIT SCF
 ITER       ETOT/eV          EDIFF/eV         DRHO     TIME/s
 CG1     -2.61158640e+02   0.00000000e+00   1.1716e-01   0.05
 CG2     -2.61200937e+02  -4.22968449e-02   8.7730e-03   0.02
 CG3     -2.61211202e+02  -1.02648393e-02   6.5191e-05   0.02
 CG4     -2.61211824e+02  -6.22254220e-04   3.5761e-06   0.02
 CG5     -2.61211827e+02  -2.70906240e-06   5.9969e-08   0.02
 CG6     -2.61211827e+02  -4.09793362e-07   3.6713e-09   0.02
 CG7     -2.61211827e+02  -3.09149906e-09   2.9080e-11   0.02
 CG8     -2.61211827e+02  -2.04127782e-10   3.4497e-13   0.03
 CG9     -2.61211827e+02  -1.78847453e-12   1.3071e-15   0.02
 CG10    -2.69092624e+02  -7.88079654e+00   7.4577e-02   0.05
 CG11    -2.80180820e+02  -1.10881956e+01   2.3098e-01   0.09
 CG12    -2.69976800e+02   1.02040200e+01   6.6290e-02   0.07
 CG13    -2.67322817e+02   2.65398243e+00   3.9582e-02   0.06
 CG14    -2.63524591e+02   3.79822559e+00   3.6395e-02   0.08
 CG15    -2.71950986e+02  -8.42639422e+00   6.9540e-03   0.07
 CG16    -2.61211827e+02   1.07391584e+01   8.6650e-15   0.05
 CG17    -2.81504315e+02  -2.02924875e+01   9.3195e-02   0.09
 CG18    -2.78510089e+02   2.99422614e+00   1.6517e-01   0.10
 CG19    -2.77344068e+02   1.16602031e+00   4.3829e-03   0.08
 CG20    -2.67901095e+02   9.44297327e+00   4.2126e-02   0.32
 !!SCF IS NOT CONVERGED!!

 TIME STATISTICS
-----------------------------------------------------------------
   CLASS_NAME          NAME        TIME/s  CALLS   AVG/s  PER/%  
-----------------------------------------------------------------
                 total             3.76   17       0.22   100.00 
 Driver          atomic_world      3.76   1        3.76   100.00 
 Driver          reading           0.65   1        0.65   17.39  
 Symmetry        analy_sys         0.10   1        0.10   2.71   
 PSIPrepare      prepare_init      0.04   1        0.04   1.17   
 psi_init_atomic tabulate          0.04   1        0.04   1.17   
 Relax_Driver    relax_driver      1.68   1        1.68   44.62  
 ESolver_KS      runner            1.66   1        1.66   44.20  
 ESolver_KS_PW   before_scf        0.06   1        0.06   1.67   
 Operator        hPsi              0.76   4371     0.00   20.25  
 Operator        veff_pw           0.73   4371     0.00   19.49  
 PW_Basis_K      recip2real        0.38   5037     0.00   10.06  
 PW_Basis_K      real2recip        0.36   4677     0.00   9.60   
 ESolver_KS_PW   hamilt2rho_single 0.99   20       0.05   26.28  
 HSolverPW       solve             0.96   20       0.05   25.51  
 HSolverPW       solve_psik        0.84   60       0.01   22.37  
 DiagoCG         diag_once         0.78   60       0.01   20.68  
 DiagoIterAssist diag_subspace     0.06   57       0.00   1.55   
 ModuleIO        write_rhog        0.25   1        0.25   6.73   
-----------------------------------------------------------------


 START  Time  : Sat May 23 21:38:39 2026
 FINISH Time  : Sat May 23 21:38:43 2026
 TOTAL  Time  : 4
 SEE INFORMATION IN : OUT.autotest/
