                                                                                     
                              ABACUS v3.11.0-beta.2

               Atomic-orbital Based Ab-initio Computation at UStc                    

                     Website: http://abacus.ustc.edu.cn/                             
               Documentation: https://abacus.deepmodeling.com/                       
                  Repository: https://github.com/abacusmodeling/abacus-develop       
                              https://github.com/deepmodeling/abacus-develop         
                      Commit: 23947d864 (Fri May 15 19:02:20 2026 +0800)

 Sat May 23 21:58:29 2026
 MAKE THE DIR         : OUT.autotest/
 RUNNING WITH DEVICE  : CPU / Intel(R) Core(TM) i7-14650HX (x1)
 WARNING: some of potential function is set to zero cause of less than 1e-30.
 UNIFORM GRID DIM     : 45 * 45 * 45
 UNIFORM GRID DIM(BIG): 45 * 45 * 45
 DONE(1.48695    SEC) : SYMMETRY
 DONE(1.4892     SEC) : SETUP UNITCELL
 DONE(1.56254    SEC) : INIT K-POINTS
 ----------------------------------------------------------------
 Self-consistent calculations for electrons
 ----------------------------------------------------------------
 SPIN    KPOINTS         PROCESSES   THREADS/PROC  THREADS/TOTAL 
 1       3               1           1             1             
 ----------------------------------------------------------------
 Use plane wave basis
 ----------------------------------------------------------------
 ELEMENT NATOM       
 Si      2           
 ----------------------------------------------------------------
 Initial plane wave basis and FFT box
 ----------------------------------------------------------------
 DONE(1.58717    SEC) : INIT PLANEWAVE
 START CHARGE         : ATOMIC
 DONE(1.60102    SEC) : LOCAL POTENTIAL
 DONE(1.61876    SEC) : NON-LOCAL POTENTIAL
 MEMORY FOR PSI (MB)  : 1.22964
 DONE(1.63948    SEC) : INIT BASIS

 ================================================================
 SELF-CONSISTENT: 
 ================================================================
 DONE(1.69246    SEC) : INIT SCF
 ITER       ETOT/eV          EDIFF/eV         DRHO     TIME/s
 CG1     -2.61160831e+02   0.00000000e+00   1.1719e-01   0.08
 CG2     -2.61203308e+02  -4.24761745e-02   8.7714e-03   0.07
 CG3     -2.61213593e+02  -1.02852362e-02   6.5212e-05   0.08
 CG4     -2.61214219e+02  -6.25759146e-04   3.5805e-06   0.41
 CG5     -2.61214221e+02  -2.74218190e-06   6.1536e-08   0.08
 CG6     -2.61214222e+02  -4.16137613e-07   3.7353e-09   0.10
 CG7     -2.61214222e+02  -3.24777307e-09   2.9810e-11   0.08
 CG8     -2.61214222e+02  -1.93010238e-10   3.3010e-13   0.10
 CG9     -2.61214222e+02  -5.17207499e-12   1.1582e-15   0.09
 CG10    -2.72499269e+02  -1.12850469e+01   1.1960e-01   0.35
 CG11    -2.71090011e+02   1.40925809e+00   1.0941e-01   0.37
 CG12    -2.99832709e+02  -2.87426987e+01   2.1278e-01   0.46
 CG13    -2.75311839e+02   2.45208705e+01   3.5269e-02   0.53
 CG14    -2.83987348e+02  -8.67550937e+00   4.5511e-02   0.39
 CG15    -2.61214230e+02   2.27731183e+01   1.4446e-11   0.40
 CG16    -2.78222640e+02  -1.70084105e+01   2.7048e-01   0.46
 CG17    -2.78503885e+02  -2.81245073e-01   1.9831e-01   0.70
 CG18    -2.79490663e+02  -9.86777971e-01   1.3279e-01   0.67
 CG19    -2.80239094e+02  -7.48430664e-01   6.3284e-02   0.56
 CG20    -3.02331751e+02  -2.20926566e+01   8.0802e-02   0.56
 !!SCF IS NOT CONVERGED!!

 TIME STATISTICS
-----------------------------------------------------------------
   CLASS_NAME          NAME        TIME/s  CALLS   AVG/s  PER/%  
-----------------------------------------------------------------
                 total             8.31   17       0.49   100.00 
 Driver          atomic_world      8.31   1        8.31   100.00 
 Driver          reading           0.80   1        0.80   9.66   
 Relax_Driver    relax_driver      6.67   1        6.67   80.24  
 ESolver_KS      runner            6.66   1        6.66   80.20  
 Potential       cal_veff          0.09   21       0.00   1.07   
 Operator        hPsi              5.50   5460     0.00   66.22  
 Operator        veff_pw           5.35   5460     0.00   64.44  
 PW_Basis_K      recip2real        2.80   6126     0.00   33.65  
 PW_Basis_K      real2recip        2.45   5766     0.00   29.50  
 Operator        nonlocal_pw       0.13   5460     0.00   1.56   
 ESolver_KS_PW   hamilt2rho_single 6.35   20       0.32   76.46  
 HSolverPW       solve             6.28   20       0.31   75.56  
 HSolverPW       solve_psik        5.76   60       0.10   69.30  
 DiagoCG         diag_once         5.42   60       0.09   65.21  
 ElecStatePW     psiToRho          0.18   20       0.01   2.12   
 DiagoIterAssist diag_subspace     0.33   57       0.01   4.02   
-----------------------------------------------------------------


 START  Time  : Sat May 23 21:58:29 2026
 FINISH Time  : Sat May 23 21:58:38 2026
 TOTAL  Time  : 9
 SEE INFORMATION IN : OUT.autotest/
