                                                                                     
                              ABACUS v3.11.0-beta.2

               Atomic-orbital Based Ab-initio Computation at UStc                    

                     Website: http://abacus.ustc.edu.cn/                             
               Documentation: https://abacus.deepmodeling.com/                       
                  Repository: https://github.com/abacusmodeling/abacus-develop       
                              https://github.com/deepmodeling/abacus-develop         
                      Commit: 23947d864 (Fri May 15 19:02:20 2026 +0800)

 Sat May 23 21:59:01 2026
 MAKE THE DIR         : OUT.autotest/
 RUNNING WITH DEVICE  : CPU / Intel(R) Core(TM) i7-14650HX (x1)
 WARNING: some of potential function is set to zero cause of less than 1e-30.
 UNIFORM GRID DIM     : 45 * 45 * 45
 UNIFORM GRID DIM(BIG): 45 * 45 * 45
 DONE(0.177538   SEC) : SYMMETRY
 DONE(0.177825   SEC) : SETUP UNITCELL
 DONE(0.223731   SEC) : INIT K-POINTS
 ----------------------------------------------------------------
 Self-consistent calculations for electrons
 ----------------------------------------------------------------
 SPIN    KPOINTS         PROCESSES   THREADS/PROC  THREADS/TOTAL 
 1       3               2           4             8             
 ----------------------------------------------------------------
 Use plane wave basis
 ----------------------------------------------------------------
 ELEMENT NATOM       
 Si      2           
 ----------------------------------------------------------------
 Initial plane wave basis and FFT box
 ----------------------------------------------------------------
 DONE(0.244188   SEC) : INIT PLANEWAVE
 START CHARGE         : ATOMIC
 DONE(0.257103   SEC) : LOCAL POTENTIAL
 DONE(0.27022    SEC) : NON-LOCAL POTENTIAL
 MEMORY FOR PSI (MB)  : 0.614685
 DONE(0.289922   SEC) : INIT BASIS

 ================================================================
 SELF-CONSISTENT: 
 ================================================================
 DONE(0.321873   SEC) : INIT SCF
 ITER       ETOT/eV          EDIFF/eV         DRHO     TIME/s
 CG1     -2.61160831e+02   0.00000000e+00   1.1719e-01   0.04
 CG2     -2.61203308e+02  -4.24761745e-02   8.7714e-03   0.04
 CG3     -2.61213593e+02  -1.02852362e-02   6.5212e-05   0.04
 CG4     -2.61214219e+02  -6.25759142e-04   3.5805e-06   0.05
 CG5     -2.61214221e+02  -2.74218722e-06   6.1536e-08   0.05
 CG6     -2.61214222e+02  -4.16131136e-07   3.7353e-09   0.06
 CG7     -2.61214222e+02  -3.25560369e-09   2.9810e-11   0.04
 CG8     -2.61214222e+02  -1.93155249e-10   3.3010e-13   0.05
 CG9     -2.61214222e+02  -2.46519462e-12   1.1977e-15   0.06
 CG10    -2.71043621e+02  -9.82939934e+00   8.4598e-02   0.15
 CG11    -2.88543796e+02  -1.75001746e+01   6.4675e-03   0.22
 CG12    -2.84317303e+02   4.22649234e+00   2.1594e-01   0.32
 CG13    -2.69955792e+02   1.43615114e+01   6.5886e-02   0.25
 CG14    -2.68775149e+02   1.18064306e+00   2.0595e-02   0.21
 CG15    -3.01799511e+02  -3.30243623e+01   4.0946e-02   0.26
 CG16    -2.82901539e+02   1.88979726e+01   1.1289e-01   0.30
 CG17    -2.94928164e+02  -1.20266255e+01   1.8433e-02   0.27
 CG18    -2.65682821e+02   2.92453435e+01   2.1979e-02   0.27
 CG19    -2.85041694e+02  -1.93588735e+01   8.7489e-02   0.28
 CG20    -2.85525932e+02  -4.84237933e-01   1.9067e-01   0.36
 !!SCF IS NOT CONVERGED!!

 TIME STATISTICS
-----------------------------------------------------------------
   CLASS_NAME          NAME        TIME/s  CALLS   AVG/s  PER/%  
-----------------------------------------------------------------
                 total             3.69   17       0.22   100.00 
 Driver          atomic_world      3.69   1        3.69   100.00 
 Driver          reading           0.08   1        0.08   2.17   
 Relax_Driver    relax_driver      3.40   1        3.40   92.11  
 ESolver_KS      runner            3.39   1        3.39   92.03  
 Symmetry_rho    begin             0.06   21       0.00   1.64   
 Operator        hPsi              2.66   5430     0.00   72.12  
 Operator        veff_pw           2.50   5430     0.00   67.85  
 PW_Basis_K      recip2real        1.33   6096     0.00   36.04  
 PW_Basis_K      real2recip        1.20   5736     0.00   32.46  
 Operator        nonlocal_pw       0.13   5430     0.00   3.65   
 Nonlocal        add_nonlocal_pp   0.05   5430     0.00   1.41   
 ESolver_KS_PW   hamilt2rho_single 3.20   20       0.16   86.83  
 HSolverPW       solve             3.14   20       0.16   85.27  
 HSolverPW       solve_psik        3.04   60       0.05   82.50  
 DiagoCG         diag_once         2.86   60       0.05   77.54  
 ElecStatePW     psiToRho          0.09   20       0.00   2.36   
 DiagoIterAssist diag_subspace     0.18   57       0.00   4.79   
 ModuleIO        write_rhog        0.05   1        0.05   1.32   
-----------------------------------------------------------------


 START  Time  : Sat May 23 21:59:01 2026
 FINISH Time  : Sat May 23 21:59:05 2026
 TOTAL  Time  : 4
 SEE INFORMATION IN : OUT.autotest/
