                                                                                     
                              ABACUS v3.11.0-beta.2

               Atomic-orbital Based Ab-initio Computation at UStc                    

                     Website: http://abacus.ustc.edu.cn/                             
               Documentation: https://abacus.deepmodeling.com/                       
                  Repository: https://github.com/abacusmodeling/abacus-develop       
                              https://github.com/deepmodeling/abacus-develop         
                      Commit: 23947d864 (Fri May 15 19:02:20 2026 +0800)

 Sat May 23 21:58:52 2026
 MAKE THE DIR         : OUT.autotest/
 RUNNING WITH DEVICE  : CPU / Intel(R) Core(TM) i7-14650HX (x1)
 WARNING: some of potential function is set to zero cause of less than 1e-30.
 UNIFORM GRID DIM     : 45 * 45 * 45
 UNIFORM GRID DIM(BIG): 45 * 45 * 45
 DONE(0.524018   SEC) : SYMMETRY
 DONE(0.525048   SEC) : SETUP UNITCELL
 DONE(0.582415   SEC) : INIT K-POINTS
 ----------------------------------------------------------------
 Self-consistent calculations for electrons
 ----------------------------------------------------------------
 SPIN    KPOINTS         PROCESSES   THREADS/PROC  THREADS/TOTAL 
 1       3               4           1             4             
 ----------------------------------------------------------------
 Use plane wave basis
 ----------------------------------------------------------------
 ELEMENT NATOM       
 Si      2           
 ----------------------------------------------------------------
 Initial plane wave basis and FFT box
 ----------------------------------------------------------------
 DONE(0.592304   SEC) : INIT PLANEWAVE
 START CHARGE         : ATOMIC
 DONE(0.601102   SEC) : LOCAL POTENTIAL
 DONE(0.615113   SEC) : NON-LOCAL POTENTIAL
 MEMORY FOR PSI (MB)  : 0.306519
 DONE(0.632469   SEC) : INIT BASIS

 ================================================================
 SELF-CONSISTENT: 
 ================================================================
 DONE(0.657544   SEC) : INIT SCF
 ITER       ETOT/eV          EDIFF/eV         DRHO     TIME/s
 CG1     -2.61160831e+02   0.00000000e+00   1.1719e-01   0.03
 CG2     -2.61203308e+02  -4.24761745e-02   8.7714e-03   0.03
 CG3     -2.61213593e+02  -1.02852362e-02   6.5212e-05   0.03
 CG4     -2.61214219e+02  -6.25759141e-04   3.5805e-06   0.03
 CG5     -2.61214221e+02  -2.74218780e-06   6.1536e-08   0.03
 CG6     -2.61214222e+02  -4.16131281e-07   3.7353e-09   0.03
 CG7     -2.61214222e+02  -3.25574870e-09   2.9810e-11   0.03
 CG8     -2.61214222e+02  -1.92091832e-10   3.3009e-13   0.03
 CG9     -2.61214222e+02  -2.46519462e-12   1.2113e-15   0.03
 CG10    -2.67287638e+02  -6.07341571e+00   3.4380e-02   0.08
 CG11    -2.63060631e+02   4.22700676e+00   3.6093e-04   0.10
 CG12    -2.86425844e+02  -2.33652136e+01   1.7465e-01   0.17
 CG13    -2.76494625e+02   9.93121894e+00   1.4517e-01   0.17
 CG14    -2.80270328e+02  -3.77570210e+00   6.0451e-03   0.15
 CG15    -2.71090916e+02   9.17941125e+00   3.3396e-02   0.15
 CG16    -2.73673041e+02  -2.58212514e+00   1.6222e-02   0.11
 CG17    -2.87381621e+02  -1.37085799e+01   9.5697e-03   0.27
 CG18    -2.68627075e+02   1.87545460e+01   4.8100e-02   0.17
 CG19    -2.94870329e+02  -2.62432533e+01   9.8169e-03   0.15
 CG20    -2.67463136e+02   2.74071923e+01   1.5422e-03   0.26
 !!SCF IS NOT CONVERGED!!

 TIME STATISTICS
-----------------------------------------------------------------
   CLASS_NAME          NAME        TIME/s  CALLS   AVG/s  PER/%  
-----------------------------------------------------------------
                 total             2.82   17       0.17   100.00 
 Driver          atomic_world      2.82   1        2.82   100.00 
 Driver          reading           0.36   1        0.36   12.81  
 Symmetry        analy_sys         0.03   1        0.03   1.13   
 Relax_Driver    relax_driver      2.19   1        2.19   77.58  
 ESolver_KS      runner            2.19   1        2.19   77.54  
 Symmetry_rho    begin             0.06   21       0.00   2.26   
 Symmetry        rhog_symmetry     0.04   21       0.00   1.51   
 Operator        hPsi              1.63   5117     0.00   57.60  
 Operator        veff_pw           1.56   5117     0.00   55.39  
 PW_Basis_K      recip2real        0.80   5788     0.00   28.49  
 PW_Basis_K      real2recip        0.75   5428     0.00   26.74  
 Operator        nonlocal_pw       0.06   5117     0.00   1.96   
 ESolver_KS_PW   hamilt2rho_single 1.89   20       0.09   67.06  
 HSolverPW       solve             1.83   20       0.09   64.95  
 HSolverPW       solve_psik        1.75   60       0.03   62.08  
 DiagoCG         diag_once         1.63   61       0.03   57.77  
 ElecStatePW     psiToRho          0.05   20       0.00   1.93   
 DiagoIterAssist diag_subspace     0.12   58       0.00   4.18   
 ModuleIO        write_rhog        0.11   1        0.11   4.01   
 ESolver_KS_PW   after_scf         0.03   1        0.03   1.18   
-----------------------------------------------------------------


 START  Time  : Sat May 23 21:58:52 2026
 FINISH Time  : Sat May 23 21:58:55 2026
 TOTAL  Time  : 3
 SEE INFORMATION IN : OUT.autotest/
