                                                                                     
                              ABACUS v3.11.0-beta.2

               Atomic-orbital Based Ab-initio Computation at UStc                    

                     Website: http://abacus.ustc.edu.cn/                             
               Documentation: https://abacus.deepmodeling.com/                       
                  Repository: https://github.com/abacusmodeling/abacus-develop       
                              https://github.com/deepmodeling/abacus-develop         
                      Commit: 23947d864 (Fri May 15 19:02:20 2026 +0800)

 Sat May 23 21:56:49 2026
 MAKE THE DIR         : OUT.autotest/
 RUNNING WITH DEVICE  : CPU / Intel(R) Core(TM) i7-14650HX (x1)
 WARNING: some of potential function is set to zero cause of less than 1e-30.
 UNIFORM GRID DIM     : 24 * 24 * 24
 UNIFORM GRID DIM(BIG): 24 * 24 * 24
 DONE(1.73629    SEC) : SYMMETRY
 DONE(1.73887    SEC) : SETUP UNITCELL
 DONE(1.8859     SEC) : INIT K-POINTS
 ----------------------------------------------------------------
 Self-consistent calculations for electrons
 ----------------------------------------------------------------
 SPIN    KPOINTS         PROCESSES   THREADS/PROC  THREADS/TOTAL 
 1       3               1           1             1             
 ----------------------------------------------------------------
 Use plane wave basis
 ----------------------------------------------------------------
 ELEMENT NATOM       
 Si      2           
 ----------------------------------------------------------------
 Initial plane wave basis and FFT box
 ----------------------------------------------------------------
 DONE(1.91172    SEC) : INIT PLANEWAVE
 START CHARGE         : ATOMIC
 DONE(1.91793    SEC) : LOCAL POTENTIAL
 DONE(1.94234    SEC) : NON-LOCAL POTENTIAL
 MEMORY FOR PSI (MB)  : 0.112885
 DONE(1.96392    SEC) : INIT BASIS

 ================================================================
 SELF-CONSISTENT: 
 ================================================================
 DONE(1.99       SEC) : INIT SCF
 ITER       ETOT/eV          EDIFF/eV         DRHO     TIME/s
 CG1     -2.61073068e+02   0.00000000e+00   1.1485e-01   0.02
 CG2     -2.61101535e+02  -2.84668110e-02   8.9037e-03   0.01
 CG3     -2.61111856e+02  -1.03214340e-02   7.1160e-05   0.01
 CG4     -2.61112363e+02  -5.07315438e-04   3.8974e-06   0.02
 CG5     -2.61112368e+02  -4.80473856e-06   1.9280e-07   0.01
 CG6     -2.61112368e+02  -2.68270792e-07   7.3538e-10   0.01
 CG7     -2.61112368e+02  -1.01868125e-08   3.2967e-11   0.01
 CG8     -2.61112368e+02  -2.99206955e-11   8.8861e-13   0.02
 CG9     -2.61112368e+02  -1.98182313e-12   3.9755e-14   0.02
 CG10    -2.62486930e+02  -1.37456125e+00   1.9956e-03   0.02
 CG11    -2.61112368e+02   1.37456125e+00   7.0033e-14   0.02
 CG12    -2.61112368e+02  -2.41685747e-12   4.8801e-14   0.02
 CG13    -2.61112368e+02   5.55877218e-12   4.8151e-14   0.02
 CG14    -2.61112368e+02  -5.65544648e-12   5.6445e-14   0.01
 CG15    -2.61112368e+02   2.70688037e-12   5.7110e-14   0.02
 CG16    -2.61112368e+02  -2.75521752e-12   5.6558e-14   0.02
 CG17    -2.61112368e+02  -1.01508014e-12   5.7320e-14   0.02
 CG18    -2.61112368e+02   7.73394390e-12   5.6729e-14   0.02
 CG19    -2.61112368e+02   4.54369204e-12   5.6886e-14   0.02
 CG20    -2.61112368e+02  -8.21731540e-12   1.0307e-15   0.53
 !!SCF IS NOT CONVERGED!!

 TIME STATISTICS
-----------------------------------------------------------------
   CLASS_NAME          NAME        TIME/s  CALLS   AVG/s  PER/%  
-----------------------------------------------------------------
                 total             3.36   17       0.20   100.00 
 Driver          atomic_world      3.36   1        3.36   100.00 
 Driver          reading           0.85   1        0.85   25.43  
 Symmetry        analy_sys         0.11   1        0.11   3.15   
 Charge          atomic_rho        0.04   2        0.02   1.06   
 Relax_Driver    relax_driver      1.37   1        1.37   40.81  
 ESolver_KS      runner            1.36   1        1.36   40.60  
 Operator        hPsi              0.19   1022     0.00   5.57   
 Operator        veff_pw           0.18   1022     0.00   5.42   
 PW_Basis_K      recip2real        0.11   1688     0.00   3.26   
 PW_Basis_K      real2recip        0.08   1328     0.00   2.46   
 ESolver_KS_PW   hamilt2rho_single 0.30   20       0.01   8.89   
 HSolverPW       solve             0.29   20       0.01   8.56   
 HSolverPW       solve_psik        0.20   60       0.00   5.86   
 DiagoCG         diag_once         0.14   60       0.00   4.18   
 DiagoIterAssist diag_subspace     0.05   57       0.00   1.56   
 ModuleIO        write_rhog        0.51   1        0.51   15.16  
 ESolver_KS_PW   after_scf         0.19   1        0.19   5.64   
 ModuleIO        write_eig_file    0.16   1        0.16   4.62   
-----------------------------------------------------------------


 START  Time  : Sat May 23 21:56:49 2026
 FINISH Time  : Sat May 23 21:56:52 2026
 TOTAL  Time  : 3
 SEE INFORMATION IN : OUT.autotest/
