                                                                                     
                              ABACUS v3.11.0-beta.2

               Atomic-orbital Based Ab-initio Computation at UStc                    

                     Website: http://abacus.ustc.edu.cn/                             
               Documentation: https://abacus.deepmodeling.com/                       
                  Repository: https://github.com/abacusmodeling/abacus-develop       
                              https://github.com/deepmodeling/abacus-develop         
                      Commit: 23947d864 (Fri May 15 19:02:20 2026 +0800)

 Sat May 23 21:56:55 2026
 MAKE THE DIR         : OUT.autotest/
 RUNNING WITH DEVICE  : CPU / Intel(R) Core(TM) i7-14650HX (x1)
 WARNING: some of potential function is set to zero cause of less than 1e-30.
 UNIFORM GRID DIM     : 24 * 24 * 24
 UNIFORM GRID DIM(BIG): 24 * 24 * 24
 DONE(2.91798    SEC) : SYMMETRY
 DONE(2.92348    SEC) : SETUP UNITCELL
 DONE(3.95699    SEC) : INIT K-POINTS
 ----------------------------------------------------------------
 Self-consistent calculations for electrons
 ----------------------------------------------------------------
 SPIN    KPOINTS         PROCESSES   THREADS/PROC  THREADS/TOTAL 
 1       3               1           1             1             
 ----------------------------------------------------------------
 Use plane wave basis
 ----------------------------------------------------------------
 ELEMENT NATOM       
 Si      2           
 ----------------------------------------------------------------
 Initial plane wave basis and FFT box
 ----------------------------------------------------------------
 DONE(4.0898     SEC) : INIT PLANEWAVE
 START CHARGE         : ATOMIC
 DONE(4.14877    SEC) : LOCAL POTENTIAL
 DONE(4.20684    SEC) : NON-LOCAL POTENTIAL
 MEMORY FOR PSI (MB)  : 0.112885
 DONE(4.81482    SEC) : INIT BASIS

 ================================================================
 SELF-CONSISTENT: 
 ================================================================
 DONE(4.85153    SEC) : INIT SCF
 ITER       ETOT/eV          EDIFF/eV         DRHO     TIME/s
 CG1     -2.61073068e+02   0.00000000e+00   1.1485e-01   0.01
 CG2     -2.61101535e+02  -2.84668110e-02   8.9037e-03   0.01
 CG3     -2.61111856e+02  -1.03214340e-02   7.1160e-05   0.01
 CG4     -2.61112363e+02  -5.07315438e-04   3.8974e-06   0.01
 CG5     -2.61112368e+02  -4.80473856e-06   1.9280e-07   0.01
 CG6     -2.61112368e+02  -2.68270792e-07   7.3538e-10   0.01
 CG7     -2.61112368e+02  -1.01868125e-08   3.2967e-11   0.01
 CG8     -2.61112368e+02  -2.99206955e-11   8.8861e-13   0.01
 CG9     -2.61112368e+02  -1.98182313e-12   3.9755e-14   0.01
 CG10    -2.62486930e+02  -1.37456125e+00   1.9956e-03   0.02
 CG11    -2.61112368e+02   1.37456125e+00   7.0033e-14   0.01
 CG12    -2.61112368e+02  -2.41685747e-12   4.8801e-14   0.01
 CG13    -2.61112368e+02   5.55877218e-12   4.8151e-14   0.01
 CG14    -2.61112368e+02  -5.65544648e-12   5.6445e-14   0.01
 CG15    -2.61112368e+02   2.70688037e-12   5.7110e-14   0.02
 CG16    -2.61112368e+02  -2.75521752e-12   5.6558e-14   0.01
 CG17    -2.61112368e+02  -1.01508014e-12   5.7320e-14   0.02
 CG18    -2.61112368e+02   7.73394390e-12   5.6729e-14   0.01
 CG19    -2.61112368e+02   4.54369204e-12   5.6886e-14   0.01
 CG20    -2.61112368e+02  -8.21731540e-12   1.0307e-15   0.68
 !!SCF IS NOT CONVERGED!!

 TIME STATISTICS
---------------------------------------------------------------
  CLASS_NAME         NAME        TIME/s  CALLS   AVG/s  PER/%  
---------------------------------------------------------------
               total             6.00   17       0.35   100.00 
 Driver        atomic_world      6.00   1        6.00   100.00 
 Driver        reading           1.92   1        1.92   31.92  
 Symmetry      analy_sys         0.16   1        0.16   2.71   
 Relax_Driver  relax_driver      1.18   1        1.18   19.70  
 ESolver_KS    runner            1.17   1        1.17   19.53  
 Operator      hPsi              0.15   1022     0.00   2.51   
 Operator      veff_pw           0.15   1022     0.00   2.44   
 PW_Basis_K    recip2real        0.09   1688     0.00   1.57   
 PW_Basis_K    real2recip        0.07   1328     0.00   1.09   
 ESolver_KS_PW hamilt2rho_single 0.23   20       0.01   3.85   
 HSolverPW     solve             0.22   20       0.01   3.68   
 HSolverPW     solve_psik        0.16   60       0.00   2.66   
 DiagoCG       diag_once         0.11   60       0.00   1.90   
 ModuleIO      write_rhog        0.67   1        0.67   11.12  
---------------------------------------------------------------


 START  Time  : Sat May 23 21:56:56 2026
 FINISH Time  : Sat May 23 21:57:02 2026
 TOTAL  Time  : 6
 SEE INFORMATION IN : OUT.autotest/
