                                                                                     
                              ABACUS v3.11.0-beta.2

               Atomic-orbital Based Ab-initio Computation at UStc                    

                     Website: http://abacus.ustc.edu.cn/                             
               Documentation: https://abacus.deepmodeling.com/                       
                  Repository: https://github.com/abacusmodeling/abacus-develop       
                              https://github.com/deepmodeling/abacus-develop         
                      Commit: 23947d864 (Fri May 15 19:02:20 2026 +0800)

 Sat May 23 21:57:30 2026
 MAKE THE DIR         : OUT.autotest/
 RUNNING WITH DEVICE  : CPU / Intel(R) Core(TM) i7-14650HX (x1)
 WARNING: some of potential function is set to zero cause of less than 1e-30.
 UNIFORM GRID DIM     : 24 * 24 * 24
 UNIFORM GRID DIM(BIG): 24 * 24 * 24
 DONE(1.37329    SEC) : SYMMETRY
 DONE(1.37352    SEC) : SETUP UNITCELL
 DONE(1.42085    SEC) : INIT K-POINTS
 ----------------------------------------------------------------
 Self-consistent calculations for electrons
 ----------------------------------------------------------------
 SPIN    KPOINTS         PROCESSES   THREADS/PROC  THREADS/TOTAL 
 1       3               2           4             8             
 ----------------------------------------------------------------
 Use plane wave basis
 ----------------------------------------------------------------
 ELEMENT NATOM       
 Si      2           
 ----------------------------------------------------------------
 Initial plane wave basis and FFT box
 ----------------------------------------------------------------
 DONE(1.44005    SEC) : INIT PLANEWAVE
 START CHARGE         : ATOMIC
 DONE(1.44699    SEC) : LOCAL POTENTIAL
 DONE(1.45367    SEC) : NON-LOCAL POTENTIAL
 MEMORY FOR PSI (MB)  : 0.0563049
 DONE(1.46478    SEC) : INIT BASIS

 ================================================================
 SELF-CONSISTENT: 
 ================================================================
 DONE(1.47605    SEC) : INIT SCF
 ITER       ETOT/eV          EDIFF/eV         DRHO     TIME/s
 CG1     -2.61073068e+02   0.00000000e+00   1.1485e-01   0.01
 CG2     -2.61101535e+02  -2.84668110e-02   8.9037e-03   0.01
 CG3     -2.61111856e+02  -1.03214340e-02   7.1160e-05   0.01
 CG4     -2.61112363e+02  -5.07315446e-04   3.8974e-06   0.01
 CG5     -2.61112368e+02  -4.80473450e-06   1.9280e-07   0.01
 CG6     -2.61112368e+02  -2.68273258e-07   7.3538e-10   0.01
 CG7     -2.61112368e+02  -1.01919363e-08   3.2967e-11   0.01
 CG8     -2.61112368e+02  -2.80838838e-11   8.8854e-13   0.01
 CG9     -2.61112368e+02  -1.59512593e-12   3.9808e-14   0.01
 CG10    -2.61112368e+02  -1.01508014e-12   5.7334e-16   0.01
 CG11    -2.68422669e+02  -7.31030062e+00   2.0581e-02   0.03
 CG12    -2.69992622e+02  -1.56995282e+00   3.1624e-02   0.05
 CG13    -2.75855402e+02  -5.86277997e+00   7.6399e-03   0.04
 CG14    -2.61112368e+02   1.47430334e+01   1.0248e-16   0.03
 CG15    -2.64905891e+02  -3.79352283e+00   1.1710e-02   0.03
 CG16    -2.83066414e+02  -1.81605223e+01   1.4394e-01   0.05
 CG17    -2.66608230e+02   1.64581838e+01   1.3387e-02   0.04
 CG18    -2.75111471e+02  -8.50324075e+00   3.6761e-02   0.04
 CG19    -2.65548548e+02   9.56292287e+00   3.9833e-02   0.04
 CG20    -2.82654251e+02  -1.71057030e+01   7.9021e-03   0.89
 !!SCF IS NOT CONVERGED!!

 TIME STATISTICS
-----------------------------------------------------------------
   CLASS_NAME          NAME        TIME/s  CALLS   AVG/s  PER/%  
-----------------------------------------------------------------
                 total             2.86   17       0.17   100.00 
 Driver          atomic_world      2.86   1        2.86   100.00 
 Driver          reading           1.25   1        1.25   43.54  
 Relax_Driver    relax_driver      1.40   1        1.40   48.79  
 ESolver_KS      runner            1.40   1        1.40   48.73  
 Operator        hPsi              0.35   3877     0.00   12.39  
 Operator        veff_pw           0.32   3877     0.00   11.26  
 PW_Basis_K      recip2real        0.18   4543     0.00   6.13   
 PW_Basis_K      real2recip        0.15   4183     0.00   5.23   
 ESolver_KS_PW   hamilt2rho_single 0.47   20       0.02   16.38  
 HSolverPW       solve             0.46   20       0.02   16.09  
 HSolverPW       solve_psik        0.43   60       0.01   15.19  
 DiagoCG         diag_once         0.40   60       0.01   14.01  
 DiagoIterAssist diag_subspace     0.03   57       0.00   1.10   
 ModuleIO        write_rhog        0.84   1        0.84   29.43  
-----------------------------------------------------------------


 START  Time  : Sat May 23 21:57:30 2026
 FINISH Time  : Sat May 23 21:57:33 2026
 TOTAL  Time  : 3
 SEE INFORMATION IN : OUT.autotest/
