                                                                                     
                              ABACUS v3.11.0-beta.2

               Atomic-orbital Based Ab-initio Computation at UStc                    

                     Website: http://abacus.ustc.edu.cn/                             
               Documentation: https://abacus.deepmodeling.com/                       
                  Repository: https://github.com/abacusmodeling/abacus-develop       
                              https://github.com/deepmodeling/abacus-develop         
                      Commit: 23947d864 (Fri May 15 19:02:20 2026 +0800)

 Sat May 23 21:57:28 2026
 MAKE THE DIR         : OUT.autotest/
 RUNNING WITH DEVICE  : CPU / Intel(R) Core(TM) i7-14650HX (x1)
 WARNING: some of potential function is set to zero cause of less than 1e-30.
 UNIFORM GRID DIM     : 24 * 24 * 24
 UNIFORM GRID DIM(BIG): 24 * 24 * 24
 DONE(0.265686   SEC) : SYMMETRY
 DONE(0.265957   SEC) : SETUP UNITCELL
 DONE(0.310803   SEC) : INIT K-POINTS
 ----------------------------------------------------------------
 Self-consistent calculations for electrons
 ----------------------------------------------------------------
 SPIN    KPOINTS         PROCESSES   THREADS/PROC  THREADS/TOTAL 
 1       3               2           4             8             
 ----------------------------------------------------------------
 Use plane wave basis
 ----------------------------------------------------------------
 ELEMENT NATOM       
 Si      2           
 ----------------------------------------------------------------
 Initial plane wave basis and FFT box
 ----------------------------------------------------------------
 DONE(0.332132   SEC) : INIT PLANEWAVE
 START CHARGE         : ATOMIC
 DONE(0.341182   SEC) : LOCAL POTENTIAL
 DONE(0.350327   SEC) : NON-LOCAL POTENTIAL
 MEMORY FOR PSI (MB)  : 0.0563049
 DONE(0.362874   SEC) : INIT BASIS

 ================================================================
 SELF-CONSISTENT: 
 ================================================================
 DONE(0.376764   SEC) : INIT SCF
 ITER       ETOT/eV          EDIFF/eV         DRHO     TIME/s
 CG1     -2.61073068e+02   0.00000000e+00   1.1485e-01   0.01
 CG2     -2.61101535e+02  -2.84668110e-02   8.9037e-03   0.01
 CG3     -2.61111856e+02  -1.03214340e-02   7.1160e-05   0.01
 CG4     -2.61112363e+02  -5.07315446e-04   3.8974e-06   0.01
 CG5     -2.61112368e+02  -4.80473508e-06   1.9280e-07   0.01
 CG6     -2.61112368e+02  -2.68272968e-07   7.3538e-10   0.01
 CG7     -2.61112368e+02  -1.01904862e-08   3.2967e-11   0.01
 CG8     -2.61112368e+02  -2.85672553e-11   8.8865e-13   0.01
 CG9     -2.61112368e+02  -2.94856611e-12   3.9839e-14   0.01
 CG10    -2.62050028e+02  -9.37660006e-01   1.7441e-03   0.02
 CG11    -2.62542979e+02  -4.92950336e-01   7.7432e-04   0.02
 CG12    -2.61112368e+02   1.43061034e+00   1.6219e-13   0.01
 CG13    -2.61112368e+02   5.31708643e-13   1.1567e-13   0.01
 CG14    -2.61112368e+02  -1.39162653e-10   1.2592e-13   0.01
 CG15    -2.61112368e+02   1.38437596e-10   1.2320e-13   0.01
 CG16    -2.61112368e+02   6.28382942e-13   1.2712e-13   0.01
 CG17    -2.61112368e+02   1.93348598e-13   1.2740e-13   0.01
 CG18    -2.61112368e+02  -9.66742988e-13   1.2779e-13   0.01
 CG19    -2.61112368e+02   2.45069347e-11   1.2763e-13   0.01
 CG20    -2.61112368e+02  -2.12683457e-11   8.3845e-16   1.09
 !!SCF IS NOT CONVERGED!!

 TIME STATISTICS
-----------------------------------------------------------------
   CLASS_NAME          NAME        TIME/s  CALLS   AVG/s  PER/%  
-----------------------------------------------------------------
                 total             1.69   17       0.10   100.00 
 Driver          atomic_world      1.69   1        1.69   100.00 
 Driver          reading           0.12   1        0.12   7.27   
 Symmetry        analy_sys         0.02   1        0.02   1.04   
 Relax_Driver    relax_driver      1.32   1        1.32   78.41  
 ESolver_KS      runner            1.32   1        1.32   78.26  
 Operator        hPsi              0.12   1142     0.00   7.16   
 Operator        veff_pw           0.11   1142     0.00   6.56   
 PW_Basis_K      recip2real        0.07   1808     0.00   4.24   
 PW_Basis_K      real2recip        0.05   1448     0.00   3.10   
 ESolver_KS_PW   hamilt2rho_single 0.18   20       0.01   10.50  
 HSolverPW       solve             0.17   20       0.01   10.02  
 HSolverPW       solve_psik        0.14   60       0.00   8.51   
 DiagoCG         diag_once         0.11   60       0.00   6.62   
 ElecStatePW     psiToRho          0.02   20       0.00   1.02   
 DiagoIterAssist diag_subspace     0.03   57       0.00   1.74   
 ModuleIO        write_rhog        1.07   1        1.07   63.61  
-----------------------------------------------------------------


 START  Time  : Sat May 23 21:57:28 2026
 FINISH Time  : Sat May 23 21:57:30 2026
 TOTAL  Time  : 2
 SEE INFORMATION IN : OUT.autotest/
