Info: Local MPI proc number: 2,OpenMP thread number: 4,Total thread number: 8,Local thread limit: 24
--------------------------------------------------------------------------
Primary job  terminated normally, but 1 process returned
a non-zero exit code. Per user-direction, the job has been aborted.
--------------------------------------------------------------------------
--------------------------------------------------------------------------
mpirun detected that one or more processes exited with non-zero status, thus causing
the job to be terminated. The first process to do so was:

  Process name: [[63314,1],0]
  Exit code:    1
--------------------------------------------------------------------------
Command exited with non-zero status 1
	Command being timed: "/usr/bin/mpirun --bind-to none -np 2 /mnt/d/__Coding__/github/abacus-develop/build_baseline/abacus_pw_para"
	User time (seconds): 0.15
	System time (seconds): 0.25
	Percent of CPU this job got: 20%
	Elapsed (wall clock) time (h:mm:ss or m:ss): 0:01.97
	Average shared text size (kbytes): 0
	Average unshared data size (kbytes): 0
	Average stack size (kbytes): 0
	Average total size (kbytes): 0
	Maximum resident set size (kbytes): 24132
	Average resident set size (kbytes): 0
	Major (requiring I/O) page faults: 55
	Minor (reclaiming a frame) page faults: 4258
	Voluntary context switches: 1423
	Involuntary context switches: 873
	Swaps: 0
	File system inputs: 3240
	File system outputs: 184
	Socket messages sent: 0
	Socket messages received: 0
	Signals delivered: 0
	Page size (bytes): 4096
	Exit status: 1
Info: Local MPI proc number: 2,OpenMP thread number: 4,Total thread number: 8,Local thread limit: 24
	Command being timed: "/usr/bin/mpirun --bind-to none -np 2 /mnt/d/__Coding__/github/abacus-develop/build_baseline/abacus_pw_para"
	User time (seconds): 9.37
	System time (seconds): 3.20
	Percent of CPU this job got: 306%
	Elapsed (wall clock) time (h:mm:ss or m:ss): 0:04.10
	Average shared text size (kbytes): 0
	Average unshared data size (kbytes): 0
	Average stack size (kbytes): 0
	Average total size (kbytes): 0
	Maximum resident set size (kbytes): 30316
	Average resident set size (kbytes): 0
	Major (requiring I/O) page faults: 208
	Minor (reclaiming a frame) page faults: 8085
	Voluntary context switches: 4329
	Involuntary context switches: 811
	Swaps: 0
	File system inputs: 10544
	File system outputs: 184
	Socket messages sent: 0
	Socket messages received: 0
	Signals delivered: 0
	Page size (bytes): 4096
	Exit status: 0
