Info: Local MPI proc number: 2,OpenMP thread number: 4,Total thread number: 8,Local thread limit: 24
--------------------------------------------------------------------------
Primary job  terminated normally, but 1 process returned
a non-zero exit code. Per user-direction, the job has been aborted.
--------------------------------------------------------------------------
--------------------------------------------------------------------------
mpirun detected that one or more processes exited with non-zero status, thus causing
the job to be terminated. The first process to do so was:

  Process name: [[62612,1],0]
  Exit code:    1
--------------------------------------------------------------------------
Command exited with non-zero status 1
	Command being timed: "/usr/bin/mpirun --bind-to none -np 2 /mnt/d/__Coding__/github/abacus-develop/build_baseline/abacus_pw_para"
	User time (seconds): 0.13
	System time (seconds): 0.28
	Percent of CPU this job got: 26%
	Elapsed (wall clock) time (h:mm:ss or m:ss): 0:01.58
	Average shared text size (kbytes): 0
	Average unshared data size (kbytes): 0
	Average stack size (kbytes): 0
	Average total size (kbytes): 0
	Maximum resident set size (kbytes): 24324
	Average resident set size (kbytes): 0
	Major (requiring I/O) page faults: 54
	Minor (reclaiming a frame) page faults: 4252
	Voluntary context switches: 1407
	Involuntary context switches: 778
	Swaps: 0
	File system inputs: 3800
	File system outputs: 184
	Socket messages sent: 0
	Socket messages received: 0
	Signals delivered: 0
	Page size (bytes): 4096
	Exit status: 1
Info: Local MPI proc number: 2,OpenMP thread number: 4,Total thread number: 8,Local thread limit: 24
	Command being timed: "/usr/bin/mpirun --bind-to none -np 2 /mnt/d/__Coding__/github/abacus-develop/build_baseline/abacus_pw_para"
	User time (seconds): 4.55
	System time (seconds): 1.96
	Percent of CPU this job got: 320%
	Elapsed (wall clock) time (h:mm:ss or m:ss): 0:02.03
	Average shared text size (kbytes): 0
	Average unshared data size (kbytes): 0
	Average stack size (kbytes): 0
	Average total size (kbytes): 0
	Maximum resident set size (kbytes): 30208
	Average resident set size (kbytes): 0
	Major (requiring I/O) page faults: 196
	Minor (reclaiming a frame) page faults: 8068
	Voluntary context switches: 4355
	Involuntary context switches: 701
	Swaps: 0
	File system inputs: 10544
	File system outputs: 184
	Socket messages sent: 0
	Socket messages received: 0
	Signals delivered: 0
	Page size (bytes): 4096
	Exit status: 0
