                                                                                     
                              ABACUS v3.11.0-beta.2

               Atomic-orbital Based Ab-initio Computation at UStc                    

                     Website: http://abacus.ustc.edu.cn/                             
               Documentation: https://abacus.deepmodeling.com/                       
                  Repository: https://github.com/abacusmodeling/abacus-develop       
                              https://github.com/deepmodeling/abacus-develop         
                      Commit: 23947d864 (Fri May 15 19:02:20 2026 +0800)

 Sat May 23 21:57:16 2026
 MAKE THE DIR         : OUT.autotest/
 RUNNING WITH DEVICE  : CPU / Intel(R) Core(TM) i7-14650HX (x1)
 WARNING: some of potential function is set to zero cause of less than 1e-30.
 UNIFORM GRID DIM     : 24 * 24 * 24
 UNIFORM GRID DIM(BIG): 24 * 24 * 24
 DONE(1.59387    SEC) : SYMMETRY
 DONE(1.59408    SEC) : SETUP UNITCELL
 DONE(1.64404    SEC) : INIT K-POINTS
 ----------------------------------------------------------------
 Self-consistent calculations for electrons
 ----------------------------------------------------------------
 SPIN    KPOINTS         PROCESSES   THREADS/PROC  THREADS/TOTAL 
 1       3               4           2             8             
 ----------------------------------------------------------------
 Use plane wave basis
 ----------------------------------------------------------------
 ELEMENT NATOM       
 Si      2           
 ----------------------------------------------------------------
 Initial plane wave basis and FFT box
 ----------------------------------------------------------------
 DONE(1.65208    SEC) : INIT PLANEWAVE
 START CHARGE         : ATOMIC
 DONE(1.65927    SEC) : LOCAL POTENTIAL
 DONE(1.66746    SEC) : NON-LOCAL POTENTIAL
 MEMORY FOR PSI (MB)  : 0.0282898
 DONE(1.67839    SEC) : INIT BASIS

 ================================================================
 SELF-CONSISTENT: 
 ================================================================
 DONE(1.69851    SEC) : INIT SCF
 ITER       ETOT/eV          EDIFF/eV         DRHO     TIME/s
 CG1     -2.61073068e+02   0.00000000e+00   1.1485e-01   0.01
 CG2     -2.61101535e+02  -2.84668110e-02   8.9037e-03   0.01
 CG3     -2.61111856e+02  -1.03214340e-02   7.1160e-05   0.01
 CG4     -2.61112363e+02  -5.07315445e-04   3.8974e-06   0.01
 CG5     -2.61112368e+02  -4.80473440e-06   1.9280e-07   0.01
 CG6     -2.61112368e+02  -2.68273741e-07   7.3538e-10   0.01
 CG7     -2.61112368e+02  -1.01912112e-08   3.2967e-11   0.01
 CG8     -2.61112368e+02  -2.76488495e-11   8.8861e-13   0.01
 CG9     -2.61112368e+02  -2.70688037e-12   3.9867e-14   0.01
 CG10    -2.61112368e+02   2.90022896e-13   5.5063e-16   0.01
 CG11    -2.65302920e+02  -4.19055155e+00   2.4313e-02   0.02
 CG12    -2.82261347e+02  -1.69584274e+01   1.3722e-02   0.02
 CG13    -2.77534387e+02   4.72696023e+00   9.4240e-02   0.04
 CG14    -2.73958070e+02   3.57631738e+00   1.5315e-01   0.04
 CG15    -2.76611137e+02  -2.65306676e+00   9.8306e-02   0.05
 CG16    -2.77380059e+02  -7.68921985e-01   1.5439e-01   0.04
 CG17    -3.01186264e+02  -2.38062052e+01   1.0023e-02   0.05
 CG18    -2.61112368e+02   4.00738953e+01   3.0499e-15   0.04
 CG19    -2.61112368e+02   7.55664324e-09   2.2471e-15   0.03
 CG20    -2.87638002e+02  -2.65256333e+01   2.0351e-01   0.08
 !!SCF IS NOT CONVERGED!!

 TIME STATISTICS
-----------------------------------------------------------------
   CLASS_NAME          NAME        TIME/s  CALLS   AVG/s  PER/%  
-----------------------------------------------------------------
                 total             2.23   17       0.13   100.00 
 Driver          atomic_world      2.23   1        2.23   100.00 
 Driver          reading           1.42   1        1.42   63.48  
 Input_Conv      Convert           1.14   1        1.14   50.92  
 Relax_Driver    relax_driver      0.56   1        0.56   24.86  
 ESolver_KS      runner            0.55   1        0.55   24.73  
 Operator        hPsi              0.33   4198     0.00   14.58  
 Operator        veff_pw           0.29   4198     0.00   13.10  
 PW_Basis_K      recip2real        0.15   4864     0.00   6.59   
 PW_Basis_K      real2recip        0.15   4504     0.00   6.67   
 Operator        nonlocal_pw       0.03   4198     0.00   1.25   
 ESolver_KS_PW   hamilt2rho_single 0.45   20       0.02   20.05  
 HSolverPW       solve             0.44   20       0.02   19.60  
 HSolverPW       solve_psik        0.42   60       0.01   18.58  
 DiagoCG         diag_once         0.38   60       0.01   17.00  
 DiagoIterAssist diag_subspace     0.03   57       0.00   1.39   
 ModuleIO        write_rhog        0.03   1        0.03   1.19   
-----------------------------------------------------------------


 START  Time  : Sat May 23 21:57:16 2026
 FINISH Time  : Sat May 23 21:57:18 2026
 TOTAL  Time  : 2
 SEE INFORMATION IN : OUT.autotest/
