                                                                                     
                              ABACUS v3.11.0-beta.2

               Atomic-orbital Based Ab-initio Computation at UStc                    

                     Website: http://abacus.ustc.edu.cn/                             
               Documentation: https://abacus.deepmodeling.com/                       
                  Repository: https://github.com/abacusmodeling/abacus-develop       
                              https://github.com/deepmodeling/abacus-develop         
                      Commit: 23947d864 (Fri May 15 19:02:20 2026 +0800)

 Sat May 23 21:57:11 2026
 MAKE THE DIR         : OUT.autotest/
 RUNNING WITH DEVICE  : CPU / Intel(R) Core(TM) i7-14650HX (x1)
 WARNING: some of potential function is set to zero cause of less than 1e-30.
 UNIFORM GRID DIM     : 24 * 24 * 24
 UNIFORM GRID DIM(BIG): 24 * 24 * 24
 DONE(1.00738    SEC) : SYMMETRY
 DONE(1.008      SEC) : SETUP UNITCELL
 DONE(1.06888    SEC) : INIT K-POINTS
 ----------------------------------------------------------------
 Self-consistent calculations for electrons
 ----------------------------------------------------------------
 SPIN    KPOINTS         PROCESSES   THREADS/PROC  THREADS/TOTAL 
 1       3               4           1             4             
 ----------------------------------------------------------------
 Use plane wave basis
 ----------------------------------------------------------------
 ELEMENT NATOM       
 Si      2           
 ----------------------------------------------------------------
 Initial plane wave basis and FFT box
 ----------------------------------------------------------------
 DONE(1.07987    SEC) : INIT PLANEWAVE
 START CHARGE         : ATOMIC
 DONE(1.08543    SEC) : LOCAL POTENTIAL
 DONE(1.09243    SEC) : NON-LOCAL POTENTIAL
 MEMORY FOR PSI (MB)  : 0.0282898
 DONE(1.10171    SEC) : INIT BASIS

 ================================================================
 SELF-CONSISTENT: 
 ================================================================
 DONE(1.1111     SEC) : INIT SCF
 ITER       ETOT/eV          EDIFF/eV         DRHO     TIME/s
 CG1     -2.61073068e+02   0.00000000e+00   1.1485e-01   0.01
 CG2     -2.61101535e+02  -2.84668110e-02   8.9037e-03   0.00
 CG3     -2.61111856e+02  -1.03214340e-02   7.1160e-05   0.00
 CG4     -2.61112363e+02  -5.07315446e-04   3.8974e-06   0.01
 CG5     -2.61112368e+02  -4.80473430e-06   1.9280e-07   0.01
 CG6     -2.61112368e+02  -2.68274079e-07   7.3538e-10   0.00
 CG7     -2.61112368e+02  -1.01913079e-08   3.2967e-11   0.01
 CG8     -2.61112368e+02  -2.77455238e-11   8.8862e-13   0.00
 CG9     -2.61112368e+02  -1.78847453e-12   3.9854e-14   0.01
 CG10    -2.61112368e+02  -7.25057241e-13   5.4622e-16   0.01
 CG11    -2.80689518e+02  -1.95771496e+01   1.6663e-01   0.02
 CG12    -2.79827092e+02   8.62426472e-01   9.9386e-02   0.03
 CG13    -2.65960446e+02   1.38666457e+01   4.1678e-03   0.02
 CG14    -2.82368485e+02  -1.64080390e+01   4.1908e-02   0.02
 CG15    -2.87205049e+02  -4.83656443e+00   2.6473e-02   0.03
 CG16    -2.79425448e+02   7.77960154e+00   3.1419e-01   0.03
 CG17    -2.72168512e+02   7.25693602e+00   7.6500e-03   0.02
 CG18    -2.71892229e+02   2.76282712e-01   1.0385e-01   0.02
 CG19    -2.95187802e+02  -2.32955731e+01   1.5977e-02   0.03
 CG20    -2.69358417e+02   2.58293852e+01   6.2640e-02   1.15
 !!SCF IS NOT CONVERGED!!

 TIME STATISTICS
---------------------------------------------------------------
  CLASS_NAME         NAME        TIME/s  CALLS   AVG/s  PER/%  
---------------------------------------------------------------
               total             2.60   17       0.15   100.00 
 Driver        atomic_world      2.60   1        2.60   100.00 
 Driver        reading           0.79   1        0.79   30.57  
 Symmetry      analy_sys         0.04   1        0.04   1.59   
 Relax_Driver  relax_driver      1.49   1        1.49   57.56  
 ESolver_KS    runner            1.49   1        1.49   57.50  
 Operator      hPsi              0.21   4979     0.00   7.92   
 Operator      veff_pw           0.19   4979     0.00   7.30   
 PW_Basis_K    recip2real        0.09   5645     0.00   3.59   
 PW_Basis_K    real2recip        0.09   5285     0.00   3.62   
 ESolver_KS_PW hamilt2rho_single 0.29   20       0.01   11.31  
 HSolverPW     solve             0.29   20       0.01   11.00  
 HSolverPW     solve_psik        0.26   60       0.00   9.88   
 DiagoCG       diag_once         0.24   60       0.00   9.24   
 ModuleIO      write_rhog        1.13   1        1.13   43.32  
---------------------------------------------------------------


 START  Time  : Sat May 23 21:57:11 2026
 FINISH Time  : Sat May 23 21:57:14 2026
 TOTAL  Time  : 3
 SEE INFORMATION IN : OUT.autotest/
