Info: Local MPI proc number: 1,OpenMP thread number: 1,Total thread number: 1,Local thread limit: 24
Command exited with non-zero status 1
	Command being timed: "/mnt/d/__Coding__/github/abacus-develop/build_baseline/abacus_pw_para"
	User time (seconds): 0.01
	System time (seconds): 0.03
	Percent of CPU this job got: 7%
	Elapsed (wall clock) time (h:mm:ss or m:ss): 0:00.56
	Average shared text size (kbytes): 0
	Average unshared data size (kbytes): 0
	Average stack size (kbytes): 0
	Average total size (kbytes): 0
	Maximum resident set size (kbytes): 23748
	Average resident set size (kbytes): 0
	Major (requiring I/O) page faults: 59
	Minor (reclaiming a frame) page faults: 2289
	Voluntary context switches: 1234
	Involuntary context switches: 0
	Swaps: 0
	File system inputs: 5760
	File system outputs: 0
	Socket messages sent: 0
	Socket messages received: 0
	Signals delivered: 0
	Page size (bytes): 4096
	Exit status: 1
