                                                                                     
                              ABACUS v3.11.0-beta.2

               Atomic-orbital Based Ab-initio Computation at UStc                    

                     Website: http://abacus.ustc.edu.cn/                             
               Documentation: https://abacus.deepmodeling.com/                       
                  Repository: https://github.com/abacusmodeling/abacus-develop       
                              https://github.com/deepmodeling/abacus-develop         
                      Commit: 23947d864 (Fri May 15 19:02:20 2026 +0800)

 Sat May 23 21:37:17 2026
 MAKE THE DIR         : OUT.autotest/
 RUNNING WITH DEVICE  : CPU / Intel(R) Core(TM) i7-14650HX (x1)
 WARNING: some of potential function is set to zero cause of less than 1e-30.
 UNIFORM GRID DIM     : 27 * 27 * 27
 UNIFORM GRID DIM(BIG): 27 * 27 * 27
 DONE(1.52653    SEC) : SYMMETRY
 DONE(1.5348     SEC) : SETUP UNITCELL
 DONE(1.7321     SEC) : INIT K-POINTS
 ----------------------------------------------------------------
 Self-consistent calculations for electrons
 ----------------------------------------------------------------
 SPIN    KPOINTS         PROCESSES   THREADS/PROC  THREADS/TOTAL 
 1       3               1           1             1             
 ----------------------------------------------------------------
 Use plane wave basis
 ----------------------------------------------------------------
 ELEMENT NATOM       
 Al      1           
 ----------------------------------------------------------------
 Initial plane wave basis and FFT box
 ----------------------------------------------------------------
 DONE(1.9417     SEC) : INIT PLANEWAVE
 START CHARGE         : ATOMIC
 DONE(2.04702    SEC) : LOCAL POTENTIAL
 DONE(2.08879    SEC) : NON-LOCAL POTENTIAL
 MEMORY FOR PSI (MB)  : 0.477356
 DONE(2.11478    SEC) : INIT BASIS

 ================================================================
 SELF-CONSISTENT: 
 ================================================================
 DONE(2.15371    SEC) : INIT SCF
 ITER       ETOT/eV          EDIFF/eV         DRHO     TIME/s
 CG1     -5.70189899e+01   0.00000000e+00   8.1469e-03   0.16
 CG2     -5.70219125e+01  -2.92261755e-03   1.0814e-03   0.04
 CG3     -5.70221994e+01  -2.86832633e-04   5.6631e-07   0.04
 CG4     -5.70222082e+01  -8.79782527e-06   3.6590e-09   0.04
 CG5     -5.70222082e+01  -1.32600885e-10   4.5100e-10   0.04
 CG6     -5.70222082e+01  -6.93903948e-10   6.2985e-13   0.04
 CG7     -5.70222082e+01  -7.99979822e-12   4.8437e-15   0.04
 CG8     -5.70222082e+01   8.45900114e-14   7.7041e-16   0.05
 CG9     -6.13626647e+01  -4.34045651e+00   3.8276e-03   0.07
 CG10    -6.08980069e+01   4.64657799e-01   4.2038e-03   0.06
 CG11    -6.14940296e+01  -5.96022766e-01   2.6074e-03   0.08
 CG12    -5.70222082e+01   4.47182148e+00   1.4871e-16   0.06
 CG13    -7.13052541e+01  -1.42830460e+01   8.1185e-03   0.06
 CG14    -5.70222082e+01   1.42830460e+01   9.0617e-17   0.11
 CG15    -5.70222082e+01   1.00299585e-12   6.4561e-17   0.04
 CG16    -6.02393611e+01  -3.21715293e+00   1.4900e-03   0.05
 CG17    -5.70222082e+01   3.21715293e+00   4.8401e-17   0.04
 CG18    -6.11490803e+01  -4.12687211e+00   3.5185e-03   0.05
 CG19    -5.70222082e+01   4.12687211e+00   1.3561e-15   0.04
 CG20    -5.70222082e+01  -5.19624356e-13   1.1568e-15   0.11
 !!SCF IS NOT CONVERGED!!

 TIME STATISTICS
-----------------------------------------------------------------
   CLASS_NAME          NAME        TIME/s  CALLS   AVG/s  PER/%  
-----------------------------------------------------------------
                 total             3.79   17       0.22   100.00 
 Driver          atomic_world      3.79   1        3.79   100.00 
 Driver          reading           0.80   1        0.80   21.01  
 Symmetry        analy_sys         0.12   1        0.12   3.19   
 Charge          atomic_rho        0.06   2        0.03   1.54   
 Relax_Driver    relax_driver      1.67   1        1.67   44.06  
 ESolver_KS      runner            1.67   1        1.67   43.92  
 Potential       cal_veff          0.12   21       0.01   3.22   
 PotXC           cal_veff          0.11   21       0.01   2.95   
 XC_Functional   v_xc              0.11   21       0.01   2.88   
 DiagoIterAssist diag_subspace     0.17   58       0.00   4.59   
 Operator        hPsi              0.78   2786     0.00   20.49  
 Operator        veff_pw           0.76   2786     0.00   20.05  
 PW_Basis_K      recip2real        0.46   4204     0.00   12.05  
 PW_Basis_K      real2recip        0.36   3448     0.00   9.48   
 ESolver_KS_PW   hamilt2rho_single 1.01   21       0.05   26.52  
 HSolverPW       solve             0.98   21       0.05   25.96  
 HSolverPW       solve_psik        0.82   63       0.01   21.53  
 DiagoCG         diag_once         0.64   63       0.01   16.89  
 ElecStatePW     psiToRho          0.08   21       0.00   2.20   
 ModuleIO        write_rhog        0.07   1        0.07   1.85   
 ESolver_KS_PW   after_scf         0.05   1        0.05   1.30   
 ModuleIO        write_eig_file    0.04   1        0.04   1.12   
-----------------------------------------------------------------


 START  Time  : Sat May 23 21:37:17 2026
 FINISH Time  : Sat May 23 21:37:21 2026
 TOTAL  Time  : 4
 SEE INFORMATION IN : OUT.autotest/
