                                                                                     
                              ABACUS v3.11.0-beta.2

               Atomic-orbital Based Ab-initio Computation at UStc                    

                     Website: http://abacus.ustc.edu.cn/                             
               Documentation: https://abacus.deepmodeling.com/                       
                  Repository: https://github.com/abacusmodeling/abacus-develop       
                              https://github.com/deepmodeling/abacus-develop         
                      Commit: 23947d864 (Fri May 15 19:02:20 2026 +0800)

 Sat May 23 21:37:23 2026
 MAKE THE DIR         : OUT.autotest/
 RUNNING WITH DEVICE  : CPU / Intel(R) Core(TM) i7-14650HX (x1)
 WARNING: some of potential function is set to zero cause of less than 1e-30.
 UNIFORM GRID DIM     : 27 * 27 * 27
 UNIFORM GRID DIM(BIG): 27 * 27 * 27
 DONE(0.644319   SEC) : SYMMETRY
 DONE(0.647248   SEC) : SETUP UNITCELL
 DONE(0.738678   SEC) : INIT K-POINTS
 ----------------------------------------------------------------
 Self-consistent calculations for electrons
 ----------------------------------------------------------------
 SPIN    KPOINTS         PROCESSES   THREADS/PROC  THREADS/TOTAL 
 1       3               1           1             1             
 ----------------------------------------------------------------
 Use plane wave basis
 ----------------------------------------------------------------
 ELEMENT NATOM       
 Al      1           
 ----------------------------------------------------------------
 Initial plane wave basis and FFT box
 ----------------------------------------------------------------
 DONE(0.766421   SEC) : INIT PLANEWAVE
 START CHARGE         : ATOMIC
 DONE(0.778766   SEC) : LOCAL POTENTIAL
 DONE(0.825776   SEC) : NON-LOCAL POTENTIAL
 MEMORY FOR PSI (MB)  : 0.477356
 DONE(0.88015    SEC) : INIT BASIS

 ================================================================
 SELF-CONSISTENT: 
 ================================================================
 DONE(0.945991   SEC) : INIT SCF
 ITER       ETOT/eV          EDIFF/eV         DRHO     TIME/s
 CG1     -5.70189899e+01   0.00000000e+00   8.1469e-03   0.18
 CG2     -5.70219125e+01  -2.92261755e-03   1.0814e-03   0.05
 CG3     -5.70221994e+01  -2.86832633e-04   5.6631e-07   0.04
 CG4     -5.70222082e+01  -8.79782527e-06   3.6590e-09   0.05
 CG5     -5.70222082e+01  -1.32600885e-10   4.5100e-10   0.05
 CG6     -5.70222082e+01  -6.93903948e-10   6.2985e-13   0.05
 CG7     -5.70222082e+01  -7.99979822e-12   4.8437e-15   0.04
 CG8     -5.70222082e+01   8.45900114e-14   7.7041e-16   0.04
 CG9     -6.13626647e+01  -4.34045651e+00   3.8276e-03   0.06
 CG10    -6.08980069e+01   4.64657799e-01   4.2038e-03   0.06
 CG11    -6.14940296e+01  -5.96022766e-01   2.6074e-03   0.07
 CG12    -5.70222082e+01   4.47182148e+00   1.4871e-16   0.04
 CG13    -7.13052541e+01  -1.42830460e+01   8.1185e-03   0.06
 CG14    -5.70222082e+01   1.42830460e+01   9.0617e-17   0.11
 CG15    -5.70222082e+01   1.00299585e-12   6.4561e-17   0.05
 CG16    -6.02393611e+01  -3.21715293e+00   1.4900e-03   0.06
 CG17    -5.70222082e+01   3.21715293e+00   4.8401e-17   0.05
 CG18    -6.11490803e+01  -4.12687211e+00   3.5185e-03   0.06
 CG19    -5.70222082e+01   4.12687211e+00   1.3561e-15   0.04
 CG20    -5.70222082e+01  -5.19624356e-13   1.1568e-15   0.30
 !!SCF IS NOT CONVERGED!!

 TIME STATISTICS
-----------------------------------------------------------------
   CLASS_NAME          NAME        TIME/s  CALLS   AVG/s  PER/%  
-----------------------------------------------------------------
                 total             3.13   17       0.18   100.00 
 Driver          atomic_world      3.13   1        3.13   100.00 
 Driver          reading           0.32   1        0.32   10.17  
 Symmetry        analy_sys         0.04   1        0.04   1.23   
 Charge          atomic_rho        0.04   2        0.02   1.26   
 PW_Basis_Sup    recip2real        0.03   150      0.00   1.02   
 Relax_Driver    relax_driver      2.21   1        2.21   70.48  
 ESolver_KS      runner            2.20   1        2.20   70.10  
 ESolver_KS_PW   before_scf        0.04   1        0.04   1.32   
 Potential       cal_veff          0.12   21       0.01   3.78   
 PW_Basis_Sup    real2recip        0.03   191      0.00   1.09   
 PotXC           cal_veff          0.11   21       0.01   3.44   
 XC_Functional   v_xc              0.11   21       0.01   3.39   
 DiagoIterAssist diag_subspace     0.17   58       0.00   5.40   
 Operator        hPsi              0.75   2786     0.00   23.99  
 Operator        veff_pw           0.74   2786     0.00   23.48  
 PW_Basis_K      recip2real        0.45   4204     0.00   14.21  
 PW_Basis_K      real2recip        0.34   3448     0.00   10.99  
 ESolver_KS_PW   hamilt2rho_single 1.05   21       0.05   33.49  
 HSolverPW       solve             1.03   21       0.05   32.90  
 HSolverPW       solve_psik        0.80   63       0.01   25.63  
 DiagoCG         diag_once         0.62   63       0.01   19.77  
 ElecStatePW     psiToRho          0.08   21       0.00   2.58   
 ModuleIO        write_rhog        0.25   1        0.25   7.95   
 ESolver_KS_PW   after_scf         0.23   1        0.23   7.33   
 ModuleIO        write_eig_file    0.18   1        0.18   5.89   
-----------------------------------------------------------------


 START  Time  : Sat May 23 21:37:23 2026
 FINISH Time  : Sat May 23 21:37:27 2026
 TOTAL  Time  : 4
 SEE INFORMATION IN : OUT.autotest/
