                                                                                     
                              ABACUS v3.11.0-beta.2

               Atomic-orbital Based Ab-initio Computation at UStc                    

                     Website: http://abacus.ustc.edu.cn/                             
               Documentation: https://abacus.deepmodeling.com/                       
                  Repository: https://github.com/abacusmodeling/abacus-develop       
                              https://github.com/deepmodeling/abacus-develop         
                      Commit: 23947d864 (Fri May 15 19:02:20 2026 +0800)

 Sat May 23 21:37:56 2026
 MAKE THE DIR         : OUT.autotest/
 RUNNING WITH DEVICE  : CPU / Intel(R) Core(TM) i7-14650HX (x1)
 WARNING: some of potential function is set to zero cause of less than 1e-30.
 UNIFORM GRID DIM     : 27 * 27 * 27
 UNIFORM GRID DIM(BIG): 27 * 27 * 27
 DONE(1.42221    SEC) : SYMMETRY
 DONE(1.42301    SEC) : SETUP UNITCELL
 DONE(1.47361    SEC) : INIT K-POINTS
 ----------------------------------------------------------------
 Self-consistent calculations for electrons
 ----------------------------------------------------------------
 SPIN    KPOINTS         PROCESSES   THREADS/PROC  THREADS/TOTAL 
 1       3               2           4             8             
 ----------------------------------------------------------------
 Use plane wave basis
 ----------------------------------------------------------------
 ELEMENT NATOM       
 Al      1           
 ----------------------------------------------------------------
 Initial plane wave basis and FFT box
 ----------------------------------------------------------------
 DONE(1.50287    SEC) : INIT PLANEWAVE
 START CHARGE         : ATOMIC
 DONE(1.51069    SEC) : LOCAL POTENTIAL
 DONE(1.53075    SEC) : NON-LOCAL POTENTIAL
 MEMORY FOR PSI (MB)  : 0.239502
 DONE(1.54419    SEC) : INIT BASIS

 ================================================================
 SELF-CONSISTENT: 
 ================================================================
 DONE(1.56076    SEC) : INIT SCF
 ITER       ETOT/eV          EDIFF/eV         DRHO     TIME/s
 CG1     -5.70192565e+01   0.00000000e+00   8.0967e-03   0.08
 CG2     -5.70219245e+01  -2.66802540e-03   1.0926e-03   0.03
 CG3     -5.70222003e+01  -2.75806929e-04   5.8224e-07   0.03
 CG4     -5.70222081e+01  -7.80539421e-06   4.2419e-09   0.02
 CG5     -5.70222082e+01  -1.19412698e-08   2.7130e-10   0.02
 CG6     -5.70222082e+01  -7.49685019e-10   1.2585e-12   0.02
 CG7     -5.70222082e+01  -4.57994491e-12   5.3271e-15   0.03
 CG8     -6.43321735e+01  -7.30996535e+00   5.2634e-03   0.04
 CG9     -5.70222082e+01   7.30996535e+00   2.0520e-14   0.04
 CG10    -5.70222082e+01  -1.93348598e-13   1.3594e-14   0.02
 CG11    -7.15066224e+01  -1.44844143e+01   2.4197e-03   0.04
 CG12    -5.91790558e+01   1.23275667e+01   1.3277e-03   0.07
 CG13    -6.46073262e+01  -5.42827039e+00   6.8411e-03   0.05
 CG14    -6.13741745e+01   3.23315165e+00   8.4469e-04   0.04
 CG15    -5.91604173e+01   2.21375720e+00   1.3238e-03   0.05
 CG16    -6.72304805e+01  -8.07006319e+00   6.9479e-03   0.05
 CG17    -6.25015825e+01   4.72889796e+00   7.0783e-03   0.08
 CG18    -5.95897797e+01   2.91180284e+00   1.2817e-03   0.04
 CG19    -5.96057332e+01  -1.59534863e-02   1.3867e-03   0.03
 CG20    -5.70222082e+01   2.58352504e+00   1.6750e-13   0.06
 !!SCF IS NOT CONVERGED!!

 TIME STATISTICS
-----------------------------------------------------------------
   CLASS_NAME          NAME        TIME/s  CALLS   AVG/s  PER/%  
-----------------------------------------------------------------
                 total             2.46   17       0.14   100.00 
 Driver          atomic_world      2.46   1        2.46   100.00 
 Driver          reading           1.27   1        1.27   51.47  
 Relax_Driver    relax_driver      0.92   1        0.92   37.22  
 ESolver_KS      runner            0.91   1        0.91   37.14  
 Potential       cal_veff          0.05   21       0.00   1.91   
 PotXC           cal_veff          0.04   21       0.00   1.70   
 XC_Functional   v_xc              0.04   21       0.00   1.67   
 DiagoIterAssist diag_subspace     0.11   58       0.00   4.34   
 Operator        hPsi              0.57   3576     0.00   23.18  
 Operator        veff_pw           0.53   3576     0.00   21.60  
 PW_Basis_K      recip2real        0.31   4994     0.00   12.74  
 PW_Basis_K      real2recip        0.26   4238     0.00   10.47  
 Operator        nonlocal_pw       0.03   3576     0.00   1.24   
 ESolver_KS_PW   hamilt2rho_single 0.75   21       0.04   30.41  
 HSolverPW       solve             0.73   21       0.03   29.82  
 HSolverPW       solve_psik        0.67   63       0.01   27.07  
 DiagoCG         diag_once         0.56   63       0.01   22.77  
 ElecStatePW     psiToRho          0.05   21       0.00   2.03   
 ModuleIO        write_rhog        0.04   1        0.04   1.56   
-----------------------------------------------------------------


 START  Time  : Sat May 23 21:37:56 2026
 FINISH Time  : Sat May 23 21:37:58 2026
 TOTAL  Time  : 2
 SEE INFORMATION IN : OUT.autotest/
