                                                                                     
                              ABACUS v3.11.0-beta.2

               Atomic-orbital Based Ab-initio Computation at UStc                    

                     Website: http://abacus.ustc.edu.cn/                             
               Documentation: https://abacus.deepmodeling.com/                       
                  Repository: https://github.com/abacusmodeling/abacus-develop       
                              https://github.com/deepmodeling/abacus-develop         
                      Commit: 23947d864 (Fri May 15 19:02:20 2026 +0800)

 Sat May 23 21:38:04 2026
 MAKE THE DIR         : OUT.autotest/
 RUNNING WITH DEVICE  : CPU / Intel(R) Core(TM) i7-14650HX (x1)
 WARNING: some of potential function is set to zero cause of less than 1e-30.
 UNIFORM GRID DIM     : 27 * 27 * 27
 UNIFORM GRID DIM(BIG): 27 * 27 * 27
 DONE(1.53467    SEC) : SYMMETRY
 DONE(1.53523    SEC) : SETUP UNITCELL
 DONE(1.59276    SEC) : INIT K-POINTS
 ----------------------------------------------------------------
 Self-consistent calculations for electrons
 ----------------------------------------------------------------
 SPIN    KPOINTS         PROCESSES   THREADS/PROC  THREADS/TOTAL 
 1       3               2           4             8             
 ----------------------------------------------------------------
 Use plane wave basis
 ----------------------------------------------------------------
 ELEMENT NATOM       
 Al      1           
 ----------------------------------------------------------------
 Initial plane wave basis and FFT box
 ----------------------------------------------------------------
 DONE(1.60698    SEC) : INIT PLANEWAVE
 START CHARGE         : ATOMIC
 DONE(1.61562    SEC) : LOCAL POTENTIAL
 DONE(1.63685    SEC) : NON-LOCAL POTENTIAL
 MEMORY FOR PSI (MB)  : 0.239502
 DONE(1.65171    SEC) : INIT BASIS

 ================================================================
 SELF-CONSISTENT: 
 ================================================================
 DONE(1.67019    SEC) : INIT SCF
 ITER       ETOT/eV          EDIFF/eV         DRHO     TIME/s
 CG1     -5.70192565e+01   0.00000000e+00   8.0967e-03   0.10
 CG2     -5.70219245e+01  -2.66802540e-03   1.0926e-03   0.02
 CG3     -5.70222003e+01  -2.75806929e-04   5.8224e-07   0.02
 CG4     -5.70222081e+01  -7.80539404e-06   4.2419e-09   0.02
 CG5     -5.70222082e+01  -1.19417773e-08   2.7130e-10   0.02
 CG6     -5.70222082e+01  -7.49334574e-10   1.2585e-12   0.02
 CG7     -5.70222082e+01  -4.26575343e-12   5.3352e-15   0.02
 CG8     -5.70222082e+01  -1.32927161e-13   1.9071e-15   0.02
 CG9     -5.70222082e+01  -2.05432885e-13   7.2228e-17   0.03
 CG10    -6.90709996e+01  -1.20487914e+01   1.2902e-02   0.08
 CG11    -6.15542198e+01   7.51677978e+00   1.0865e-02   0.07
 CG12    -6.83690798e+01  -6.81485995e+00   1.2515e-02   0.09
 CG13    -5.70222082e+01   1.13468716e+01   1.0621e-16   0.11
 CG14    -5.82020795e+01  -1.17987133e+00   2.7065e-04   0.04
 CG15    -5.94613103e+01  -1.25923084e+00   1.0960e-03   0.04
 CG16    -6.69461647e+01  -7.48485433e+00   9.7821e-03   0.05
 CG17    -6.49952325e+01   1.95093216e+00   1.1707e-02   0.06
 CG18    -5.70222082e+01   7.97302434e+00   7.0165e-17   0.03
 CG19    -6.11230850e+01  -4.10087687e+00   4.0117e-03   0.04
 CG20    -5.70222082e+01   4.10087687e+00   7.1425e-17   0.08
 !!SCF IS NOT CONVERGED!!

 TIME STATISTICS
-----------------------------------------------------------------
   CLASS_NAME          NAME        TIME/s  CALLS   AVG/s  PER/%  
-----------------------------------------------------------------
                 total             2.72   17       0.16   100.00 
 Driver          atomic_world      2.72   1        2.72   100.00 
 Driver          reading           1.17   1        1.17   43.07  
 Symmetry        analy_sys         0.06   1        0.06   2.03   
 Relax_Driver    relax_driver      1.07   1        1.07   39.29  
 ESolver_KS      runner            1.07   1        1.07   39.22  
 Potential       cal_veff          0.05   21       0.00   1.81   
 PotXC           cal_veff          0.04   21       0.00   1.58   
 XC_Functional   v_xc              0.04   21       0.00   1.55   
 DiagoIterAssist diag_subspace     0.10   59       0.00   3.85   
 Operator        hPsi              0.67   4166     0.00   24.69  
 Operator        veff_pw           0.63   4166     0.00   22.99  
 PW_Basis_K      recip2real        0.37   5595     0.00   13.56  
 PW_Basis_K      real2recip        0.30   4839     0.00   11.03  
 Operator        nonlocal_pw       0.04   4166     0.00   1.40   
 ESolver_KS_PW   hamilt2rho_single 0.87   21       0.04   32.08  
 HSolverPW       solve             0.86   21       0.04   31.52  
 HSolverPW       solve_psik        0.78   63       0.01   28.72  
 DiagoCG         diag_once         0.68   64       0.01   24.88  
 ElecStatePW     psiToRho          0.06   21       0.00   2.04   
 ModuleIO        write_rhog        0.05   1        0.05   1.97   
-----------------------------------------------------------------


 START  Time  : Sat May 23 21:38:04 2026
 FINISH Time  : Sat May 23 21:38:07 2026
 TOTAL  Time  : 3
 SEE INFORMATION IN : OUT.autotest/
