                                                                                     
                              ABACUS v3.11.0-beta.2

               Atomic-orbital Based Ab-initio Computation at UStc                    

                     Website: http://abacus.ustc.edu.cn/                             
               Documentation: https://abacus.deepmodeling.com/                       
                  Repository: https://github.com/abacusmodeling/abacus-develop       
                              https://github.com/deepmodeling/abacus-develop         
                      Commit: 23947d864 (Fri May 15 19:02:20 2026 +0800)

 Sat May 23 21:38:00 2026
 MAKE THE DIR         : OUT.autotest/
 RUNNING WITH DEVICE  : CPU / Intel(R) Core(TM) i7-14650HX (x1)
 WARNING: some of potential function is set to zero cause of less than 1e-30.
 UNIFORM GRID DIM     : 27 * 27 * 27
 UNIFORM GRID DIM(BIG): 27 * 27 * 27
 DONE(0.800004   SEC) : SYMMETRY
 DONE(0.800428   SEC) : SETUP UNITCELL
 DONE(0.846338   SEC) : INIT K-POINTS
 ----------------------------------------------------------------
 Self-consistent calculations for electrons
 ----------------------------------------------------------------
 SPIN    KPOINTS         PROCESSES   THREADS/PROC  THREADS/TOTAL 
 1       3               2           4             8             
 ----------------------------------------------------------------
 Use plane wave basis
 ----------------------------------------------------------------
 ELEMENT NATOM       
 Al      1           
 ----------------------------------------------------------------
 Initial plane wave basis and FFT box
 ----------------------------------------------------------------
 DONE(0.881644   SEC) : INIT PLANEWAVE
 START CHARGE         : ATOMIC
 DONE(0.890267   SEC) : LOCAL POTENTIAL
 DONE(0.911355   SEC) : NON-LOCAL POTENTIAL
 MEMORY FOR PSI (MB)  : 0.239502
 DONE(0.925859   SEC) : INIT BASIS

 ================================================================
 SELF-CONSISTENT: 
 ================================================================
 DONE(0.946152   SEC) : INIT SCF
 ITER       ETOT/eV          EDIFF/eV         DRHO     TIME/s
 CG1     -5.70192565e+01   0.00000000e+00   8.0967e-03   0.09
 CG2     -5.70219245e+01  -2.66802540e-03   1.0926e-03   0.02
 CG3     -5.70222003e+01  -2.75806929e-04   5.8224e-07   0.03
 CG4     -5.70222081e+01  -7.80539405e-06   4.2419e-09   0.02
 CG5     -5.70222082e+01  -1.19416807e-08   2.7130e-10   0.03
 CG6     -5.70222082e+01  -7.49177478e-10   1.2585e-12   0.03
 CG7     -5.70222082e+01  -4.48327061e-12   5.3379e-15   0.03
 CG8     -6.64790696e+01  -9.45686149e+00   6.3752e-03   0.04
 CG9     -5.70222082e+01   9.45686149e+00   3.4512e-14   0.04
 CG10    -5.70222082e+01   4.95455781e-13   2.4424e-14   0.03
 CG11    -5.70222082e+01   0.00000000e+00   2.5518e-14   0.03
 CG12    -7.76168790e+01  -2.05946709e+01   2.2083e-03   0.04
 CG13    -5.74325078e+01   2.01843712e+01   4.9263e-04   0.16
 CG14    -6.79883641e+01  -1.05558563e+01   9.9159e-03   0.06
 CG15    -5.70222082e+01   1.09661560e+01   2.8429e-14   0.04
 CG16    -5.70222082e+01   1.45011448e-13   2.9422e-14   0.02
 CG17    -5.70222082e+01   4.36242773e-12   2.9012e-14   0.02
 CG18    -5.70222082e+01  -2.38060461e-12   2.9124e-14   0.02
 CG19    -5.70222082e+01  -1.71596880e-12   2.8377e-14   0.02
 CG20    -5.70222082e+01  -1.93348598e-13   2.7675e-14   0.07
 !!SCF IS NOT CONVERGED!!

 TIME STATISTICS
-----------------------------------------------------------------
   CLASS_NAME          NAME        TIME/s  CALLS   AVG/s  PER/%  
-----------------------------------------------------------------
                 total             1.84   17       0.11   100.00 
 Driver          atomic_world      1.84   1        1.84   100.00 
 Driver          reading           0.60   1        0.60   32.42  
 Symmetry        analy_sys         0.02   1        0.02   1.04   
 Relax_Driver    relax_driver      0.92   1        0.92   49.72  
 ESolver_KS      runner            0.91   1        0.91   49.62  
 Potential       cal_veff          0.05   21       0.00   2.66   
 PW_Basis_Sup    real2recip        0.02   191      0.00   1.18   
 PotXC           cal_veff          0.04   21       0.00   2.37   
 XC_Functional   v_xc              0.04   21       0.00   2.33   
 DiagoIterAssist diag_subspace     0.11   59       0.00   5.76   
 Operator        hPsi              0.56   3343     0.00   30.21  
 Operator        veff_pw           0.52   3343     0.00   27.97  
 PW_Basis_K      recip2real        0.32   4772     0.00   17.46  
 PW_Basis_K      real2recip        0.24   4016     0.00   12.97  
 Operator        nonlocal_pw       0.03   3343     0.00   1.81   
 ESolver_KS_PW   hamilt2rho_single 0.74   21       0.04   39.89  
 HSolverPW       solve             0.72   21       0.03   39.07  
 HSolverPW       solve_psik        0.65   63       0.01   35.17  
 DiagoCG         diag_once         0.54   64       0.01   29.40  
 ElecStatePW     psiToRho          0.05   21       0.00   2.96   
 ModuleIO        write_rhog        0.04   1        0.04   2.37   
 ESolver_KS_PW   after_scf         0.03   1        0.03   1.37   
 ModuleIO        write_eig_file    0.02   1        0.02   1.16   
-----------------------------------------------------------------


 START  Time  : Sat May 23 21:38:00 2026
 FINISH Time  : Sat May 23 21:38:02 2026
 TOTAL  Time  : 2
 SEE INFORMATION IN : OUT.autotest/
