                                                                                     
                              ABACUS v3.11.0-beta.2

               Atomic-orbital Based Ab-initio Computation at UStc                    

                     Website: http://abacus.ustc.edu.cn/                             
               Documentation: https://abacus.deepmodeling.com/                       
                  Repository: https://github.com/abacusmodeling/abacus-develop       
                              https://github.com/deepmodeling/abacus-develop         
                      Commit: 23947d864 (Fri May 15 19:02:20 2026 +0800)

 Sat May 23 21:37:39 2026
 MAKE THE DIR         : OUT.autotest/
 RUNNING WITH DEVICE  : CPU / Intel(R) Core(TM) i7-14650HX (x1)
 WARNING: some of potential function is set to zero cause of less than 1e-30.
 UNIFORM GRID DIM     : 27 * 27 * 27
 UNIFORM GRID DIM(BIG): 27 * 27 * 27
 DONE(0.618113   SEC) : SYMMETRY
 DONE(0.618534   SEC) : SETUP UNITCELL
 DONE(0.672184   SEC) : INIT K-POINTS
 ----------------------------------------------------------------
 Self-consistent calculations for electrons
 ----------------------------------------------------------------
 SPIN    KPOINTS         PROCESSES   THREADS/PROC  THREADS/TOTAL 
 1       3               4           1             4             
 ----------------------------------------------------------------
 Use plane wave basis
 ----------------------------------------------------------------
 ELEMENT NATOM       
 Al      1           
 ----------------------------------------------------------------
 Initial plane wave basis and FFT box
 ----------------------------------------------------------------
 DONE(0.681749   SEC) : INIT PLANEWAVE
 START CHARGE         : ATOMIC
 DONE(0.687394   SEC) : LOCAL POTENTIAL
 DONE(0.703689   SEC) : NON-LOCAL POTENTIAL
 MEMORY FOR PSI (MB)  : 0.12085
 DONE(0.717571   SEC) : INIT BASIS

 ================================================================
 SELF-CONSISTENT: 
 ================================================================
 DONE(0.737218   SEC) : INIT SCF
 ITER       ETOT/eV          EDIFF/eV         DRHO     TIME/s
 CG1     -5.70193001e+01   0.00000000e+00   8.0844e-03   0.05
 CG2     -5.70219236e+01  -2.62352739e-03   1.0954e-03   0.02
 CG3     -5.70222003e+01  -2.76655492e-04   5.9646e-07   0.02
 CG4     -5.70222081e+01  -7.84859845e-06   6.7309e-09   0.02
 CG5     -5.70222082e+01  -1.18890657e-08   3.3117e-10   0.01
 CG6     -5.70222082e+01  -1.02320078e-09   2.8204e-12   0.01
 CG7     -5.70222082e+01  -6.70677948e-12   4.6735e-15   0.01
 CG8     -5.70222082e+01  -1.69180023e-13   2.9271e-15   0.01
 CG9     -6.88091044e+01  -1.17868963e+01   1.2740e-02   0.03
 CG10    -5.70222082e+01   1.17868963e+01   2.5805e-17   0.02
 CG11    -5.78453894e+01  -8.23181252e-01   6.1437e-05   0.02
 CG12    -5.70222082e+01   8.23181252e-01   1.6968e-17   0.01
 CG13    -5.70222082e+01   1.93348598e-13   3.9729e-17   0.01
 CG14    -5.70222082e+01   9.66742988e-14   4.0829e-17   0.01
 CG15    -5.70222082e+01  -9.66742988e-14   2.0287e-17   0.01
 CG16    -5.70222082e+01  -2.77938609e-13   8.2310e-16   0.01
 CG17    -6.89561006e+01  -1.19338924e+01   1.2822e-02   0.05
 CG18    -6.19894317e+01   6.96666890e+00   1.0006e-02   0.05
 CG19    -7.59157749e+01  -1.39263433e+01   4.6020e-03   0.04
 CG20    -7.28312287e+01   3.08454622e+00   6.9571e-03   0.61
 !!SCF IS NOT CONVERGED!!

 TIME STATISTICS
-----------------------------------------------------------------
   CLASS_NAME          NAME        TIME/s  CALLS   AVG/s  PER/%  
-----------------------------------------------------------------
                 total             2.34   17       0.14   100.00 
 Driver          atomic_world      2.34   1        2.34   100.00 
 Driver          reading           0.47   1        0.47   20.31  
 Charge          atomic_rho        0.03   2        0.02   1.33   
 Relax_Driver    relax_driver      1.60   1        1.60   68.58  
 ESolver_KS      runner            1.60   1        1.60   68.35  
 Potential       cal_veff          0.04   21       0.00   1.74   
 PotXC           cal_veff          0.04   21       0.00   1.60   
 XC_Functional   v_xc              0.03   21       0.00   1.42   
 DiagoIterAssist diag_subspace     0.06   61       0.00   2.56   
 Operator        hPsi              0.44   4968     0.00   18.76  
 Operator        veff_pw           0.41   4968     0.00   17.75  
 PW_Basis_K      recip2real        0.23   6419     0.00   9.71   
 PW_Basis_K      real2recip        0.20   5663     0.00   8.70   
 ESolver_KS_PW   hamilt2rho_single 0.59   21       0.03   25.09  
 HSolverPW       solve             0.57   21       0.03   24.53  
 HSolverPW       solve_psik        0.50   63       0.01   21.29  
 DiagoCG         diag_once         0.44   66       0.01   18.69  
 ElecStatePW     psiToRho          0.03   21       0.00   1.20   
 ModuleIO        write_rhog        0.43   1        0.43   18.41  
 ESolver_KS_PW   after_scf         0.30   1        0.30   12.82  
 ModuleIO        write_eig_file    0.27   1        0.27   11.40  
-----------------------------------------------------------------


 START  Time  : Sat May 23 21:37:39 2026
 FINISH Time  : Sat May 23 21:37:41 2026
 TOTAL  Time  : 2
 SEE INFORMATION IN : OUT.autotest/
