                                                                                     
                              ABACUS v3.11.0-beta.2

               Atomic-orbital Based Ab-initio Computation at UStc                    

                     Website: http://abacus.ustc.edu.cn/                             
               Documentation: https://abacus.deepmodeling.com/                       
                  Repository: https://github.com/abacusmodeling/abacus-develop       
                              https://github.com/deepmodeling/abacus-develop         
                      Commit: 23947d864 (Fri May 15 19:02:20 2026 +0800)

 Sat May 23 21:37:48 2026
 MAKE THE DIR         : OUT.autotest/
 RUNNING WITH DEVICE  : CPU / Intel(R) Core(TM) i7-14650HX (x1)
 WARNING: some of potential function is set to zero cause of less than 1e-30.
 UNIFORM GRID DIM     : 27 * 27 * 27
 UNIFORM GRID DIM(BIG): 27 * 27 * 27
 DONE(0.730122   SEC) : SYMMETRY
 DONE(0.731824   SEC) : SETUP UNITCELL
 DONE(0.80531    SEC) : INIT K-POINTS
 ----------------------------------------------------------------
 Self-consistent calculations for electrons
 ----------------------------------------------------------------
 SPIN    KPOINTS         PROCESSES   THREADS/PROC  THREADS/TOTAL 
 1       3               4           2             8             
 ----------------------------------------------------------------
 Use plane wave basis
 ----------------------------------------------------------------
 ELEMENT NATOM       
 Al      1           
 ----------------------------------------------------------------
 Initial plane wave basis and FFT box
 ----------------------------------------------------------------
 DONE(0.817607   SEC) : INIT PLANEWAVE
 START CHARGE         : ATOMIC
 DONE(0.824965   SEC) : LOCAL POTENTIAL
 DONE(0.843632   SEC) : NON-LOCAL POTENTIAL
 MEMORY FOR PSI (MB)  : 0.12085
 DONE(0.858227   SEC) : INIT BASIS

 ================================================================
 SELF-CONSISTENT: 
 ================================================================
 DONE(0.872454   SEC) : INIT SCF
 ITER       ETOT/eV          EDIFF/eV         DRHO     TIME/s
 CG1     -5.70193001e+01   0.00000000e+00   8.0844e-03   0.08
 CG2     -5.70219236e+01  -2.62352739e-03   1.0954e-03   0.02
 CG3     -5.70222003e+01  -2.76655492e-04   5.9646e-07   0.02
 CG4     -5.70222081e+01  -7.84859856e-06   6.7309e-09   0.03
 CG5     -5.70222082e+01  -1.18889811e-08   3.3117e-10   0.02
 CG6     -5.70222082e+01  -1.02344246e-09   2.8203e-12   0.03
 CG7     -5.70222082e+01  -6.47717802e-12   4.6725e-15   0.02
 CG8     -5.70222082e+01  -2.05432885e-13   2.8162e-15   0.03
 CG9     -5.70222082e+01   2.29601460e-13   1.1747e-17   0.03
 CG10    -5.82223509e+01  -1.20014278e+00   2.8003e-04   0.03
 CG11    -5.88087365e+01  -5.86385552e-01   6.1467e-04   0.03
 CG12    -5.70945962e+01   1.71414028e+00   1.2131e-06   0.04
 CG13    -6.90286288e+01  -1.19340326e+01   1.2905e-02   0.07
 CG14    -6.17405006e+01   7.28812823e+00   1.0945e-02   0.07
 CG15    -5.70222082e+01   4.71829241e+00   7.0839e-17   0.03
 CG16    -5.70222082e+01   9.66742988e-14   6.7809e-17   0.02
 CG17    -6.04723755e+01  -3.45016734e+00   2.3850e-03   0.05
 CG18    -6.89570318e+01  -8.48465635e+00   1.2861e-02   0.05
 CG19    -5.70222082e+01   1.19348237e+01   7.3920e-17   0.03
 CG20    -5.76851773e+01  -6.62969161e-01   8.5453e-05   0.08
 !!SCF IS NOT CONVERGED!!

 TIME STATISTICS
-----------------------------------------------------------------
   CLASS_NAME          NAME        TIME/s  CALLS   AVG/s  PER/%  
-----------------------------------------------------------------
                 total             1.70   17       0.10   100.00 
 Driver          atomic_world      1.70   1        1.70   100.00 
 Driver          reading           0.53   1        0.53   31.39  
 Symmetry        analy_sys         0.04   1        0.04   2.36   
 Relax_Driver    relax_driver      0.84   1        0.84   49.43  
 ESolver_KS      runner            0.84   1        0.84   49.33  
 Potential       cal_veff          0.04   21       0.00   2.49   
 PW_Basis_Sup    real2recip        0.02   191      0.00   1.27   
 PotXC           cal_veff          0.04   21       0.00   2.17   
 XC_Functional   v_xc              0.04   21       0.00   2.17   
 DiagoIterAssist diag_subspace     0.10   58       0.00   5.78   
 Operator        hPsi              0.52   3012     0.00   30.59  
 Operator        veff_pw           0.48   3012     0.00   28.45  
 PW_Basis_K      recip2real        0.28   4430     0.00   16.33  
 PW_Basis_K      real2recip        0.25   3674     0.00   15.00  
 Operator        nonlocal_pw       0.03   3012     0.00   1.89   
 ESolver_KS_PW   hamilt2rho_single 0.69   21       0.03   40.42  
 HSolverPW       solve             0.67   21       0.03   39.51  
 HSolverPW       solve_psik        0.59   63       0.01   35.00  
 DiagoCG         diag_once         0.50   63       0.01   29.16  
 ElecStatePW     psiToRho          0.06   21       0.00   3.25   
 ModuleIO        write_rhog        0.04   1        0.04   2.53   
 ESolver_KS_PW   after_scf         0.02   1        0.02   1.04   
-----------------------------------------------------------------


 START  Time  : Sat May 23 21:37:48 2026
 FINISH Time  : Sat May 23 21:37:50 2026
 TOTAL  Time  : 2
 SEE INFORMATION IN : OUT.autotest/
