                                                                                     
                              ABACUS v3.11.0-beta.2

               Atomic-orbital Based Ab-initio Computation at UStc                    

                     Website: http://abacus.ustc.edu.cn/                             
               Documentation: https://abacus.deepmodeling.com/                       
                  Repository: https://github.com/abacusmodeling/abacus-develop       
                              https://github.com/deepmodeling/abacus-develop         
                      Commit: 23947d864 (Fri May 15 19:02:20 2026 +0800)

 Sat May 23 21:37:28 2026
 MAKE THE DIR         : OUT.autotest/
 RUNNING WITH DEVICE  : CPU / Intel(R) Core(TM) i7-14650HX (x1)
 WARNING: some of potential function is set to zero cause of less than 1e-30.
 UNIFORM GRID DIM     : 27 * 27 * 27
 UNIFORM GRID DIM(BIG): 27 * 27 * 27
 DONE(0.607406   SEC) : SYMMETRY
 DONE(0.607784   SEC) : SETUP UNITCELL
 DONE(0.668368   SEC) : INIT K-POINTS
 ----------------------------------------------------------------
 Self-consistent calculations for electrons
 ----------------------------------------------------------------
 SPIN    KPOINTS         PROCESSES   THREADS/PROC  THREADS/TOTAL 
 1       3               4           1             4             
 ----------------------------------------------------------------
 Use plane wave basis
 ----------------------------------------------------------------
 ELEMENT NATOM       
 Al      1           
 ----------------------------------------------------------------
 Initial plane wave basis and FFT box
 ----------------------------------------------------------------
 DONE(0.697812   SEC) : INIT PLANEWAVE
 START CHARGE         : ATOMIC
 DONE(0.705135   SEC) : LOCAL POTENTIAL
 DONE(0.726019   SEC) : NON-LOCAL POTENTIAL
 MEMORY FOR PSI (MB)  : 0.12085
 DONE(0.755722   SEC) : INIT BASIS

 ================================================================
 SELF-CONSISTENT: 
 ================================================================
 DONE(0.779111   SEC) : INIT SCF
 ITER       ETOT/eV          EDIFF/eV         DRHO     TIME/s
 CG1     -5.70193001e+01   0.00000000e+00   8.0844e-03   0.07
 CG2     -5.70219236e+01  -2.62352739e-03   1.0954e-03   0.02
 CG3     -5.70222003e+01  -2.76655492e-04   5.9646e-07   0.02
 CG4     -5.70222081e+01  -7.84859845e-06   6.7309e-09   0.02
 CG5     -5.70222082e+01  -1.18890657e-08   3.3117e-10   0.03
 CG6     -5.70222082e+01  -1.02320078e-09   2.8204e-12   0.02
 CG7     -5.70222082e+01  -6.70677948e-12   4.6735e-15   0.02
 CG8     -5.70222082e+01  -1.69180023e-13   2.9271e-15   0.02
 CG9     -6.88091044e+01  -1.17868963e+01   1.2740e-02   0.04
 CG10    -5.70222082e+01   1.17868963e+01   2.5805e-17   0.03
 CG11    -5.78453894e+01  -8.23181252e-01   6.1437e-05   0.02
 CG12    -5.70222082e+01   8.23181252e-01   1.6968e-17   0.02
 CG13    -5.70222082e+01   1.93348598e-13   3.9729e-17   0.02
 CG14    -5.70222082e+01   9.66742988e-14   4.0829e-17   0.02
 CG15    -5.70222082e+01  -9.66742988e-14   2.0287e-17   0.02
 CG16    -5.70222082e+01  -2.77938609e-13   8.2310e-16   0.02
 CG17    -6.89561006e+01  -1.19338924e+01   1.2822e-02   0.05
 CG18    -6.19894317e+01   6.96666890e+00   1.0006e-02   0.05
 CG19    -7.59157749e+01  -1.39263433e+01   4.6020e-03   0.04
 CG20    -7.28312287e+01   3.08454622e+00   6.9571e-03   0.49
 !!SCF IS NOT CONVERGED!!

 TIME STATISTICS
-----------------------------------------------------------------
   CLASS_NAME          NAME        TIME/s  CALLS   AVG/s  PER/%  
-----------------------------------------------------------------
                 total             2.07   17       0.12   100.00 
 Driver          atomic_world      2.07   1        2.07   100.00 
 Driver          reading           0.48   1        0.48   23.26  
 Symmetry        analy_sys         0.02   1        0.02   1.09   
 Relax_Driver    relax_driver      1.31   1        1.31   63.38  
 ESolver_KS      runner            1.31   1        1.31   63.27  
 ESolver_KS_PW   before_scf        0.02   1        0.02   1.03   
 Potential       cal_veff          0.04   21       0.00   1.82   
 PotXC           cal_veff          0.03   21       0.00   1.64   
 XC_Functional   v_xc              0.03   21       0.00   1.60   
 DiagoIterAssist diag_subspace     0.06   61       0.00   3.08   
 Operator        hPsi              0.46   4968     0.00   22.20  
 Operator        veff_pw           0.43   4968     0.00   21.03  
 PW_Basis_K      recip2real        0.24   6419     0.00   11.62  
 PW_Basis_K      real2recip        0.21   5663     0.00   10.35  
 Operator        nonlocal_pw       0.02   4968     0.00   1.00   
 ESolver_KS_PW   hamilt2rho_single 0.64   21       0.03   30.93  
 HSolverPW       solve             0.62   21       0.03   30.21  
 HSolverPW       solve_psik        0.52   63       0.01   25.22  
 DiagoCG         diag_once         0.46   66       0.01   22.01  
 ElecStatePW     psiToRho          0.03   21       0.00   1.56   
 ModuleIO        write_rhog        0.30   1        0.30   14.65  
 ESolver_KS_PW   after_scf         0.07   1        0.07   3.47   
 ModuleIO        write_eig_file    0.06   1        0.06   2.80   
-----------------------------------------------------------------


 START  Time  : Sat May 23 21:37:28 2026
 FINISH Time  : Sat May 23 21:37:31 2026
 TOTAL  Time  : 3
 SEE INFORMATION IN : OUT.autotest/
