Info: Local MPI proc number: 4,OpenMP thread number: 1,Total thread number: 4,Local thread limit: 24
	Command being timed: "/usr/bin/mpirun --bind-to none -np 4 /mnt/d/__Coding__/github/abacus-develop/build_baseline/abacus_pw_para"
	User time (seconds): 6.36
	System time (seconds): 0.31
	Percent of CPU this job got: 269%
	Elapsed (wall clock) time (h:mm:ss or m:ss): 0:02.47
	Average shared text size (kbytes): 0
	Average unshared data size (kbytes): 0
	Average stack size (kbytes): 0
	Average total size (kbytes): 0
	Maximum resident set size (kbytes): 30312
	Average resident set size (kbytes): 0
	Major (requiring I/O) page faults: 337
	Minor (reclaiming a frame) page faults: 20076
	Voluntary context switches: 7056
	Involuntary context switches: 57
	Swaps: 0
	File system inputs: 10728
	File system outputs: 200
	Socket messages sent: 0
	Socket messages received: 0
	Signals delivered: 0
	Page size (bytes): 4096
	Exit status: 0
