                                                                                     
                              ABACUS v3.11.0-beta.2

               Atomic-orbital Based Ab-initio Computation at UStc                    

                     Website: http://abacus.ustc.edu.cn/                             
               Documentation: https://abacus.deepmodeling.com/                       
                  Repository: https://github.com/abacusmodeling/abacus-develop       
                              https://github.com/deepmodeling/abacus-develop         
                      Commit: 23947d864 (Fri May 15 19:02:20 2026 +0800)

 Sat May 23 21:37:45 2026
 MAKE THE DIR         : OUT.autotest/
 RUNNING WITH DEVICE  : CPU / Intel(R) Core(TM) i7-14650HX (x1)
 WARNING: some of potential function is set to zero cause of less than 1e-30.
 UNIFORM GRID DIM     : 27 * 27 * 27
 UNIFORM GRID DIM(BIG): 27 * 27 * 27
 DONE(0.420838   SEC) : SYMMETRY
 DONE(0.422116   SEC) : SETUP UNITCELL
 DONE(0.488478   SEC) : INIT K-POINTS
 ----------------------------------------------------------------
 Self-consistent calculations for electrons
 ----------------------------------------------------------------
 SPIN    KPOINTS         PROCESSES   THREADS/PROC  THREADS/TOTAL 
 1       3               4           2             8             
 ----------------------------------------------------------------
 Use plane wave basis
 ----------------------------------------------------------------
 ELEMENT NATOM       
 Al      1           
 ----------------------------------------------------------------
 Initial plane wave basis and FFT box
 ----------------------------------------------------------------
 DONE(0.504836   SEC) : INIT PLANEWAVE
 START CHARGE         : ATOMIC
 DONE(0.510944   SEC) : LOCAL POTENTIAL
 DONE(0.534213   SEC) : NON-LOCAL POTENTIAL
 MEMORY FOR PSI (MB)  : 0.12085
 DONE(0.553913   SEC) : INIT BASIS

 ================================================================
 SELF-CONSISTENT: 
 ================================================================
 DONE(0.597745   SEC) : INIT SCF
 ITER       ETOT/eV          EDIFF/eV         DRHO     TIME/s
 CG1     -5.70193001e+01   0.00000000e+00   8.0844e-03   0.08
 CG2     -5.70219236e+01  -2.62352739e-03   1.0954e-03   0.02
 CG3     -5.70222003e+01  -2.76655492e-04   5.9646e-07   0.02
 CG4     -5.70222081e+01  -7.84859856e-06   6.7309e-09   0.03
 CG5     -5.70222082e+01  -1.18889811e-08   3.3117e-10   0.02
 CG6     -5.70222082e+01  -1.02344246e-09   2.8203e-12   0.03
 CG7     -5.70222082e+01  -6.47717802e-12   4.6725e-15   0.02
 CG8     -5.70222082e+01  -2.05432885e-13   2.8162e-15   0.02
 CG9     -5.70222082e+01   2.29601460e-13   1.1747e-17   0.02
 CG10    -5.82223509e+01  -1.20014278e+00   2.8003e-04   0.03
 CG11    -5.88087365e+01  -5.86385552e-01   6.1467e-04   0.03
 CG12    -5.70945962e+01   1.71414028e+00   1.2131e-06   0.03
 CG13    -6.90286288e+01  -1.19340326e+01   1.2905e-02   0.06
 CG14    -6.17405006e+01   7.28812823e+00   1.0945e-02   0.06
 CG15    -5.70222082e+01   4.71829241e+00   7.0839e-17   0.03
 CG16    -5.70222082e+01   9.66742988e-14   6.7809e-17   0.02
 CG17    -6.04723755e+01  -3.45016734e+00   2.3850e-03   0.04
 CG18    -6.89570318e+01  -8.48465635e+00   1.2861e-02   0.05
 CG19    -5.70222082e+01   1.19348237e+01   7.3920e-17   0.02
 CG20    -5.76851773e+01  -6.62969161e-01   8.5453e-05   0.08
 !!SCF IS NOT CONVERGED!!

 TIME STATISTICS
-----------------------------------------------------------------
   CLASS_NAME          NAME        TIME/s  CALLS   AVG/s  PER/%  
-----------------------------------------------------------------
                 total             1.35   17       0.08   100.00 
 Driver          atomic_world      1.35   1        1.35   100.00 
 Driver          reading           0.21   1        0.21   15.81  
 Symmetry        analy_sys         0.04   1        0.04   3.28   
 PW_Basis_Sup    recip2real        0.02   150      0.00   1.21   
 ppcell_vnl      init_vnl          0.01   1        0.01   1.06   
 Relax_Driver    relax_driver      0.80   1        0.80   59.05  
 ESolver_KS      runner            0.80   1        0.80   58.86  
 ESolver_KS_PW   before_scf        0.04   1        0.04   2.59   
 Potential       cal_veff          0.05   21       0.00   3.41   
 PW_Basis_Sup    real2recip        0.02   191      0.00   1.77   
 PotXC           cal_veff          0.04   21       0.00   3.05   
 XC_Functional   v_xc              0.04   21       0.00   3.04   
 Symmetry_rho    begin             0.03   22       0.00   2.09   
 DiagoIterAssist diag_subspace     0.10   58       0.00   7.26   
 Operator        hPsi              0.45   3012     0.00   33.58  
 Operator        veff_pw           0.43   3012     0.00   31.48  
 PW_Basis_K      recip2real        0.24   4430     0.00   17.88  
 PW_Basis_K      real2recip        0.23   3674     0.00   16.67  
 Operator        nonlocal_pw       0.02   3012     0.00   1.84   
 ESolver_KS_PW   hamilt2rho_single 0.61   21       0.03   44.72  
 HSolverPW       solve             0.58   21       0.03   43.10  
 HSolverPW       solve_psik        0.52   63       0.01   38.52  
 DiagoCG         diag_once         0.43   63       0.01   31.82  
 ElecStatePW     psiToRho          0.05   21       0.00   3.54   
 ModuleIO        write_rhog        0.05   1        0.05   3.35   
 ESolver_KS_PW   after_scf         0.02   1        0.02   1.66   
 ModuleIO        write_eig_file    0.02   1        0.02   1.39   
-----------------------------------------------------------------


 START  Time  : Sat May 23 21:37:45 2026
 FINISH Time  : Sat May 23 21:37:46 2026
 TOTAL  Time  : 1
 SEE INFORMATION IN : OUT.autotest/
