Info: Local MPI proc number: 4,OpenMP thread number: 1,Total thread number: 4,Local thread limit: 24
	Command being timed: "/usr/bin/mpirun --bind-to none -np 4 /mnt/d/__Coding__/github/abacus-develop/build_baseline/abacus_pw_para"
	User time (seconds): 7.54
	System time (seconds): 0.33
	Percent of CPU this job got: 271%
	Elapsed (wall clock) time (h:mm:ss or m:ss): 0:02.90
	Average shared text size (kbytes): 0
	Average unshared data size (kbytes): 0
	Average stack size (kbytes): 0
	Average total size (kbytes): 0
	Maximum resident set size (kbytes): 30496
	Average resident set size (kbytes): 0
	Major (requiring I/O) page faults: 335
	Minor (reclaiming a frame) page faults: 20297
	Voluntary context switches: 7372
	Involuntary context switches: 32
	Swaps: 0
	File system inputs: 10536
	File system outputs: 200
	Socket messages sent: 0
	Socket messages received: 0
	Signals delivered: 0
	Page size (bytes): 4096
	Exit status: 0
